Archive member included to satisfy reference by file (symbol)

/Applications/STM32CubeIDE.app/Contents/Eclipse/plugins/com.st.stm32cube.ide.mcu.externaltools.gnu-tools-for-stm32.12.3.rel1.macos64_1.0.200.202406191456/tools/bin/../lib/gcc/arm-none-eabi/12.3.1/../../../../arm-none-eabi/lib/thumb/v7e-m+fp/hard/libc_nano.a(libc_a-exit.o)
                              /Applications/STM32CubeIDE.app/Contents/Eclipse/plugins/com.st.stm32cube.ide.mcu.externaltools.gnu-tools-for-stm32.12.3.rel1.macos64_1.0.200.202406191456/tools/bin/../lib/gcc/arm-none-eabi/12.3.1/../../../../arm-none-eabi/lib/thumb/v7e-m+fp/hard/crt0.o (exit)
/Applications/STM32CubeIDE.app/Contents/Eclipse/plugins/com.st.stm32cube.ide.mcu.externaltools.gnu-tools-for-stm32.12.3.rel1.macos64_1.0.200.202406191456/tools/bin/../lib/gcc/arm-none-eabi/12.3.1/../../../../arm-none-eabi/lib/thumb/v7e-m+fp/hard/libc_nano.a(libc_a-findfp.o)
                              /Applications/STM32CubeIDE.app/Contents/Eclipse/plugins/com.st.stm32cube.ide.mcu.externaltools.gnu-tools-for-stm32.12.3.rel1.macos64_1.0.200.202406191456/tools/bin/../lib/gcc/arm-none-eabi/12.3.1/../../../../arm-none-eabi/lib/thumb/v7e-m+fp/hard/libc_nano.a(libc_a-exit.o) (__stdio_exit_handler)
/Applications/STM32CubeIDE.app/Contents/Eclipse/plugins/com.st.stm32cube.ide.mcu.externaltools.gnu-tools-for-stm32.12.3.rel1.macos64_1.0.200.202406191456/tools/bin/../lib/gcc/arm-none-eabi/12.3.1/../../../../arm-none-eabi/lib/thumb/v7e-m+fp/hard/libc_nano.a(libc_a-fwalk.o)
                              /Applications/STM32CubeIDE.app/Contents/Eclipse/plugins/com.st.stm32cube.ide.mcu.externaltools.gnu-tools-for-stm32.12.3.rel1.macos64_1.0.200.202406191456/tools/bin/../lib/gcc/arm-none-eabi/12.3.1/../../../../arm-none-eabi/lib/thumb/v7e-m+fp/hard/libc_nano.a(libc_a-findfp.o) (_fwalk_sglue)
/Applications/STM32CubeIDE.app/Contents/Eclipse/plugins/com.st.stm32cube.ide.mcu.externaltools.gnu-tools-for-stm32.12.3.rel1.macos64_1.0.200.202406191456/tools/bin/../lib/gcc/arm-none-eabi/12.3.1/../../../../arm-none-eabi/lib/thumb/v7e-m+fp/hard/libc_nano.a(libc_a-memset.o)
                              /Applications/STM32CubeIDE.app/Contents/Eclipse/plugins/com.st.stm32cube.ide.mcu.externaltools.gnu-tools-for-stm32.12.3.rel1.macos64_1.0.200.202406191456/tools/bin/../lib/gcc/arm-none-eabi/12.3.1/../../../../arm-none-eabi/lib/thumb/v7e-m+fp/hard/crt0.o (memset)
/Applications/STM32CubeIDE.app/Contents/Eclipse/plugins/com.st.stm32cube.ide.mcu.externaltools.gnu-tools-for-stm32.12.3.rel1.macos64_1.0.200.202406191456/tools/bin/../lib/gcc/arm-none-eabi/12.3.1/../../../../arm-none-eabi/lib/thumb/v7e-m+fp/hard/libc_nano.a(libc_a-impure.o)
                              /Applications/STM32CubeIDE.app/Contents/Eclipse/plugins/com.st.stm32cube.ide.mcu.externaltools.gnu-tools-for-stm32.12.3.rel1.macos64_1.0.200.202406191456/tools/bin/../lib/gcc/arm-none-eabi/12.3.1/../../../../arm-none-eabi/lib/thumb/v7e-m+fp/hard/libc_nano.a(libc_a-findfp.o) (_impure_data)
/Applications/STM32CubeIDE.app/Contents/Eclipse/plugins/com.st.stm32cube.ide.mcu.externaltools.gnu-tools-for-stm32.12.3.rel1.macos64_1.0.200.202406191456/tools/bin/../lib/gcc/arm-none-eabi/12.3.1/../../../../arm-none-eabi/lib/thumb/v7e-m+fp/hard/libc_nano.a(libc_a-errno.o)
                              ./Core/Src/syscalls.o (__errno)
/Applications/STM32CubeIDE.app/Contents/Eclipse/plugins/com.st.stm32cube.ide.mcu.externaltools.gnu-tools-for-stm32.12.3.rel1.macos64_1.0.200.202406191456/tools/bin/../lib/gcc/arm-none-eabi/12.3.1/../../../../arm-none-eabi/lib/thumb/v7e-m+fp/hard/libc_nano.a(libc_a-init.o)
                              /Applications/STM32CubeIDE.app/Contents/Eclipse/plugins/com.st.stm32cube.ide.mcu.externaltools.gnu-tools-for-stm32.12.3.rel1.macos64_1.0.200.202406191456/tools/bin/../lib/gcc/arm-none-eabi/12.3.1/../../../../arm-none-eabi/lib/thumb/v7e-m+fp/hard/crt0.o (__libc_init_array)
/Applications/STM32CubeIDE.app/Contents/Eclipse/plugins/com.st.stm32cube.ide.mcu.externaltools.gnu-tools-for-stm32.12.3.rel1.macos64_1.0.200.202406191456/tools/bin/../lib/gcc/arm-none-eabi/12.3.1/../../../../arm-none-eabi/lib/thumb/v7e-m+fp/hard/libc_nano.a(libc_a-lock.o)
                              /Applications/STM32CubeIDE.app/Contents/Eclipse/plugins/com.st.stm32cube.ide.mcu.externaltools.gnu-tools-for-stm32.12.3.rel1.macos64_1.0.200.202406191456/tools/bin/../lib/gcc/arm-none-eabi/12.3.1/../../../../arm-none-eabi/lib/thumb/v7e-m+fp/hard/libc_nano.a(libc_a-findfp.o) (__retarget_lock_init_recursive)
/Applications/STM32CubeIDE.app/Contents/Eclipse/plugins/com.st.stm32cube.ide.mcu.externaltools.gnu-tools-for-stm32.12.3.rel1.macos64_1.0.200.202406191456/tools/bin/../lib/gcc/arm-none-eabi/12.3.1/../../../../arm-none-eabi/lib/thumb/v7e-m+fp/hard/libc_nano.a(libc_a-mallocr.o)
[...]
Memory Configuration

Name             Origin             Length             Attributes
RAM              0x20000000         0x00010000         xrw
FLASH            0x08000000         0x00040000         xr
*default*        0x00000000         0xffffffff

Linker script and memory map

LOAD /Applications/STM32CubeIDE.app/Contents/Eclipse/plugins/com.st.stm32cube.ide.mcu.externaltools.gnu-tools-for-stm32.12.3.rel1.macos64_1.0.200.202406191456/tools/bin/../lib/gcc/arm-none-eabi/12.3.1/thumb/v7e-m+fp/hard/crti.o
LOAD /Applications/STM32CubeIDE.app/Contents/Eclipse/plugins/com.st.stm32cube.ide.mcu.externaltools.gnu-tools-for-stm32.12.3.rel1.macos64_1.0.200.202406191456/tools/bin/../lib/gcc/arm-none-eabi/12.3.1/thumb/v7e-m+fp/hard/crtbegin.o
LOAD /Applications/STM32CubeIDE.app/Contents/Eclipse/plugins/com.st.stm32cube.ide.mcu.externaltools.gnu-tools-for-stm32.12.3.rel1.macos64_1.0.200.202406191456/tools/bin/../lib/gcc/arm-none-eabi/12.3.1/../../../../arm-none-eabi/lib/thumb/v7e-m+fp/hard/crt0.o
LOAD ./Core/Src/actuators.o
LOAD ./Core/Src/adc.o
LOAD ./Core/Src/dma.o
LOAD ./Core/Src/gpio.o
LOAD ./Core/Src/i2c.o
LOAD ./Core/Src/main.o
LOAD ./Core/Src/rtc.o
LOAD ./Core/Src/sdio.o
LOAD ./Core/Src/spi.o
LOAD ./Core/Src/stm32f4xx_hal_msp.o
LOAD ./Core/Src/stm32f4xx_it.o
LOAD ./Core/Src/syscalls.o
LOAD ./Core/Src/sysmem.o
LOAD ./Core/Src/system_stm32f4xx.o
LOAD ./Core/Src/tim.o
LOAD ./Core/Src/usart.o
LOAD ./Core/Startup/startup_stm32f401rctx.o
LOAD ./Drivers/STM32F4xx_HAL_Driver/Src/stm32f4xx_hal.o
LOAD ./Drivers/STM32F4xx_HAL_Driver/Src/stm32f4xx_hal_adc.o
LOAD ./Drivers/STM32F4xx_HAL_Driver/Src/stm32f4xx_hal_adc_ex.o
LOAD ./Drivers/STM32F4xx_HAL_Driver/Src/stm32f4xx_hal_cortex.o
LOAD ./Drivers/STM32F4xx_HAL_Driver/Src/stm32f4xx_hal_dma.o
LOAD ./Drivers/STM32F4xx_HAL_Driver/Src/stm32f4xx_hal_dma_ex.o
LOAD ./Drivers/STM32F4xx_HAL_Driver/Src/stm32f4xx_hal_exti.o
LOAD ./Drivers/STM32F4xx_HAL_Driver/Src/stm32f4xx_hal_flash.o
LOAD ./Drivers/STM32F4xx_HAL_Driver/Src/stm32f4xx_hal_flash_ex.o
LOAD ./Drivers/STM32F4xx_HAL_Driver/Src/stm32f4xx_hal_flash_ramfunc.o
LOAD ./Drivers/STM32F4xx_HAL_Driver/Src/stm32f4xx_hal_gpio.o
LOAD ./Drivers/STM32F4xx_HAL_Driver/Src/stm32f4xx_hal_i2c.o
LOAD ./Drivers/STM32F4xx_HAL_Driver/Src/stm32f4xx_hal_i2c_ex.o
LOAD ./Drivers/STM32F4xx_HAL_Driver/Src/stm32f4xx_hal_pwr.o
LOAD ./Drivers/STM32F4xx_HAL_Driver/Src/stm32f4xx_hal_pwr_ex.o
LOAD ./Drivers/STM32F4xx_HAL_Driver/Src/stm32f4xx_hal_rcc.o
LOAD ./Drivers/STM32F4xx_HAL_Driver/Src/stm32f4xx_hal_rcc_ex.o
LOAD ./Drivers/STM32F4xx_HAL_Driver/Src/stm32f4xx_hal_rtc.o
LOAD ./Drivers/STM32F4xx_HAL_Driver/Src/stm32f4xx_hal_rtc_ex.o
LOAD ./Drivers/STM32F4xx_HAL_Driver/Src/stm32f4xx_hal_sd.o
LOAD ./Drivers/STM32F4xx_HAL_Driver/Src/stm32f4xx_hal_spi.o
LOAD ./Drivers/STM32F4xx_HAL_Driver/Src/stm32f4xx_hal_tim.o
LOAD ./Drivers/STM32F4xx_HAL_Driver/Src/stm32f4xx_hal_tim_ex.o
LOAD ./Drivers/STM32F4xx_HAL_Driver/Src/stm32f4xx_hal_uart.o
LOAD ./Drivers/STM32F4xx_HAL_Driver/Src/stm32f4xx_ll_adc.o
LOAD ./Drivers/STM32F4xx_HAL_Driver/Src/stm32f4xx_ll_sdmmc.o
LOAD ./FATFS/App/fatfs.o
LOAD ./FATFS/Target/bsp_driver_sd.o
LOAD ./FATFS/Target/fatfs_platform.o
LOAD ./FATFS/Target/sd_diskio.o
LOAD ./Middlewares/Third_Party/FatFs/src/diskio.o
LOAD ./Middlewares/Third_Party/FatFs/src/ff.o
LOAD ./Middlewares/Third_Party/FatFs/src/ff_gen_drv.o
LOAD ./Middlewares/Third_Party/FatFs/src/option/ccsbcs.o
LOAD ./Middlewares/Third_Party/FatFs/src/option/syscall.o
START GROUP
LOAD /Applications/STM32CubeIDE.app/Contents/Eclipse/plugins/com.st.stm32cube.ide.mcu.externaltools.gnu-tools-for-stm32.12.3.rel1.macos64_1.0.200.202406191456/tools/bin/../lib/gcc/arm-none-eabi/12.3.1/../../../../arm-none-eabi/lib/thumb/v7e-m+fp/hard/libc_nano.a
LOAD /Applications/STM32CubeIDE.app/Contents/Eclipse/plugins/com.st.stm32cube.ide.mcu.externaltools.gnu-tools-for-stm32.12.3.rel1.macos64_1.0.200.202406191456/tools/bin/../lib/gcc/arm-none-eabi/12.3.1/../../../../arm-none-eabi/lib/thumb/v7e-m+fp/hard/libm.a
END GROUP
START GROUP
LOAD /Applications/STM32CubeIDE.app/Contents/Eclipse/plugins/com.st.stm32cube.ide.mcu.externaltools.gnu-tools-for-stm32.12.3.rel1.macos64_1.0.200.202406191456/tools/bin/../lib/gcc/arm-none-eabi/12.3.1/thumb/v7e-m+fp/hard/libgcc.a
LOAD /Applications/STM32CubeIDE.app/Contents/Eclipse/plugins/com.st.stm32cube.ide.mcu.externaltools.gnu-tools-for-stm32.12.3.rel1.macos64_1.0.200.202406191456/tools/bin/../lib/gcc/arm-none-eabi/12.3.1/../../../../arm-none-eabi/lib/thumb/v7e-m+fp/hard/libc_nano.a
END GROUP
START GROUP
LOAD /Applications/STM32CubeIDE.app/Contents/Eclipse/plugins/com.st.stm32cube.ide.mcu.externaltools.gnu-tools-for-stm32.12.3.rel1.macos64_1.0.200.202406191456/tools/bin/../lib/gcc/arm-none-eabi/12.3.1/thumb/v7e-m+fp/hard/libgcc.a
LOAD /Applications/STM32CubeIDE.app/Contents/Eclipse/plugins/com.st.stm32cube.ide.mcu.externaltools.gnu-tools-for-stm32.12.3.rel1.macos64_1.0.200.202406191456/tools/bin/../lib/gcc/arm-none-eabi/12.3.1/../../../../arm-none-eabi/lib/thumb/v7e-m+fp/hard/libc_nano.a
LOAD /Applications/STM32CubeIDE.app/Contents/Eclipse/plugins/com.st.stm32cube.ide.mcu.externaltools.gnu-tools-for-stm32.12.3.rel1.macos64_1.0.200.202406191456/tools/bin/../lib/gcc/arm-none-eabi/12.3.1/../../../../arm-none-eabi/lib/thumb/v7e-m+fp/hard/libnosys.a
END GROUP
START GROUP
LOAD /Applications/STM32CubeIDE.app/Contents/Eclipse/plugins/com.st.stm32cube.ide.mcu.externaltools.gnu-tools-for-stm32.12.3.rel1.macos64_1.0.200.202406191456/tools/bin/../lib/gcc/arm-none-eabi/12.3.1/thumb/v7e-m+fp/hard/libgcc.a
LOAD /Applications/STM32CubeIDE.app/Contents/Eclipse/plugins/com.st.stm32cube.ide.mcu.externaltools.gnu-tools-for-stm32.12.3.rel1.macos64_1.0.200.202406191456/tools/bin/../lib/gcc/arm-none-eabi/12.3.1/../../../../arm-none-eabi/lib/thumb/v7e-m+fp/hard/libc_nano.a
LOAD /Applications/STM32CubeIDE.app/Contents/Eclipse/plugins/com.st.stm32cube.ide.mcu.externaltools.gnu-tools-for-stm32.12.3.rel1.macos64_1.0.200.202406191456/tools/bin/../lib/gcc/arm-none-eabi/12.3.1/../../../../arm-none-eabi/lib/thumb/v7e-m+fp/hard/libnosys.a
END GROUP
LOAD /Applications/STM32CubeIDE.app/Contents/Eclipse/plugins/com.st.stm32cube.ide.mcu.externaltools.gnu-tools-for-stm32.12.3.rel1.macos64_1.0.200.202406191456/tools/bin/../lib/gcc/arm-none-eabi/12.3.1/thumb/v7e-m+fp/hard/crtend.o
LOAD /Applications/STM32CubeIDE.app/Contents/Eclipse/plugins/com.st.stm32cube.ide.mcu.externaltools.gnu-tools-for-stm32.12.3.rel1.macos64_1.0.200.202406191456/tools/bin/../lib/gcc/arm-none-eabi/12.3.1/thumb/v7e-m+fp/hard/crtn.o
                0x20010000                        _estack = (ORIGIN (RAM) + LENGTH (RAM))
                0x00000800                        _Min_Heap_Size = 0x800
                0x00000f00                        _Min_Stack_Size = 0xf00

.isr_vector     0x08000000      0x194
                0x08000000                        . = ALIGN (0x4)
 *(.isr_vector)
 .isr_vector    0x08000000      0x194 ./Core/Startup/startup_stm32f401rctx.o
                0x08000000                g_pfnVectors
                0x08000194                        . = ALIGN (0x4)

.text           0x08000194     0x86c4
                0x08000194                        . = ALIGN (0x4)
 *(.text)
 .text          0x08000194       0x40 /Applications/STM32CubeIDE.app/Contents/Eclipse/plugins/com.st.stm32cube.ide.mcu.externaltools.gnu-tools-for-stm32.12.3.rel1.macos64_1.0.200.202406191456/tools/bin/../lib/gcc/arm-none-eabi/12.3.1/thumb/v7e-m+fp/hard/crtbegin.o
 .text          0x080001d4       0x30 /Applications/STM32CubeIDE.app/Contents/Eclipse/plugins/com.st.stm32cube.ide.mcu.externaltools.gnu-tools-for-stm32.12.3.rel1.macos64_1.0.200.202406191456/tools/bin/../lib/gcc/arm-none-eabi/12.3.1/thumb/v7e-m+fp/hard/libgcc.a(_aeabi_uldivmod.o)
                0x080001d4                __aeabi_uldivmod
 .text          0x08000204      0x2bc /Applications/STM32CubeIDE.app/Contents/Eclipse/plugins/com.st.stm32cube.ide.mcu.externaltools.gnu-tools-for-stm32.12.3.rel1.macos64_1.0.200.202406191456/tools/bin/../lib/gcc/arm-none-eabi/12.3.1/thumb/v7e-m+fp/hard/libgcc.a(_udivmoddi4.o)
                0x08000204                __udivmoddi4
 .text          0x080004c0        0x4 /Applications/STM32CubeIDE.app/Contents/Eclipse/plugins/com.st.stm32cube.ide.mcu.externaltools.gnu-tools-for-stm32.12.3.rel1.macos64_1.0.200.202406191456/tools/bin/../lib/gcc/arm-none-eabi/12.3.1/thumb/v7e-m+fp/hard/libgcc.a(_dvmd_tls.o)
                0x080004c0                __aeabi_ldiv0
                0x080004c0                __aeabi_idiv0
 *(.text*)
 .text.Actuators_Write
                0x080004c4       0x78 ./Core/Src/actuators.o
                0x080004c4                Actuators_Write
 .text.Actuators_SetPin
                0x0800053c       0x3c ./Core/Src/actuators.o
                0x0800053c                Actuators_SetPin
 .text.Actuators_ResetPin
                0x08000578       0x40 ./Core/Src/actuators.o
                0x08000578                Actuators_ResetPin
 .text.Actuators_Update
                0x080005b8       0x18 ./Core/Src/actuators.o
                0x080005b8                Actuators_Update
 .text.MX_ADC1_Init
                0x080005d0       0xa4 ./Core/Src/adc.o
                0x080005d0                MX_ADC1_Init
 .text.HAL_ADC_MspInit
                0x08000674      0x134 ./Core/Src/adc.o
                0x08000674                HAL_ADC_MspInit
 .text.MX_DMA_Init
                0x080007a8       0x60 ./Core/Src/dma.o
                0x080007a8                MX_DMA_Init
 .text.MX_GPIO_Init
                0x08000808      0x1c8 ./Core/Src/gpio.o
                0x08000808                MX_GPIO_Init
 .text.MX_I2C1_Init
                0x080009d0       0x5c ./Core/Src/i2c.o
                0x080009d0                MX_I2C1_Init
 .text.HAL_I2C_MspInit
                0x08000a2c       0x90 ./Core/Src/i2c.o
                0x08000a2c                HAL_I2C_MspInit
 .text.main     0x08000abc       0x84 ./Core/Src/main.o
                0x08000abc                main
 .text.SystemClock_Config
                0x08000b40       0xf0 ./Core/Src/main.o
                0x08000b40                SystemClock_Config
 .text.Error_Handler
                0x08000c30        0xc ./Core/Src/main.o
                0x08000c30                Error_Handler
 .text.MX_RTC_Init
                0x08000c3c      0x108 ./Core/Src/rtc.o
                0x08000c3c                MX_RTC_Init
 .text.HAL_RTC_MspInit
                0x08000d44       0x58 ./Core/Src/rtc.o
                0x08000d44                HAL_RTC_MspInit
 .text.MX_SDIO_SD_Init
                0x08000d9c       0x50 ./Core/Src/sdio.o
                0x08000d9c                MX_SDIO_SD_Init
 .text.HAL_SD_MspInit
                0x08000dec      0x1e0 ./Core/Src/sdio.o
                0x08000dec                HAL_SD_MspInit
 .text.MX_SPI1_Init
                0x08000fcc       0x6c ./Core/Src/spi.o
                0x08000fcc                MX_SPI1_Init
 .text.HAL_SPI_MspInit
                0x08001038       0xa0 ./Core/Src/spi.o
                0x08001038                HAL_SPI_MspInit
 .text.HAL_MspInit
                0x080010d8       0x50 ./Core/Src/stm32f4xx_hal_msp.o
                0x080010d8                HAL_MspInit
 .text.NMI_Handler
                0x08001128        0xc ./Core/Src/stm32f4xx_it.o
                0x08001128                NMI_Handler
 .text.HardFault_Handler
                0x08001134        0x8 ./Core/Src/stm32f4xx_it.o
                0x08001134                HardFault_Handler
 .text.MemManage_Handler
                0x0800113c        0x8 ./Core/Src/stm32f4xx_it.o
                0x0800113c                MemManage_Handler
 .text.BusFault_Handler
                0x08001144        0x8 ./Core/Src/stm32f4xx_it.o
                0x08001144                BusFault_Handler
 .text.UsageFault_Handler
                0x0800114c        0x8 ./Core/Src/stm32f4xx_it.o
                0x0800114c                UsageFault_Handler
 .text.SVC_Handler
                0x08001154        0xe ./Core/Src/stm32f4xx_it.o
                0x08001154                SVC_Handler
 .text.DebugMon_Handler
                0x08001162        0xe ./Core/Src/stm32f4xx_it.o
                0x08001162                DebugMon_Handler
 .text.PendSV_Handler
                0x08001170        0xe ./Core/Src/stm32f4xx_it.o
                0x08001170                PendSV_Handler
 .text.SysTick_Handler
                0x0800117e        0xc ./Core/Src/stm32f4xx_it.o
                0x0800117e                SysTick_Handler
 *fill*         0x0800118a        0x2 
 .text.ADC_IRQHandler
                0x0800118c       0x14 ./Core/Src/stm32f4xx_it.o
                0x0800118c                ADC_IRQHandler
 .text.TIM1_UP_TIM10_IRQHandler
                0x080011a0       0x14 ./Core/Src/stm32f4xx_it.o
                0x080011a0                TIM1_UP_TIM10_IRQHandler
 .text.TIM1_TRG_COM_TIM11_IRQHandler
                0x080011b4       0x14 ./Core/Src/stm32f4xx_it.o
                0x080011b4                TIM1_TRG_COM_TIM11_IRQHandler
 .text.TIM3_IRQHandler
                0x080011c8       0x14 ./Core/Src/stm32f4xx_it.o
                0x080011c8                TIM3_IRQHandler
 .text.SPI1_IRQHandler
                0x080011dc       0x14 ./Core/Src/stm32f4xx_it.o
                0x080011dc                SPI1_IRQHandler
 .text.USART1_IRQHandler
                0x080011f0       0x14 ./Core/Src/stm32f4xx_it.o
                0x080011f0                USART1_IRQHandler
 .text.SDIO_IRQHandler
                0x08001204       0x14 ./Core/Src/stm32f4xx_it.o
                0x08001204                SDIO_IRQHandler
 .text.DMA2_Stream0_IRQHandler
                0x08001218       0x14 ./Core/Src/stm32f4xx_it.o
                0x08001218                DMA2_Stream0_IRQHandler
 .text.DMA2_Stream3_IRQHandler
                0x0800122c       0x14 ./Core/Src/stm32f4xx_it.o
                0x0800122c                DMA2_Stream3_IRQHandler
 .text.DMA2_Stream6_IRQHandler
                0x08001240       0x14 ./Core/Src/stm32f4xx_it.o
                0x08001240                DMA2_Stream6_IRQHandler
 .text.USART6_IRQHandler
                0x08001254       0x14 ./Core/Src/stm32f4xx_it.o
                0x08001254                USART6_IRQHandler
 .text.SystemInit
                0x08001268       0x24 ./Core/Src/system_stm32f4xx.o
                0x08001268                SystemInit
 .text.MX_TIM3_Init
                0x0800128c       0xec ./Core/Src/tim.o
                0x0800128c                MX_TIM3_Init
 .text.MX_TIM10_Init
                0x08001378       0x9c ./Core/Src/tim.o
                0x08001378                MX_TIM10_Init
 .text.MX_TIM11_Init
                0x08001414       0x9c ./Core/Src/tim.o
                0x08001414                MX_TIM11_Init
 .text.HAL_TIM_Base_MspInit
                0x080014b0       0xc8 ./Core/Src/tim.o
                0x080014b0                HAL_TIM_Base_MspInit
 .text.HAL_TIM_MspPostInit
                0x08001578      0x110 ./Core/Src/tim.o
                0x08001578                HAL_TIM_MspPostInit
 .text.MX_USART1_UART_Init
                0x08001688       0x54 ./Core/Src/usart.o
                0x08001688                MX_USART1_UART_Init
 .text.MX_USART6_UART_Init
                0x080016dc       0x54 ./Core/Src/usart.o
                0x080016dc                MX_USART6_UART_Init
 .text.HAL_UART_MspInit
                0x08001730      0x11c ./Core/Src/usart.o
                0x08001730                HAL_UART_MspInit
 .text.Reset_Handler
                0x0800184c       0x50 ./Core/Startup/startup_stm32f401rctx.o
                0x0800184c                Reset_Handler
 .text.Default_Handler
                0x0800189c        0x2 ./Core/Startup/startup_stm32f401rctx.o
                0x0800189c                DMA1_Stream3_IRQHandler
                0x0800189c                EXTI2_IRQHandler
                0x0800189c                SPI4_IRQHandler
                0x0800189c                TIM1_CC_IRQHandler
                0x0800189c                DMA2_Stream5_IRQHandler
                0x0800189c                DMA1_Stream5_IRQHandler
                0x0800189c                PVD_IRQHandler
                0x0800189c                TAMP_STAMP_IRQHandler
                0x0800189c                EXTI3_IRQHandler
                0x0800189c                I2C3_ER_IRQHandler
                0x0800189c                EXTI0_IRQHandler
                0x0800189c                I2C2_EV_IRQHandler
                0x0800189c                DMA1_Stream2_IRQHandler
                0x0800189c                FPU_IRQHandler
                0x0800189c                DMA2_Stream2_IRQHandler
                0x0800189c                TIM1_BRK_TIM9_IRQHandler
                0x0800189c                TIM4_IRQHandler
                0x0800189c                I2C1_EV_IRQHandler
                0x0800189c                DMA1_Stream6_IRQHandler
                0x0800189c                DMA1_Stream1_IRQHandler
                0x0800189c                RCC_IRQHandler
                0x0800189c                Default_Handler
                0x0800189c                EXTI15_10_IRQHandler
                0x0800189c                DMA1_Stream7_IRQHandler
                0x0800189c                TIM5_IRQHandler
                0x0800189c                DMA2_Stream7_IRQHandler
                0x0800189c                I2C3_EV_IRQHandler
                0x0800189c                EXTI9_5_IRQHandler
                0x0800189c                RTC_WKUP_IRQHandler
                0x0800189c                SPI2_IRQHandler
                0x0800189c                DMA1_Stream0_IRQHandler
                0x0800189c                EXTI4_IRQHandler
                0x0800189c                WWDG_IRQHandler
                0x0800189c                TIM2_IRQHandler
                0x0800189c                OTG_FS_WKUP_IRQHandler
                0x0800189c                EXTI1_IRQHandler
                0x0800189c                USART2_IRQHandler
                0x0800189c                I2C2_ER_IRQHandler
                0x0800189c                DMA2_Stream1_IRQHandler
                0x0800189c                FLASH_IRQHandler
                0x0800189c                DMA2_Stream4_IRQHandler
                0x0800189c                OTG_FS_IRQHandler
                0x0800189c                SPI3_IRQHandler
                0x0800189c                DMA1_Stream4_IRQHandler
                0x0800189c                I2C1_ER_IRQHandler
                0x0800189c                RTC_Alarm_IRQHandler
 *fill*         0x0800189e        0x2 
 .text.HAL_Init
                0x080018a0       0x44 ./Drivers/STM32F4xx_HAL_Driver/Src/stm32f4xx_hal.o
                0x080018a0                HAL_Init
 .text.HAL_InitTick
                0x080018e4       0x60 ./Drivers/STM32F4xx_HAL_Driver/Src/stm32f4xx_hal.o
                0x080018e4                HAL_InitTick
 .text.HAL_IncTick
                0x08001944       0x28 ./Drivers/STM32F4xx_HAL_Driver/Src/stm32f4xx_hal.o
                0x08001944                HAL_IncTick
 .text.HAL_GetTick
                0x0800196c       0x18 ./Drivers/STM32F4xx_HAL_Driver/Src/stm32f4xx_hal.o
                0x0800196c                HAL_GetTick
 .text.HAL_Delay
                0x08001984       0x48 ./Drivers/STM32F4xx_HAL_Driver/Src/stm32f4xx_hal.o
                0x08001984                HAL_Delay
 .text.HAL_ADC_Init
                0x080019cc       0x86 ./Drivers/STM32F4xx_HAL_Driver/Src/stm32f4xx_hal_adc.o
                0x080019cc                HAL_ADC_Init
 .text.HAL_ADC_IRQHandler
                0x08001a52      0x220 ./Drivers/STM32F4xx_HAL_Driver/Src/stm32f4xx_hal_adc.o
                0x08001a52                HAL_ADC_IRQHandler
 .text.HAL_ADC_ConvCpltCallback
                0x08001c72       0x14 ./Drivers/STM32F4xx_HAL_Driver/Src/stm32f4xx_hal_adc.o
                0x08001c72                HAL_ADC_ConvCpltCallback
 .text.HAL_ADC_LevelOutOfWindowCallback
                0x08001c86       0x14 ./Drivers/STM32F4xx_HAL_Driver/Src/stm32f4xx_hal_adc.o
                0x08001c86                HAL_ADC_LevelOutOfWindowCallback
 .text.HAL_ADC_ErrorCallback
                0x08001c9a       0x14 ./Drivers/STM32F4xx_HAL_Driver/Src/stm32f4xx_hal_adc.o
                0x08001c9a                HAL_ADC_ErrorCallback
 *fill*         0x08001cae        0x2 
 .text.HAL_ADC_ConfigChannel
                0x08001cb0      0x244 ./Drivers/STM32F4xx_HAL_Driver/Src/stm32f4xx_hal_adc.o
                0x08001cb0                HAL_ADC_ConfigChannel
 .text.ADC_Init
                0x08001ef4      0x1f8 ./Drivers/STM32F4xx_HAL_Driver/Src/stm32f4xx_hal_adc.o
 .text.HAL_ADCEx_InjectedConvCpltCallback
                0x080020ec       0x14 ./Drivers/STM32F4xx_HAL_Driver/Src/stm32f4xx_hal_adc_ex.o
                0x080020ec                HAL_ADCEx_InjectedConvCpltCallback
 .text.__NVIC_SetPriorityGrouping
                0x08002100       0x48 ./Drivers/STM32F4xx_HAL_Driver/Src/stm32f4xx_hal_cortex.o
 .text.__NVIC_GetPriorityGrouping
                0x08002148       0x1c ./Drivers/STM32F4xx_HAL_Driver/Src/stm32f4xx_hal_cortex.o
 .text.__NVIC_EnableIRQ
                0x08002164       0x3c ./Drivers/STM32F4xx_HAL_Driver/Src/stm32f4xx_hal_cortex.o
 .text.__NVIC_SetPriority
                0x080021a0       0x54 ./Drivers/STM32F4xx_HAL_Driver/Src/stm32f4xx_hal_cortex.o
 .text.NVIC_EncodePriority
                0x080021f4       0x66 ./Drivers/STM32F4xx_HAL_Driver/Src/stm32f4xx_hal_cortex.o
 *fill*         0x0800225a        0x2 
 .text.SysTick_Config
                0x0800225c       0x44 ./Drivers/STM32F4xx_HAL_Driver/Src/stm32f4xx_hal_cortex.o
 .text.HAL_NVIC_SetPriorityGrouping
                0x080022a0       0x16 ./Drivers/STM32F4xx_HAL_Driver/Src/stm32f4xx_hal_cortex.o
                0x080022a0                HAL_NVIC_SetPriorityGrouping
 .text.HAL_NVIC_SetPriority
                0x080022b6       0x38 ./Drivers/STM32F4xx_HAL_Driver/Src/stm32f4xx_hal_cortex.o
                0x080022b6                HAL_NVIC_SetPriority
 .text.HAL_NVIC_EnableIRQ
                0x080022ee       0x1c ./Drivers/STM32F4xx_HAL_Driver/Src/stm32f4xx_hal_cortex.o
                0x080022ee                HAL_NVIC_EnableIRQ
 .text.HAL_SYSTICK_Config
                0x0800230a       0x18 ./Drivers/STM32F4xx_HAL_Driver/Src/stm32f4xx_hal_cortex.o
                0x0800230a                HAL_SYSTICK_Config
 *fill*         0x08002322        0x2 
 .text.HAL_DMA_Init
                0x08002324      0x15c ./Drivers/STM32F4xx_HAL_Driver/Src/stm32f4xx_hal_dma.o
                0x08002324                HAL_DMA_Init
 .text.HAL_DMA_Start_IT
                0x08002480       0xb0 ./Drivers/STM32F4xx_HAL_Driver/Src/stm32f4xx_hal_dma.o
                0x08002480                HAL_DMA_Start_IT
 .text.HAL_DMA_Abort
                0x08002530       0xe0 ./Drivers/STM32F4xx_HAL_Driver/Src/stm32f4xx_hal_dma.o
                0x08002530                HAL_DMA_Abort
 .text.HAL_DMA_Abort_IT
                0x08002610       0x44 ./Drivers/STM32F4xx_HAL_Driver/Src/stm32f4xx_hal_dma.o
                0x08002610                HAL_DMA_Abort_IT
 .text.HAL_DMA_IRQHandler
                0x08002654      0x314 ./Drivers/STM32F4xx_HAL_Driver/Src/stm32f4xx_hal_dma.o
                0x08002654                HAL_DMA_IRQHandler
 .text.HAL_DMA_GetError
                0x08002968       0x18 ./Drivers/STM32F4xx_HAL_Driver/Src/stm32f4xx_hal_dma.o
                0x08002968                HAL_DMA_GetError
 .text.DMA_SetConfig
                0x08002980       0x5c ./Drivers/STM32F4xx_HAL_Driver/Src/stm32f4xx_hal_dma.o
 .text.DMA_CalcBaseAndBitshift
                0x080029dc       0x6c ./Drivers/STM32F4xx_HAL_Driver/Src/stm32f4xx_hal_dma.o
 .text.DMA_CheckFifoParam
                0x08002a48       0xf8 ./Drivers/STM32F4xx_HAL_Driver/Src/stm32f4xx_hal_dma.o
 .text.HAL_GPIO_Init
                0x08002b40      0x308 ./Drivers/STM32F4xx_HAL_Driver/Src/stm32f4xx_hal_gpio.o
                0x08002b40                HAL_GPIO_Init
 .text.HAL_GPIO_ReadPin
                0x08002e48       0x30 ./Drivers/STM32F4xx_HAL_Driver/Src/stm32f4xx_hal_gpio.o
                0x08002e48                HAL_GPIO_ReadPin
 .text.HAL_GPIO_WritePin
                0x08002e78       0x32 ./Drivers/STM32F4xx_HAL_Driver/Src/stm32f4xx_hal_gpio.o
                0x08002e78                HAL_GPIO_WritePin
 *fill*         0x08002eaa        0x2 
 .text.HAL_I2C_Init
                0x08002eac      0x288 ./Drivers/STM32F4xx_HAL_Driver/Src/stm32f4xx_hal_i2c.o
                0x08002eac                HAL_I2C_Init
 .text.HAL_RCC_OscConfig
                0x08003134      0x4f0 ./Drivers/STM32F4xx_HAL_Driver/Src/stm32f4xx_hal_rcc.o
                0x08003134                HAL_RCC_OscConfig
 .text.HAL_RCC_ClockConfig
                0x08003624      0x1cc ./Drivers/STM32F4xx_HAL_Driver/Src/stm32f4xx_hal_rcc.o
                0x08003624                HAL_RCC_ClockConfig
 .text.HAL_RCC_MCOConfig
                0x080037f0       0xd0 ./Drivers/STM32F4xx_HAL_Driver/Src/stm32f4xx_hal_rcc.o
                0x080037f0                HAL_RCC_MCOConfig
 .text.HAL_RCC_EnableCSS
                0x080038c0       0x18 ./Drivers/STM32F4xx_HAL_Driver/Src/stm32f4xx_hal_rcc.o
                0x080038c0                HAL_RCC_EnableCSS
 .text.HAL_RCC_GetSysClockFreq
                0x080038d8      0x208 ./Drivers/STM32F4xx_HAL_Driver/Src/stm32f4xx_hal_rcc.o
                0x080038d8                HAL_RCC_GetSysClockFreq
 .text.HAL_RCC_GetHCLKFreq
                0x08003ae0       0x18 ./Drivers/STM32F4xx_HAL_Driver/Src/stm32f4xx_hal_rcc.o
                0x08003ae0                HAL_RCC_GetHCLKFreq
 .text.HAL_RCC_GetPCLK1Freq
                0x08003af8       0x28 ./Drivers/STM32F4xx_HAL_Driver/Src/stm32f4xx_hal_rcc.o
                0x08003af8                HAL_RCC_GetPCLK1Freq
 .text.HAL_RCC_GetPCLK2Freq
                0x08003b20       0x28 ./Drivers/STM32F4xx_HAL_Driver/Src/stm32f4xx_hal_rcc.o
                0x08003b20                HAL_RCC_GetPCLK2Freq
 .text.HAL_RCC_NMI_IRQHandler
                0x08003b48       0x28 ./Drivers/STM32F4xx_HAL_Driver/Src/stm32f4xx_hal_rcc.o
                0x08003b48                HAL_RCC_NMI_IRQHandler
 .text.HAL_RCC_CSSCallback
                0x08003b70        0xe ./Drivers/STM32F4xx_HAL_Driver/Src/stm32f4xx_hal_rcc.o
                0x08003b70                HAL_RCC_CSSCallback
 *fill*         0x08003b7e        0x2 
 .text.HAL_RCCEx_PeriphCLKConfig
                0x08003b80      0x1dc ./Drivers/STM32F4xx_HAL_Driver/Src/stm32f4xx_hal_rcc_ex.o
                0x08003b80                HAL_RCCEx_PeriphCLKConfig
 .text.HAL_RTC_Init
                0x08003d5c      0x106 ./Drivers/STM32F4xx_HAL_Driver/Src/stm32f4xx_hal_rtc.o
                0x08003d5c                HAL_RTC_Init
 .text.HAL_RTC_SetTime
                0x08003e62      0x134 ./Drivers/STM32F4xx_HAL_Driver/Src/stm32f4xx_hal_rtc.o
                0x08003e62                HAL_RTC_SetTime
 .text.HAL_RTC_SetDate
                0x08003f96      0x108 ./Drivers/STM32F4xx_HAL_Driver/Src/stm32f4xx_hal_rtc.o
                0x08003f96                HAL_RTC_SetDate
 *fill*         0x0800409e        0x2 
 .text.HAL_RTC_WaitForSynchro
                0x080040a0       0x4c ./Drivers/STM32F4xx_HAL_Driver/Src/stm32f4xx_hal_rtc.o
                0x080040a0                HAL_RTC_WaitForSynchro
 .text.RTC_EnterInitMode
                0x080040ec       0x6e ./Drivers/STM32F4xx_HAL_Driver/Src/stm32f4xx_hal_rtc.o
                0x080040ec                RTC_EnterInitMode
 .text.RTC_ExitInitMode
                0x0800415a       0x4a ./Drivers/STM32F4xx_HAL_Driver/Src/stm32f4xx_hal_rtc.o
                0x0800415a                RTC_ExitInitMode
 .text.RTC_ByteToBcd2
                0x080041a4       0x3c ./Drivers/STM32F4xx_HAL_Driver/Src/stm32f4xx_hal_rtc.o
                0x080041a4                RTC_ByteToBcd2
 .text.HAL_RTCEx_SetTamper
                0x080041e0       0xba ./Drivers/STM32F4xx_HAL_Driver/Src/stm32f4xx_hal_rtc_ex.o
                0x080041e0                HAL_RTCEx_SetTamper
 .text.HAL_SD_Init
                0x0800429a       0x60 ./Drivers/STM32F4xx_HAL_Driver/Src/stm32f4xx_hal_sd.o
                0x0800429a                HAL_SD_Init
 *fill*         0x080042fa        0x2 
 .text.HAL_SD_InitCard
                0x080042fc      0x100 ./Drivers/STM32F4xx_HAL_Driver/Src/stm32f4xx_hal_sd.o
                0x080042fc                HAL_SD_InitCard
 .text.HAL_SD_ReadBlocks_DMA
                0x080043fc      0x1c4 ./Drivers/STM32F4xx_HAL_Driver/Src/stm32f4xx_hal_sd.o
                0x080043fc                HAL_SD_ReadBlocks_DMA
 .text.HAL_SD_WriteBlocks_DMA
                0x080045c0      0x1cc ./Drivers/STM32F4xx_HAL_Driver/Src/stm32f4xx_hal_sd.o
                0x080045c0                HAL_SD_WriteBlocks_DMA
 .text.HAL_SD_IRQHandler
                0x0800478c      0x30c ./Drivers/STM32F4xx_HAL_Driver/Src/stm32f4xx_hal_sd.o
                0x0800478c                HAL_SD_IRQHandler
 .text.HAL_SD_ErrorCallback
                0x08004a98       0x14 ./Drivers/STM32F4xx_HAL_Driver/Src/stm32f4xx_hal_sd.o
                0x08004a98                HAL_SD_ErrorCallback
 .text.HAL_SD_GetCardCSD
                0x08004aac      0x348 ./Drivers/STM32F4xx_HAL_Driver/Src/stm32f4xx_hal_sd.o
                0x08004aac                HAL_SD_GetCardCSD
 .text.HAL_SD_GetCardInfo
                0x08004df4       0x58 ./Drivers/STM32F4xx_HAL_Driver/Src/stm32f4xx_hal_sd.o
                0x08004df4                HAL_SD_GetCardInfo
 .text.HAL_SD_ConfigWideBusOperation
                0x08004e4c      0x134 ./Drivers/STM32F4xx_HAL_Driver/Src/stm32f4xx_hal_sd.o
                0x08004e4c                HAL_SD_ConfigWideBusOperation
 .text.HAL_SD_GetCardState
                0x08004f80       0x40 ./Drivers/STM32F4xx_HAL_Driver/Src/stm32f4xx_hal_sd.o
                0x08004f80                HAL_SD_GetCardState
 .text.SD_DMATransmitCplt
                0x08004fc0       0x2a ./Drivers/STM32F4xx_HAL_Driver/Src/stm32f4xx_hal_sd.o
 .text.SD_DMAReceiveCplt
                0x08004fea       0x70 ./Drivers/STM32F4xx_HAL_Driver/Src/stm32f4xx_hal_sd.o
 *fill*         0x0800505a        0x2 
 .text.SD_DMAError
                0x0800505c       0xa4 ./Drivers/STM32F4xx_HAL_Driver/Src/stm32f4xx_hal_sd.o
 .text.SD_DMATxAbort
                0x08005100       0x6e ./Drivers/STM32F4xx_HAL_Driver/Src/stm32f4xx_hal_sd.o
 .text.SD_DMARxAbort
                0x0800516e       0x6e ./Drivers/STM32F4xx_HAL_Driver/Src/stm32f4xx_hal_sd.o
 .text.SD_InitCard
                0x080051dc      0x19c ./Drivers/STM32F4xx_HAL_Driver/Src/stm32f4xx_hal_sd.o
 .text.SD_PowerON
                0x08005378      0x11c ./Drivers/STM32F4xx_HAL_Driver/Src/stm32f4xx_hal_sd.o
 .text.SD_SendStatus
                0x08005494       0x50 ./Drivers/STM32F4xx_HAL_Driver/Src/stm32f4xx_hal_sd.o
 .text.SD_WideBus_Enable
                0x080054e4       0x96 ./Drivers/STM32F4xx_HAL_Driver/Src/stm32f4xx_hal_sd.o
 .text.SD_WideBus_Disable
                0x0800557a       0x96 ./Drivers/STM32F4xx_HAL_Driver/Src/stm32f4xx_hal_sd.o
 .text.SD_FindSCR
                0x08005610      0x1b4 ./Drivers/STM32F4xx_HAL_Driver/Src/stm32f4xx_hal_sd.o
 .text.SD_Read_IT
                0x080057c4       0xa2 ./Drivers/STM32F4xx_HAL_Driver/Src/stm32f4xx_hal_sd.o
 .text.SD_Write_IT
                0x08005866       0xaa ./Drivers/STM32F4xx_HAL_Driver/Src/stm32f4xx_hal_sd.o
 .text.HAL_SPI_Init
                0x08005910      0x112 ./Drivers/STM32F4xx_HAL_Driver/Src/stm32f4xx_hal_spi.o
                0x08005910                HAL_SPI_Init
 *fill*         0x08005a22        0x2 
 .text.HAL_SPI_IRQHandler
                0x08005a24      0x1e8 ./Drivers/STM32F4xx_HAL_Driver/Src/stm32f4xx_hal_spi.o
                0x08005a24                HAL_SPI_IRQHandler
 .text.HAL_SPI_ErrorCallback
                0x08005c0c       0x14 ./Drivers/STM32F4xx_HAL_Driver/Src/stm32f4xx_hal_spi.o
                0x08005c0c                HAL_SPI_ErrorCallback
 .text.SPI_DMAAbortOnError
                0x08005c20       0x28 ./Drivers/STM32F4xx_HAL_Driver/Src/stm32f4xx_hal_spi.o
 .text.HAL_TIM_Base_Init
                0x08005c48       0x9e ./Drivers/STM32F4xx_HAL_Driver/Src/stm32f4xx_hal_tim.o
                0x08005c48                HAL_TIM_Base_Init
 .text.HAL_TIM_PWM_Init
                0x08005ce6       0x9e ./Drivers/STM32F4xx_HAL_Driver/Src/stm32f4xx_hal_tim.o
                0x08005ce6                HAL_TIM_PWM_Init
 .text.HAL_TIM_PWM_MspInit
                0x08005d84       0x14 ./Drivers/STM32F4xx_HAL_Driver/Src/stm32f4xx_hal_tim.o
                0x08005d84                HAL_TIM_PWM_MspInit
 .text.HAL_TIM_IRQHandler
                0x08005d98      0x1e0 ./Drivers/STM32F4xx_HAL_Driver/Src/stm32f4xx_hal_tim.o
                0x08005d98                HAL_TIM_IRQHandler
 .text.HAL_TIM_PWM_ConfigChannel
                0x08005f78      0x184 ./Drivers/STM32F4xx_HAL_Driver/Src/stm32f4xx_hal_tim.o
                0x08005f78                HAL_TIM_PWM_ConfigChannel
 .text.HAL_TIM_ConfigClockSource
                0x080060fc      0x18e ./Drivers/STM32F4xx_HAL_Driver/Src/stm32f4xx_hal_tim.o
                0x080060fc                HAL_TIM_ConfigClockSource
 .text.HAL_TIM_PeriodElapsedCallback
                0x0800628a       0x14 ./Drivers/STM32F4xx_HAL_Driver/Src/stm32f4xx_hal_tim.o
                0x0800628a                HAL_TIM_PeriodElapsedCallback
 .text.HAL_TIM_OC_DelayElapsedCallback
                0x0800629e       0x14 ./Drivers/STM32F4xx_HAL_Driver/Src/stm32f4xx_hal_tim.o
                0x0800629e                HAL_TIM_OC_DelayElapsedCallback
 .text.HAL_TIM_IC_CaptureCallback
                0x080062b2       0x14 ./Drivers/STM32F4xx_HAL_Driver/Src/stm32f4xx_hal_tim.o
                0x080062b2                HAL_TIM_IC_CaptureCallback
 .text.HAL_TIM_PWM_PulseFinishedCallback
                0x080062c6       0x14 ./Drivers/STM32F4xx_HAL_Driver/Src/stm32f4xx_hal_tim.o
                0x080062c6                HAL_TIM_PWM_PulseFinishedCallback
 .text.HAL_TIM_TriggerCallback
                0x080062da       0x14 ./Drivers/STM32F4xx_HAL_Driver/Src/stm32f4xx_hal_tim.o
                0x080062da                HAL_TIM_TriggerCallback
 *fill*         0x080062ee        0x2 
 .text.TIM_Base_SetConfig
                0x080062f0      0x118 ./Drivers/STM32F4xx_HAL_Driver/Src/stm32f4xx_hal_tim.o
                0x080062f0                TIM_Base_SetConfig
 .text.TIM_OC1_SetConfig
                0x08006408       0xcc ./Drivers/STM32F4xx_HAL_Driver/Src/stm32f4xx_hal_tim.o
 .text.TIM_OC2_SetConfig
                0x080064d4       0xd8 ./Drivers/STM32F4xx_HAL_Driver/Src/stm32f4xx_hal_tim.o
                0x080064d4                TIM_OC2_SetConfig
 .text.TIM_OC3_SetConfig
                0x080065ac       0xd4 ./Drivers/STM32F4xx_HAL_Driver/Src/stm32f4xx_hal_tim.o
 .text.TIM_OC4_SetConfig
                0x08006680       0xa0 ./Drivers/STM32F4xx_HAL_Driver/Src/stm32f4xx_hal_tim.o
 .text.TIM_TI1_ConfigInputStage
                0x08006720       0x5e ./Drivers/STM32F4xx_HAL_Driver/Src/stm32f4xx_hal_tim.o
 .text.TIM_TI2_ConfigInputStage
                0x0800677e       0x60 ./Drivers/STM32F4xx_HAL_Driver/Src/stm32f4xx_hal_tim.o
 .text.TIM_ITRx_SetConfig
                0x080067de       0x36 ./Drivers/STM32F4xx_HAL_Driver/Src/stm32f4xx_hal_tim.o
 .text.TIM_ETR_SetConfig
                0x08006814       0x40 ./Drivers/STM32F4xx_HAL_Driver/Src/stm32f4xx_hal_tim.o
                0x08006814                TIM_ETR_SetConfig
 .text.HAL_TIMEx_MasterConfigSynchronization
                0x08006854       0xdc ./Drivers/STM32F4xx_HAL_Driver/Src/stm32f4xx_hal_tim_ex.o
                0x08006854                HAL_TIMEx_MasterConfigSynchronization
 .text.HAL_TIMEx_CommutCallback
                0x08006930       0x14 ./Drivers/STM32F4xx_HAL_Driver/Src/stm32f4xx_hal_tim_ex.o
                0x08006930                HAL_TIMEx_CommutCallback
 .text.HAL_TIMEx_BreakCallback
                0x08006944       0x14 ./Drivers/STM32F4xx_HAL_Driver/Src/stm32f4xx_hal_tim_ex.o
                0x08006944                HAL_TIMEx_BreakCallback
 .text.HAL_UART_Init
                0x08006958       0xa0 ./Drivers/STM32F4xx_HAL_Driver/Src/stm32f4xx_hal_uart.o
                0x08006958                HAL_UART_Init
 .text.HAL_UART_IRQHandler
                0x080069f8      0x524 ./Drivers/STM32F4xx_HAL_Driver/Src/stm32f4xx_hal_uart.o
                0x080069f8                HAL_UART_IRQHandler
 .text.HAL_UART_TxCpltCallback
                0x08006f1c       0x14 ./Drivers/STM32F4xx_HAL_Driver/Src/stm32f4xx_hal_uart.o
                0x08006f1c                HAL_UART_TxCpltCallback
 .text.HAL_UART_RxCpltCallback
                0x08006f30       0x14 ./Drivers/STM32F4xx_HAL_Driver/Src/stm32f4xx_hal_uart.o
                0x08006f30                HAL_UART_RxCpltCallback
 .text.HAL_UART_ErrorCallback
                0x08006f44       0x14 ./Drivers/STM32F4xx_HAL_Driver/Src/stm32f4xx_hal_uart.o
                0x08006f44                HAL_UART_ErrorCallback
 .text.HAL_UARTEx_RxEventCallback
                0x08006f58       0x18 ./Drivers/STM32F4xx_HAL_Driver/Src/stm32f4xx_hal_uart.o
                0x08006f58                HAL_UARTEx_RxEventCallback
 .text.UART_EndRxTransfer
                0x08006f70       0xc6 ./Drivers/STM32F4xx_HAL_Driver/Src/stm32f4xx_hal_uart.o
 .text.UART_DMAAbortOnError
                0x08007036       0x28 ./Drivers/STM32F4xx_HAL_Driver/Src/stm32f4xx_hal_uart.o
 .text.UART_Transmit_IT
                0x0800705e       0xa0 ./Drivers/STM32F4xx_HAL_Driver/Src/stm32f4xx_hal_uart.o
 .text.UART_EndTransmit_IT
                0x080070fe       0x30 ./Drivers/STM32F4xx_HAL_Driver/Src/stm32f4xx_hal_uart.o
 .text.UART_Receive_IT
                0x0800712e      0x17c ./Drivers/STM32F4xx_HAL_Driver/Src/stm32f4xx_hal_uart.o
 *fill*         0x080072aa        0x2 
 .text.UART_SetConfig
                0x080072ac      0x4e8 ./Drivers/STM32F4xx_HAL_Driver/Src/stm32f4xx_hal_uart.o
 .text.SDIO_Init
                0x08007794       0x56 ./Drivers/STM32F4xx_HAL_Driver/Src/stm32f4xx_ll_sdmmc.o
                0x08007794                SDIO_Init
 .text.SDIO_ReadFIFO
                0x080077ea       0x1a ./Drivers/STM32F4xx_HAL_Driver/Src/stm32f4xx_ll_sdmmc.o
                0x080077ea                SDIO_ReadFIFO
 .text.SDIO_WriteFIFO
                0x08007804       0x22 ./Drivers/STM32F4xx_HAL_Driver/Src/stm32f4xx_ll_sdmmc.o
                0x08007804                SDIO_WriteFIFO
 .text.SDIO_PowerState_ON
                0x08007826       0x1c ./Drivers/STM32F4xx_HAL_Driver/Src/stm32f4xx_ll_sdmmc.o
                0x08007826                SDIO_PowerState_ON
 .text.SDIO_GetPowerState
                0x08007842       0x1c ./Drivers/STM32F4xx_HAL_Driver/Src/stm32f4xx_ll_sdmmc.o
                0x08007842                SDIO_GetPowerState
 .text.SDIO_SendCommand
                0x0800785e       0x54 ./Drivers/STM32F4xx_HAL_Driver/Src/stm32f4xx_ll_sdmmc.o
                0x0800785e                SDIO_SendCommand
 .text.SDIO_GetCommandResponse
                0x080078b2       0x1a ./Drivers/STM32F4xx_HAL_Driver/Src/stm32f4xx_ll_sdmmc.o
                0x080078b2                SDIO_GetCommandResponse
 .text.SDIO_GetResponse
                0x080078cc       0x26 ./Drivers/STM32F4xx_HAL_Driver/Src/stm32f4xx_ll_sdmmc.o
                0x080078cc                SDIO_GetResponse
 .text.SDIO_ConfigData
                0x080078f2       0x58 ./Drivers/STM32F4xx_HAL_Driver/Src/stm32f4xx_ll_sdmmc.o
                0x080078f2                SDIO_ConfigData
 .text.SDMMC_CmdBlockLength
                0x0800794a       0x44 ./Drivers/STM32F4xx_HAL_Driver/Src/stm32f4xx_ll_sdmmc.o
                0x0800794a                SDMMC_CmdBlockLength
 .text.SDMMC_CmdReadSingleBlock
                0x0800798e       0x44 ./Drivers/STM32F4xx_HAL_Driver/Src/stm32f4xx_ll_sdmmc.o
                0x0800798e                SDMMC_CmdReadSingleBlock
 .text.SDMMC_CmdReadMultiBlock
                0x080079d2       0x44 ./Drivers/STM32F4xx_HAL_Driver/Src/stm32f4xx_ll_sdmmc.o
                0x080079d2                SDMMC_CmdReadMultiBlock
 .text.SDMMC_CmdWriteSingleBlock
                0x08007a16       0x44 ./Drivers/STM32F4xx_HAL_Driver/Src/stm32f4xx_ll_sdmmc.o
                0x08007a16                SDMMC_CmdWriteSingleBlock
 .text.SDMMC_CmdWriteMultiBlock
                0x08007a5a       0x44 ./Drivers/STM32F4xx_HAL_Driver/Src/stm32f4xx_ll_sdmmc.o
                0x08007a5a                SDMMC_CmdWriteMultiBlock
 *fill*         0x08007a9e        0x2 
 .text.SDMMC_CmdStopTransfer
                0x08007aa0       0x44 ./Drivers/STM32F4xx_HAL_Driver/Src/stm32f4xx_ll_sdmmc.o
                0x08007aa0                SDMMC_CmdStopTransfer
 .text.SDMMC_CmdSelDesel
                0x08007ae4       0x46 ./Drivers/STM32F4xx_HAL_Driver/Src/stm32f4xx_ll_sdmmc.o
                0x08007ae4                SDMMC_CmdSelDesel
 .text.SDMMC_CmdGoIdleState
                0x08007b2a       0x3c ./Drivers/STM32F4xx_HAL_Driver/Src/stm32f4xx_ll_sdmmc.o
                0x08007b2a                SDMMC_CmdGoIdleState
 .text.SDMMC_CmdOperCond
                0x08007b66       0x3e ./Drivers/STM32F4xx_HAL_Driver/Src/stm32f4xx_ll_sdmmc.o
                0x08007b66                SDMMC_CmdOperCond
 .text.SDMMC_CmdAppCommand
                0x08007ba4       0x44 ./Drivers/STM32F4xx_HAL_Driver/Src/stm32f4xx_ll_sdmmc.o
                0x08007ba4                SDMMC_CmdAppCommand
 .text.SDMMC_CmdAppOperCommand
                0x08007be8       0x46 ./Drivers/STM32F4xx_HAL_Driver/Src/stm32f4xx_ll_sdmmc.o
                0x08007be8                SDMMC_CmdAppOperCommand
 .text.SDMMC_CmdBusWidth
                0x08007c2e       0x44 ./Drivers/STM32F4xx_HAL_Driver/Src/stm32f4xx_ll_sdmmc.o
                0x08007c2e                SDMMC_CmdBusWidth
 .text.SDMMC_CmdSendSCR
                0x08007c72       0x42 ./Drivers/STM32F4xx_HAL_Driver/Src/stm32f4xx_ll_sdmmc.o
                0x08007c72                SDMMC_CmdSendSCR
 .text.SDMMC_CmdSendCID
                0x08007cb4       0x3c ./Drivers/STM32F4xx_HAL_Driver/Src/stm32f4xx_ll_sdmmc.o
                0x08007cb4                SDMMC_CmdSendCID
 .text.SDMMC_CmdSendCSD
                0x08007cf0       0x3e ./Drivers/STM32F4xx_HAL_Driver/Src/stm32f4xx_ll_sdmmc.o
                0x08007cf0                SDMMC_CmdSendCSD
 .text.SDMMC_CmdSetRelAdd
                0x08007d2e       0x42 ./Drivers/STM32F4xx_HAL_Driver/Src/stm32f4xx_ll_sdmmc.o
                0x08007d2e                SDMMC_CmdSetRelAdd
 .text.SDMMC_CmdSendStatus
                0x08007d70       0x44 ./Drivers/STM32F4xx_HAL_Driver/Src/stm32f4xx_ll_sdmmc.o
                0x08007d70                SDMMC_CmdSendStatus
 .text.SDMMC_GetCmdResp1
                0x08007db4      0x1dc ./Drivers/STM32F4xx_HAL_Driver/Src/stm32f4xx_ll_sdmmc.o
                0x08007db4                SDMMC_GetCmdResp1
 .text.SDMMC_GetCmdResp2
                0x08007f90       0x90 ./Drivers/STM32F4xx_HAL_Driver/Src/stm32f4xx_ll_sdmmc.o
                0x08007f90                SDMMC_GetCmdResp2
 .text.SDMMC_GetCmdResp3
                0x08008020       0x7c ./Drivers/STM32F4xx_HAL_Driver/Src/stm32f4xx_ll_sdmmc.o
                0x08008020                SDMMC_GetCmdResp3
 .text.SDMMC_GetCmdResp6
                0x0800809c       0xec ./Drivers/STM32F4xx_HAL_Driver/Src/stm32f4xx_ll_sdmmc.o
                0x0800809c                SDMMC_GetCmdResp6
 .text.SDMMC_GetCmdResp7
                0x08008188       0x9c ./Drivers/STM32F4xx_HAL_Driver/Src/stm32f4xx_ll_sdmmc.o
                0x08008188                SDMMC_GetCmdResp7
 .text.SDMMC_GetCmdError
                0x08008224       0x58 ./Drivers/STM32F4xx_HAL_Driver/Src/stm32f4xx_ll_sdmmc.o
 .text.MX_FATFS_Init
                0x0800827c       0x24 ./FATFS/App/fatfs.o
                0x0800827c                MX_FATFS_Init
 .text.BSP_SD_Init
                0x080082a0       0x4c ./FATFS/Target/bsp_driver_sd.o
                0x080082a0                BSP_SD_Init
 .text.BSP_SD_ReadBlocks_DMA
                0x080082ec       0x34 ./FATFS/Target/bsp_driver_sd.o
                0x080082ec                BSP_SD_ReadBlocks_DMA
 .text.BSP_SD_WriteBlocks_DMA
                0x08008320       0x34 ./FATFS/Target/bsp_driver_sd.o
                0x08008320                BSP_SD_WriteBlocks_DMA
 .text.BSP_SD_GetCardState
                0x08008354       0x20 ./FATFS/Target/bsp_driver_sd.o
                0x08008354                BSP_SD_GetCardState
 .text.BSP_SD_GetCardInfo
                0x08008374       0x1c ./FATFS/Target/bsp_driver_sd.o
                0x08008374                BSP_SD_GetCardInfo
 .text.HAL_SD_AbortCallback
                0x08008390       0x14 ./FATFS/Target/bsp_driver_sd.o
                0x08008390                HAL_SD_AbortCallback
 .text.HAL_SD_TxCpltCallback
                0x080083a4       0x14 ./FATFS/Target/bsp_driver_sd.o
                0x080083a4                HAL_SD_TxCpltCallback
 .text.HAL_SD_RxCpltCallback
                0x080083b8       0x14 ./FATFS/Target/bsp_driver_sd.o
                0x080083b8                HAL_SD_RxCpltCallback
 .text.BSP_SD_AbortCallback
                0x080083cc        0xe ./FATFS/Target/bsp_driver_sd.o
                0x080083cc                BSP_SD_AbortCallback
 .text.BSP_SD_IsDetected
                0x080083da       0x24 ./FATFS/Target/bsp_driver_sd.o
                0x080083da                BSP_SD_IsDetected
 *fill*         0x080083fe        0x2 
 .text.BSP_PlatformIsDetected
                0x08008400       0x2c ./FATFS/Target/fatfs_platform.o
                0x08008400                BSP_PlatformIsDetected
 .text.SD_CheckStatusWithTimeout
                0x0800842c       0x3a ./FATFS/Target/sd_diskio.o
 *fill*         0x08008466        0x2 
 .text.SD_CheckStatus
                0x08008468       0x3c ./FATFS/Target/sd_diskio.o
 .text.SD_initialize
                0x080084a4       0x38 ./FATFS/Target/sd_diskio.o
                0x080084a4                SD_initialize
 .text.SD_status
                0x080084dc       0x1c ./FATFS/Target/sd_diskio.o
                0x080084dc                SD_status
 .text.SD_read  0x080084f8       0xac ./FATFS/Target/sd_diskio.o
                0x080084f8                SD_read
 .text.SD_write
                0x080085a4       0xac ./FATFS/Target/sd_diskio.o
                0x080085a4                SD_write
 .text.SD_ioctl
                0x08008650       0xb0 ./FATFS/Target/sd_diskio.o
                0x08008650                SD_ioctl
 .text.BSP_SD_WriteCpltCallback
                0x08008700       0x18 ./FATFS/Target/sd_diskio.o
                0x08008700                BSP_SD_WriteCpltCallback
 .text.BSP_SD_ReadCpltCallback
                0x08008718       0x18 ./FATFS/Target/sd_diskio.o
                0x08008718                BSP_SD_ReadCpltCallback
 .text.FATFS_LinkDriverEx
                0x08008730       0x98 ./Middlewares/Third_Party/FatFs/src/ff_gen_drv.o
                0x08008730                FATFS_LinkDriverEx
 .text.FATFS_LinkDriver
                0x080087c8       0x1e ./Middlewares/Third_Party/FatFs/src/ff_gen_drv.o
                0x080087c8                FATFS_LinkDriver
 .text.memset   0x080087e6       0x10 /Applications/STM32CubeIDE.app/Contents/Eclipse/plugins/com.st.stm32cube.ide.mcu.externaltools.gnu-tools-for-stm32.12.3.rel1.macos64_1.0.200.202406191456/tools/bin/../lib/gcc/arm-none-eabi/12.3.1/../../../../arm-none-eabi/lib/thumb/v7e-m+fp/hard/libc_nano.a(libc_a-memset.o)
                0x080087e6                memset
 *fill*         0x080087f6        0x2 
 .text.__libc_init_array
                0x080087f8       0x48 /Applications/STM32CubeIDE.app/Contents/Eclipse/plugins/com.st.stm32cube.ide.mcu.externaltools.gnu-tools-for-stm32.12.3.rel1.macos64_1.0.200.202406191456/tools/bin/../lib/gcc/arm-none-eabi/12.3.1/../../../../arm-none-eabi/lib/thumb/v7e-m+fp/hard/libc_nano.a(libc_a-init.o)
                0x080087f8                __libc_init_array
 *(.glue_7)
 .glue_7        0x08008840        0x0 linker stubs
 *(.glue_7t)
 .glue_7t       0x08008840        0x0 linker stubs
 *(.eh_frame)
 .eh_frame      0x08008840        0x0 /Applications/STM32CubeIDE.app/Contents/Eclipse/plugins/com.st.stm32cube.ide.mcu.externaltools.gnu-tools-for-stm32.12.3.rel1.macos64_1.0.200.202406191456/tools/bin/../lib/gcc/arm-none-eabi/12.3.1/thumb/v7e-m+fp/hard/crtbegin.o
 *(.init)
 .init          0x08008840        0x4 /Applications/STM32CubeIDE.app/Contents/Eclipse/plugins/com.st.stm32cube.ide.mcu.externaltools.gnu-tools-for-stm32.12.3.rel1.macos64_1.0.200.202406191456/tools/bin/../lib/gcc/arm-none-eabi/12.3.1/thumb/v7e-m+fp/hard/crti.o
                0x08008840                _init
 .init          0x08008844        0x8 /Applications/STM32CubeIDE.app/Contents/Eclipse/plugins/com.st.stm32cube.ide.mcu.externaltools.gnu-tools-for-stm32.12.3.rel1.macos64_1.0.200.202406191456/tools/bin/../lib/gcc/arm-none-eabi/12.3.1/thumb/v7e-m+fp/hard/crtn.o
 *(.fini)
 .fini          0x0800884c        0x4 /Applications/STM32CubeIDE.app/Contents/Eclipse/plugins/com.st.stm32cube.ide.mcu.externaltools.gnu-tools-for-stm32.12.3.rel1.macos64_1.0.200.202406191456/tools/bin/../lib/gcc/arm-none-eabi/12.3.1/thumb/v7e-m+fp/hard/crti.o
                0x0800884c                _fini
 .fini          0x08008850        0x8 /Applications/STM32CubeIDE.app/Contents/Eclipse/plugins/com.st.stm32cube.ide.mcu.externaltools.gnu-tools-for-stm32.12.3.rel1.macos64_1.0.200.202406191456/tools/bin/../lib/gcc/arm-none-eabi/12.3.1/thumb/v7e-m+fp/hard/crtn.o
                0x08008858                        . = ALIGN (0x4)
                0x08008858                        _etext = .

.vfp11_veneer   0x08008858        0x0
 .vfp11_veneer  0x08008858        0x0 linker stubs

.v4_bx          0x08008858        0x0
 .v4_bx         0x08008858        0x0 linker stubs

.iplt           0x08008858        0x0
 .iplt          0x08008858        0x0 /Applications/STM32CubeIDE.app/Contents/Eclipse/plugins/com.st.stm32cube.ide.mcu.externaltools.gnu-tools-for-stm32.12.3.rel1.macos64_1.0.200.202406191456/tools/bin/../lib/gcc/arm-none-eabi/12.3.1/thumb/v7e-m+fp/hard/crtbegin.o

.rodata         0x08008858       0x34
                0x08008858                        . = ALIGN (0x4)
 *(.rodata)
 *(.rodata*)
 .rodata.AHBPrescTable
                0x08008858       0x10 ./Core/Src/system_stm32f4xx.o
                0x08008858                AHBPrescTable
 .rodata.APBPrescTable
                0x08008868        0x8 ./Core/Src/system_stm32f4xx.o
                0x08008868                APBPrescTable
 .rodata.flagBitshiftOffset.0
                0x08008870        0x8 ./Drivers/STM32F4xx_HAL_Driver/Src/stm32f4xx_hal_dma.o
 .rodata.SD_Driver
                0x08008878       0x14 ./FATFS/Target/sd_diskio.o
                0x08008878                SD_Driver
                0x0800888c                        . = ALIGN (0x4)

.ARM.extab      0x0800888c        0x0
                0x0800888c                        . = ALIGN (0x4)
 *(.ARM.extab* .gnu.linkonce.armextab.*)
                0x0800888c                        . = ALIGN (0x4)

.ARM            0x0800888c        0x8
                0x0800888c                        . = ALIGN (0x4)
                0x0800888c                        __exidx_start = .
 *(.ARM.exidx*)
 .ARM.exidx     0x0800888c        0x8 /Applications/STM32CubeIDE.app/Contents/Eclipse/plugins/com.st.stm32cube.ide.mcu.externaltools.gnu-tools-for-stm32.12.3.rel1.macos64_1.0.200.202406191456/tools/bin/../lib/gcc/arm-none-eabi/12.3.1/thumb/v7e-m+fp/hard/libgcc.a(_udivmoddi4.o)
                0x08008894                        __exidx_end = .
                0x08008894                        . = ALIGN (0x4)

.preinit_array  0x08008894        0x0
                0x08008894                        . = ALIGN (0x4)
                0x08008894                        PROVIDE (__preinit_array_start = .)
 *(.preinit_array*)
                0x08008894                        PROVIDE (__preinit_array_end = .)
                0x08008894                        . = ALIGN (0x4)

.init_array     0x08008894        0x4
                0x08008894                        . = ALIGN (0x4)
                0x08008894                        PROVIDE (__init_array_start = .)
 *(SORT_BY_NAME(.init_array.*))
 *(.init_array*)
 .init_array    0x08008894        0x4 /Applications/STM32CubeIDE.app/Contents/Eclipse/plugins/com.st.stm32cube.ide.mcu.externaltools.gnu-tools-for-stm32.12.3.rel1.macos64_1.0.200.202406191456/tools/bin/../lib/gcc/arm-none-eabi/12.3.1/thumb/v7e-m+fp/hard/crtbegin.o
                0x08008898                        PROVIDE (__init_array_end = .)
                0x08008898                        . = ALIGN (0x4)

.fini_array     0x08008898        0x4
                0x08008898                        . = ALIGN (0x4)
                [!provide]                        PROVIDE (__fini_array_start = .)
 *(SORT_BY_NAME(.fini_array.*))
 *(.fini_array*)
 .fini_array    0x08008898        0x4 /Applications/STM32CubeIDE.app/Contents/Eclipse/plugins/com.st.stm32cube.ide.mcu.externaltools.gnu-tools-for-stm32.12.3.rel1.macos64_1.0.200.202406191456/tools/bin/../lib/gcc/arm-none-eabi/12.3.1/thumb/v7e-m+fp/hard/crtbegin.o
                [!provide]                        PROVIDE (__fini_array_end = .)
                0x0800889c                        . = ALIGN (0x4)
                0x0800889c                        _sidata = LOADADDR (.data)

.rel.dyn        0x0800889c        0x0
 .rel.iplt      0x0800889c        0x0 /Applications/STM32CubeIDE.app/Contents/Eclipse/plugins/com.st.stm32cube.ide.mcu.externaltools.gnu-tools-for-stm32.12.3.rel1.macos64_1.0.200.202406191456/tools/bin/../lib/gcc/arm-none-eabi/12.3.1/thumb/v7e-m+fp/hard/crtbegin.o

.data           0x20000000        0xc load address 0x0800889c
                0x20000000                        . = ALIGN (0x4)
                0x20000000                        _sdata = .
 *(.data)
 *(.data*)
 .data.SystemCoreClock
                0x20000000        0x4 ./Core/Src/system_stm32f4xx.o
                0x20000000                SystemCoreClock
 .data.uwTickPrio
                0x20000004        0x4 ./Drivers/STM32F4xx_HAL_Driver/Src/stm32f4xx_hal.o
                0x20000004                uwTickPrio
 .data.uwTickFreq
                0x20000008        0x1 ./Drivers/STM32F4xx_HAL_Driver/Src/stm32f4xx_hal.o
                0x20000008                uwTickFreq
 .data.Stat     0x20000009        0x1 ./FATFS/Target/sd_diskio.o
 *(.RamFunc)
 *(.RamFunc*)
                0x2000000c                        . = ALIGN (0x4)
 *fill*         0x2000000a        0x2 
                0x2000000c                        _edata = .

.igot.plt       0x2000000c        0x0 load address 0x080088a8
 .igot.plt      0x2000000c        0x0 /Applications/STM32CubeIDE.app/Contents/Eclipse/plugins/com.st.stm32cube.ide.mcu.externaltools.gnu-tools-for-stm32.12.3.rel1.macos64_1.0.200.202406191456/tools/bin/../lib/gcc/arm-none-eabi/12.3.1/thumb/v7e-m+fp/hard/crtbegin.o
                0x2000000c                        . = ALIGN (0x4)

.bss            0x2000000c      0x460 load address 0x080088a8
                0x2000000c                        _sbss = .
                0x2000000c                        __bss_start__ = _sbss
 *(.bss)
 .bss           0x2000000c       0x1c /Applications/STM32CubeIDE.app/Contents/Eclipse/plugins/com.st.stm32cube.ide.mcu.externaltools.gnu-tools-for-stm32.12.3.rel1.macos64_1.0.200.202406191456/tools/bin/../lib/gcc/arm-none-eabi/12.3.1/thumb/v7e-m+fp/hard/crtbegin.o
 *(.bss*)
 .bss.actuatorsData
                0x20000028        0x1 ./Core/Src/actuators.o
 *fill*         0x20000029        0x3 
 .bss.hadc1     0x2000002c       0x48 ./Core/Src/adc.o
                0x2000002c                hadc1
 .bss.hdma_adc1
                0x20000074       0x60 ./Core/Src/adc.o
                0x20000074                hdma_adc1
 .bss.hi2c1     0x200000d4       0x54 ./Core/Src/i2c.o
                0x200000d4                hi2c1
 .bss.hrtc      0x20000128       0x20 ./Core/Src/rtc.o
                0x20000128                hrtc
 .bss.hsd       0x20000148       0x84 ./Core/Src/sdio.o
                0x20000148                hsd
 .bss.hdma_sdio_rx
                0x200001cc       0x60 ./Core/Src/sdio.o
                0x200001cc                hdma_sdio_rx
 .bss.hdma_sdio_tx
                0x2000022c       0x60 ./Core/Src/sdio.o
                0x2000022c                hdma_sdio_tx
 .bss.hspi1     0x2000028c       0x58 ./Core/Src/spi.o
                0x2000028c                hspi1
 .bss.htim3     0x200002e4       0x48 ./Core/Src/tim.o
                0x200002e4                htim3
 .bss.htim10    0x2000032c       0x48 ./Core/Src/tim.o
                0x2000032c                htim10
 .bss.htim11    0x20000374       0x48 ./Core/Src/tim.o
                0x20000374                htim11
 .bss.huart1    0x200003bc       0x48 ./Core/Src/usart.o
                0x200003bc                huart1
 .bss.huart6    0x20000404       0x48 ./Core/Src/usart.o
                0x20000404                huart6
 .bss.uwTick    0x2000044c        0x4 ./Drivers/STM32F4xx_HAL_Driver/Src/stm32f4xx_hal.o
                0x2000044c                uwTick
 .bss.retSD     0x20000450        0x1 ./FATFS/App/fatfs.o
                0x20000450                retSD
 *fill*         0x20000451        0x3 
 .bss.SDPath    0x20000454        0x4 ./FATFS/App/fatfs.o
                0x20000454                SDPath
 .bss.WriteStatus
                0x20000458        0x4 ./FATFS/Target/sd_diskio.o
 .bss.ReadStatus
                0x2000045c        0x4 ./FATFS/Target/sd_diskio.o
 .bss.disk      0x20000460        0xc ./Middlewares/Third_Party/FatFs/src/ff_gen_drv.o
                0x20000460                disk
 *(COMMON)
                0x2000046c                        . = ALIGN (0x4)
                0x2000046c                        _ebss = .
                0x2000046c                        __bss_end__ = _ebss

._user_heap_stack
                0x2000046c     0x1704 load address 0x080088a8
                0x20000470                        . = ALIGN (0x8)
 *fill*         0x2000046c        0x4 
                [!provide]                        PROVIDE (end = .)
                0x20000470                        PROVIDE (_end = .)
                0x20000c70                        . = (. + _Min_Heap_Size)
 *fill*         0x20000470      0x800 
                0x20001b70                        . = (. + _Min_Stack_Size)
 *fill*         0x20000c70      0xf00 
                0x20001b70                        . = ALIGN (0x8)

/DISCARD/
 libc.a(*)
 libm.a(*)
 libgcc.a(*)

.ARM.attributes
                0x00000000       0x30
 *(.ARM.attributes)
 .ARM.attributes
                0x00000000       0x22 /Applications/STM32CubeIDE.app/Contents/Eclipse/plugins/com.st.stm32cube.ide.mcu.externaltools.gnu-tools-for-stm32.12.3.rel1.macos64_1.0.200.202406191456/tools/bin/../lib/gcc/arm-none-eabi/12.3.1/thumb/v7e-m+fp/hard/crti.o
 .ARM.attributes
                0x00000022       0x34 /Applications/STM32CubeIDE.app/Contents/Eclipse/plugins/com.st.stm32cube.ide.mcu.externaltools.gnu-tools-for-stm32.12.3.rel1.macos64_1.0.200.202406191456/tools/bin/../lib/gcc/arm-none-eabi/12.3.1/thumb/v7e-m+fp/hard/crtbegin.o
 .ARM.attributes
                0x00000056       0x34 ./Core/Src/actuators.o
 .ARM.attributes
                0x0000008a       0x34 ./Core/Src/adc.o
 .ARM.attributes
                0x000000be       0x34 ./Core/Src/dma.o
 .ARM.attributes
                0x000000f2       0x34 ./Core/Src/gpio.o
 .ARM.attributes
                0x00000126       0x34 ./Core/Src/i2c.o
 .ARM.attributes
                0x0000015a       0x34 ./Core/Src/main.o
 .ARM.attributes
                0x0000018e       0x34 ./Core/Src/rtc.o
 .ARM.attributes
                0x000001c2       0x34 ./Core/Src/sdio.o
 .ARM.attributes
                0x000001f6       0x34 ./Core/Src/spi.o
 .ARM.attributes
                0x0000022a       0x34 ./Core/Src/stm32f4xx_hal_msp.o
 .ARM.attributes
                0x0000025e       0x34 ./Core/Src/stm32f4xx_it.o
 .ARM.attributes
                0x00000292       0x34 ./Core/Src/system_stm32f4xx.o
 .ARM.attributes
                0x000002c6       0x34 ./Core/Src/tim.o
 .ARM.attributes
                0x000002fa       0x34 ./Core/Src/usart.o
 .ARM.attributes
                0x0000032e       0x21 ./Core/Startup/startup_stm32f401rctx.o
 .ARM.attributes
                0x0000034f       0x34 ./Drivers/STM32F4xx_HAL_Driver/Src/stm32f4xx_hal.o
 .ARM.attributes
                0x00000383       0x34 ./Drivers/STM32F4xx_HAL_Driver/Src/stm32f4xx_hal_adc.o
 .ARM.attributes
                0x000003b7       0x34 ./Drivers/STM32F4xx_HAL_Driver/Src/stm32f4xx_hal_adc_ex.o
 .ARM.attributes
                0x000003eb       0x34 ./Drivers/STM32F4xx_HAL_Driver/Src/stm32f4xx_hal_cortex.o
 .ARM.attributes
                0x0000041f       0x34 ./Drivers/STM32F4xx_HAL_Driver/Src/stm32f4xx_hal_dma.o
 .ARM.attributes
                0x00000453       0x34 ./Drivers/STM32F4xx_HAL_Driver/Src/stm32f4xx_hal_gpio.o
 .ARM.attributes
                0x00000487       0x34 ./Drivers/STM32F4xx_HAL_Driver/Src/stm32f4xx_hal_i2c.o
 .ARM.attributes
                0x000004bb       0x34 ./Drivers/STM32F4xx_HAL_Driver/Src/stm32f4xx_hal_rcc.o
 .ARM.attributes
                0x000004ef       0x34 ./Drivers/STM32F4xx_HAL_Driver/Src/stm32f4xx_hal_rcc_ex.o
 .ARM.attributes
                0x00000523       0x34 ./Drivers/STM32F4xx_HAL_Driver/Src/stm32f4xx_hal_rtc.o
 .ARM.attributes
                0x00000557       0x34 ./Drivers/STM32F4xx_HAL_Driver/Src/stm32f4xx_hal_rtc_ex.o
 .ARM.attributes
                0x0000058b       0x34 ./Drivers/STM32F4xx_HAL_Driver/Src/stm32f4xx_hal_sd.o
 .ARM.attributes
                0x000005bf       0x34 ./Drivers/STM32F4xx_HAL_Driver/Src/stm32f4xx_hal_spi.o
 .ARM.attributes
                0x000005f3       0x34 ./Drivers/STM32F4xx_HAL_Driver/Src/stm32f4xx_hal_tim.o
 .ARM.attributes
                0x00000627       0x34 ./Drivers/STM32F4xx_HAL_Driver/Src/stm32f4xx_hal_tim_ex.o
 .ARM.attributes
                0x0000065b       0x34 ./Drivers/STM32F4xx_HAL_Driver/Src/stm32f4xx_hal_uart.o
 .ARM.attributes
                0x0000068f       0x34 ./Drivers/STM32F4xx_HAL_Driver/Src/stm32f4xx_ll_sdmmc.o
 .ARM.attributes
                0x000006c3       0x34 ./FATFS/App/fatfs.o
 .ARM.attributes
                0x000006f7       0x34 ./FATFS/Target/bsp_driver_sd.o
 .ARM.attributes
                0x0000072b       0x34 ./FATFS/Target/fatfs_platform.o
 .ARM.attributes
                0x0000075f       0x34 ./FATFS/Target/sd_diskio.o
 .ARM.attributes
                0x00000793       0x34 ./Middlewares/Third_Party/FatFs/src/ff_gen_drv.o
 .ARM.attributes
                0x000007c7       0x34 /Applications/STM32CubeIDE.app/Contents/Eclipse/plugins/com.st.stm32cube.ide.mcu.externaltools.gnu-tools-for-stm32.12.3.rel1.macos64_1.0.200.202406191456/tools/bin/../lib/gcc/arm-none-eabi/12.3.1/../../../../arm-none-eabi/lib/thumb/v7e-m+fp/hard/libc_nano.a(libc_a-memset.o)
 .ARM.attributes
                0x000007fb       0x34 /Applications/STM32CubeIDE.app/Contents/Eclipse/plugins/com.st.stm32cube.ide.mcu.externaltools.gnu-tools-for-stm32.12.3.rel1.macos64_1.0.200.202406191456/tools/bin/../lib/gcc/arm-none-eabi/12.3.1/../../../../arm-none-eabi/lib/thumb/v7e-m+fp/hard/libc_nano.a(libc_a-init.o)
 .ARM.attributes
                0x0000082f       0x22 /Applications/STM32CubeIDE.app/Contents/Eclipse/plugins/com.st.stm32cube.ide.mcu.externaltools.gnu-tools-for-stm32.12.3.rel1.macos64_1.0.200.202406191456/tools/bin/../lib/gcc/arm-none-eabi/12.3.1/thumb/v7e-m+fp/hard/libgcc.a(_aeabi_uldivmod.o)
 .ARM.attributes
                0x00000851       0x34 /Applications/STM32CubeIDE.app/Contents/Eclipse/plugins/com.st.stm32cube.ide.mcu.externaltools.gnu-tools-for-stm32.12.3.rel1.macos64_1.0.200.202406191456/tools/bin/../lib/gcc/arm-none-eabi/12.3.1/thumb/v7e-m+fp/hard/libgcc.a(_udivmoddi4.o)
 .ARM.attributes
                0x00000885       0x22 /Applications/STM32CubeIDE.app/Contents/Eclipse/plugins/com.st.stm32cube.ide.mcu.externaltools.gnu-tools-for-stm32.12.3.rel1.macos64_1.0.200.202406191456/tools/bin/../lib/gcc/arm-none-eabi/12.3.1/thumb/v7e-m+fp/hard/libgcc.a(_dvmd_tls.o)
 .ARM.attributes
                0x000008a7       0x22 /Applications/STM32CubeIDE.app/Contents/Eclipse/plugins/com.st.stm32cube.ide.mcu.externaltools.gnu-tools-for-stm32.12.3.rel1.macos64_1.0.200.202406191456/tools/bin/../lib/gcc/arm-none-eabi/12.3.1/thumb/v7e-m+fp/hard/crtn.o
OUTPUT(Firmware-Horus.elf elf32-littlearm)
LOAD linker stubs
LOAD /Applications/STM32CubeIDE.app/Contents/Eclipse/plugins/com.st.stm32cube.ide.mcu.externaltools.gnu-tools-for-stm32.12.3.rel1.macos64_1.0.200.202406191456/tools/bin/../lib/gcc/arm-none-eabi/12.3.1/../../../../arm-none-eabi/lib/thumb/v7e-m+fp/hard/libc.a
LOAD /Applications/STM32CubeIDE.app/Contents/Eclipse/plugins/com.st.stm32cube.ide.mcu.externaltools.gnu-tools-for-stm32.12.3.rel1.macos64_1.0.200.202406191456/tools/bin/../lib/gcc/arm-none-eabi/12.3.1/../../../../arm-none-eabi/lib/thumb/v7e-m+fp/hard/libm.a
LOAD /Applications/STM32CubeIDE.app/Contents/Eclipse/plugins/com.st.stm32cube.ide.mcu.externaltools.gnu-tools-for-stm32.12.3.rel1.macos64_1.0.200.202406191456/tools/bin/../lib/gcc/arm-none-eabi/12.3.1/thumb/v7e-m+fp/hard/libgcc.a

.debug_info     0x00000000    0x1d2b2
 .debug_info    0x00000000      0x291 ./Core/Src/actuators.o
 .debug_info    0x00000291      0xbfc ./Core/Src/adc.o
 .debug_info    0x00000e8d      0x43f ./Core/Src/dma.o
 .debug_info    0x000012cc      0x467 ./Core/Src/gpio.o
 .debug_info    0x00001733      0x9a5 ./Core/Src/i2c.o
 .debug_info    0x000020d8      0x6de ./Core/Src/main.o
 .debug_info    0x000027b6      0x759 ./Core/Src/rtc.o
 .debug_info    0x00002f0f      0xcd9 ./Core/Src/sdio.o
 .debug_info    0x00003be8      0xb50 ./Core/Src/spi.o
 .debug_info    0x00004738      0x291 ./Core/Src/stm32f4xx_hal_msp.o
 .debug_info    0x000049c9     0x133b ./Core/Src/stm32f4xx_it.o
 .debug_info    0x00005d04      0x53e ./Core/Src/system_stm32f4xx.o
 .debug_info    0x00006242      0xece ./Core/Src/tim.o
 .debug_info    0x00007110      0xb80 ./Core/Src/usart.o
 .debug_info    0x00007c90       0x30 ./Core/Startup/startup_stm32f401rctx.o
 .debug_info    0x00007cc0      0x8bb ./Drivers/STM32F4xx_HAL_Driver/Src/stm32f4xx_hal.o
 .debug_info    0x0000857b      0xcd1 ./Drivers/STM32F4xx_HAL_Driver/Src/stm32f4xx_hal_adc.o
 .debug_info    0x0000924c      0xb56 ./Drivers/STM32F4xx_HAL_Driver/Src/stm32f4xx_hal_adc_ex.o
 .debug_info    0x00009da2      0xcc1 ./Drivers/STM32F4xx_HAL_Driver/Src/stm32f4xx_hal_cortex.o
 .debug_info    0x0000aa63      0x8e6 ./Drivers/STM32F4xx_HAL_Driver/Src/stm32f4xx_hal_dma.o
 .debug_info    0x0000b349      0x6f9 ./Drivers/STM32F4xx_HAL_Driver/Src/stm32f4xx_hal_gpio.o
 .debug_info    0x0000ba42     0x2426 ./Drivers/STM32F4xx_HAL_Driver/Src/stm32f4xx_hal_i2c.o
 .debug_info    0x0000de68      0x8f3 ./Drivers/STM32F4xx_HAL_Driver/Src/stm32f4xx_hal_rcc.o
 .debug_info    0x0000e75b      0x574 ./Drivers/STM32F4xx_HAL_Driver/Src/stm32f4xx_hal_rcc_ex.o
 .debug_info    0x0000eccf      0xc43 ./Drivers/STM32F4xx_HAL_Driver/Src/stm32f4xx_hal_rtc.o
 .debug_info    0x0000f912      0xe57 ./Drivers/STM32F4xx_HAL_Driver/Src/stm32f4xx_hal_rtc_ex.o
 .debug_info    0x00010769     0x1c12 ./Drivers/STM32F4xx_HAL_Driver/Src/stm32f4xx_hal_sd.o
 .debug_info    0x0001237b     0x1606 ./Drivers/STM32F4xx_HAL_Driver/Src/stm32f4xx_hal_spi.o
 .debug_info    0x00013981     0x2996 ./Drivers/STM32F4xx_HAL_Driver/Src/stm32f4xx_hal_tim.o
 .debug_info    0x00016317     0x14d4 ./Drivers/STM32F4xx_HAL_Driver/Src/stm32f4xx_hal_tim_ex.o
 .debug_info    0x000177eb     0x2f56 ./Drivers/STM32F4xx_HAL_Driver/Src/stm32f4xx_hal_uart.o
 .debug_info    0x0001a741     0x10c4 ./Drivers/STM32F4xx_HAL_Driver/Src/stm32f4xx_ll_sdmmc.o
 .debug_info    0x0001b805      0x508 ./FATFS/App/fatfs.o
 .debug_info    0x0001bd0d      0xaf1 ./FATFS/Target/bsp_driver_sd.o
 .debug_info    0x0001c7fe      0x1cc ./FATFS/Target/fatfs_platform.o
 .debug_info    0x0001c9ca      0x569 ./FATFS/Target/sd_diskio.o
 .debug_info    0x0001cf33      0x37f ./Middlewares/Third_Party/FatFs/src/ff_gen_drv.o

.debug_abbrev   0x00000000     0x4942
 .debug_abbrev  0x00000000      0x178 ./Core/Src/actuators.o
 .debug_abbrev  0x00000178      0x223 ./Core/Src/adc.o
 .debug_abbrev  0x0000039b      0x10e ./Core/Src/dma.o
 .debug_abbrev  0x000004a9      0x151 ./Core/Src/gpio.o
 .debug_abbrev  0x000005fa      0x1f0 ./Core/Src/i2c.o
 .debug_abbrev  0x000007ea      0x22a ./Core/Src/main.o
 .debug_abbrev  0x00000a14      0x196 ./Core/Src/rtc.o
 .debug_abbrev  0x00000baa      0x22a ./Core/Src/sdio.o
 .debug_abbrev  0x00000dd4      0x210 ./Core/Src/spi.o
 .debug_abbrev  0x00000fe4       0xd8 ./Core/Src/stm32f4xx_hal_msp.o
 .debug_abbrev  0x000010bc      0x1ec ./Core/Src/stm32f4xx_it.o
 .debug_abbrev  0x000012a8      0x11a ./Core/Src/system_stm32f4xx.o
 .debug_abbrev  0x000013c2      0x269 ./Core/Src/tim.o
 .debug_abbrev  0x0000162b      0x21d ./Core/Src/usart.o
 .debug_abbrev  0x00001848       0x24 ./Core/Startup/startup_stm32f401rctx.o
 .debug_abbrev  0x0000186c      0x24b ./Drivers/STM32F4xx_HAL_Driver/Src/stm32f4xx_hal.o
 .debug_abbrev  0x00001ab7      0x20e ./Drivers/STM32F4xx_HAL_Driver/Src/stm32f4xx_hal_adc.o
 .debug_abbrev  0x00001cc5      0x22c ./Drivers/STM32F4xx_HAL_Driver/Src/stm32f4xx_hal_adc_ex.o
 .debug_abbrev  0x00001ef1      0x328 ./Drivers/STM32F4xx_HAL_Driver/Src/stm32f4xx_hal_cortex.o
 .debug_abbrev  0x00002219      0x221 ./Drivers/STM32F4xx_HAL_Driver/Src/stm32f4xx_hal_dma.o
 .debug_abbrev  0x0000243a      0x1d3 ./Drivers/STM32F4xx_HAL_Driver/Src/stm32f4xx_hal_gpio.o
 .debug_abbrev  0x0000260d      0x2bc ./Drivers/STM32F4xx_HAL_Driver/Src/stm32f4xx_hal_i2c.o
 .debug_abbrev  0x000028c9      0x2b5 ./Drivers/STM32F4xx_HAL_Driver/Src/stm32f4xx_hal_rcc.o
 .debug_abbrev  0x00002b7e      0x1af ./Drivers/STM32F4xx_HAL_Driver/Src/stm32f4xx_hal_rcc_ex.o
 .debug_abbrev  0x00002d2d      0x1fb ./Drivers/STM32F4xx_HAL_Driver/Src/stm32f4xx_hal_rtc.o
 .debug_abbrev  0x00002f28      0x216 ./Drivers/STM32F4xx_HAL_Driver/Src/stm32f4xx_hal_rtc_ex.o
 .debug_abbrev  0x0000313e      0x292 ./Drivers/STM32F4xx_HAL_Driver/Src/stm32f4xx_hal_sd.o
 .debug_abbrev  0x000033d0      0x280 ./Drivers/STM32F4xx_HAL_Driver/Src/stm32f4xx_hal_spi.o
 .debug_abbrev  0x00003650      0x28b ./Drivers/STM32F4xx_HAL_Driver/Src/stm32f4xx_hal_tim.o
 .debug_abbrev  0x000038db      0x296 ./Drivers/STM32F4xx_HAL_Driver/Src/stm32f4xx_hal_tim_ex.o
 .debug_abbrev  0x00003b71      0x31b ./Drivers/STM32F4xx_HAL_Driver/Src/stm32f4xx_hal_uart.o
 .debug_abbrev  0x00003e8c      0x1d6 ./Drivers/STM32F4xx_HAL_Driver/Src/stm32f4xx_ll_sdmmc.o
 .debug_abbrev  0x00004062      0x15e ./FATFS/App/fatfs.o
 .debug_abbrev  0x000041c0      0x2b1 ./FATFS/Target/bsp_driver_sd.o
 .debug_abbrev  0x00004471      0x107 ./FATFS/Target/fatfs_platform.o
 .debug_abbrev  0x00004578      0x22b ./FATFS/Target/sd_diskio.o
 .debug_abbrev  0x000047a3      0x19f ./Middlewares/Third_Party/FatFs/src/ff_gen_drv.o

.debug_aranges  0x00000000     0x1ab8
 .debug_aranges
                0x00000000       0x38 ./Core/Src/actuators.o
 .debug_aranges
                0x00000038       0x30 ./Core/Src/adc.o
 .debug_aranges
                0x00000068       0x20 ./Core/Src/dma.o
 .debug_aranges
                0x00000088       0x20 ./Core/Src/gpio.o
 .debug_aranges
                0x000000a8       0x30 ./Core/Src/i2c.o
 .debug_aranges
                0x000000d8       0x30 ./Core/Src/main.o
 .debug_aranges
                0x00000108       0x30 ./Core/Src/rtc.o
 .debug_aranges
                0x00000138       0x30 ./Core/Src/sdio.o
 .debug_aranges
                0x00000168       0x30 ./Core/Src/spi.o
 .debug_aranges
                0x00000198       0x20 ./Core/Src/stm32f4xx_hal_msp.o
 .debug_aranges
                0x000001b8       0xb8 ./Core/Src/stm32f4xx_it.o
 .debug_aranges
                0x00000270       0x28 ./Core/Src/system_stm32f4xx.o
 .debug_aranges
                0x00000298       0x48 ./Core/Src/tim.o
 .debug_aranges
                0x000002e0       0x38 ./Core/Src/usart.o
 .debug_aranges
                0x00000318       0x28 ./Core/Startup/startup_stm32f401rctx.o
 .debug_aranges
                0x00000340       0xf0 ./Drivers/STM32F4xx_HAL_Driver/Src/stm32f4xx_hal.o
 .debug_aranges
                0x00000430       0xe8 ./Drivers/STM32F4xx_HAL_Driver/Src/stm32f4xx_hal_adc.o
 .debug_aranges
                0x00000518       0x90 ./Drivers/STM32F4xx_HAL_Driver/Src/stm32f4xx_hal_adc_ex.o
 .debug_aranges
                0x000005a8      0x120 ./Drivers/STM32F4xx_HAL_Driver/Src/stm32f4xx_hal_cortex.o
 .debug_aranges
                0x000006c8       0x90 ./Drivers/STM32F4xx_HAL_Driver/Src/stm32f4xx_hal_dma.o
 .debug_aranges
                0x00000758       0x58 ./Drivers/STM32F4xx_HAL_Driver/Src/stm32f4xx_hal_gpio.o
 .debug_aranges
                0x000007b0      0x2a8 ./Drivers/STM32F4xx_HAL_Driver/Src/stm32f4xx_hal_i2c.o
 .debug_aranges
                0x00000a58       0x88 ./Drivers/STM32F4xx_HAL_Driver/Src/stm32f4xx_hal_rcc.o
 .debug_aranges
                0x00000ae0       0x48 ./Drivers/STM32F4xx_HAL_Driver/Src/stm32f4xx_hal_rcc_ex.o
 .debug_aranges
                0x00000b28       0xe8 ./Drivers/STM32F4xx_HAL_Driver/Src/stm32f4xx_hal_rtc.o
 .debug_aranges
                0x00000c10      0x120 ./Drivers/STM32F4xx_HAL_Driver/Src/stm32f4xx_hal_rtc_ex.o
 .debug_aranges
                0x00000d30      0x168 ./Drivers/STM32F4xx_HAL_Driver/Src/stm32f4xx_hal_sd.o
 .debug_aranges
                0x00000e98      0x1d0 ./Drivers/STM32F4xx_HAL_Driver/Src/stm32f4xx_hal_spi.o
 .debug_aranges
                0x00001068      0x3d0 ./Drivers/STM32F4xx_HAL_Driver/Src/stm32f4xx_hal_tim.o
 .debug_aranges
                0x00001438      0x168 ./Drivers/STM32F4xx_HAL_Driver/Src/stm32f4xx_hal_tim_ex.o
 .debug_aranges
                0x000015a0      0x208 ./Drivers/STM32F4xx_HAL_Driver/Src/stm32f4xx_hal_uart.o
 .debug_aranges
                0x000017a8      0x188 ./Drivers/STM32F4xx_HAL_Driver/Src/stm32f4xx_ll_sdmmc.o
 .debug_aranges
                0x00001930       0x28 ./FATFS/App/fatfs.o
 .debug_aranges
                0x00001958       0xa0 ./FATFS/Target/bsp_driver_sd.o
 .debug_aranges
                0x000019f8       0x20 ./FATFS/Target/fatfs_platform.o
 .debug_aranges
                0x00001a18       0x60 ./FATFS/Target/sd_diskio.o
 .debug_aranges
                0x00001a78       0x40 ./Middlewares/Third_Party/FatFs/src/ff_gen_drv.o

.debug_rnglists
                0x00000000     0x14ba
 .debug_rnglists
                0x00000000       0x25 ./Core/Src/actuators.o
 .debug_rnglists
                0x00000025       0x21 ./Core/Src/adc.o
 .debug_rnglists
                0x00000046       0x13 ./Core/Src/dma.o
 .debug_rnglists
                0x00000059       0x14 ./Core/Src/gpio.o
 .debug_rnglists
                0x0000006d       0x20 ./Core/Src/i2c.o
 .debug_rnglists
                0x0000008d       0x21 ./Core/Src/main.o
 .debug_rnglists
                0x000000ae       0x20 ./Core/Src/rtc.o
 .debug_rnglists
                0x000000ce       0x20 ./Core/Src/sdio.o
 .debug_rnglists
                0x000000ee       0x20 ./Core/Src/spi.o
 .debug_rnglists
                0x0000010e       0x13 ./Core/Src/stm32f4xx_hal_msp.o
 .debug_rnglists
                0x00000121       0x85 ./Core/Src/stm32f4xx_it.o
 .debug_rnglists
                0x000001a6       0x1a ./Core/Src/system_stm32f4xx.o
 .debug_rnglists
                0x000001c0       0x36 ./Core/Src/tim.o
 .debug_rnglists
                0x000001f6       0x26 ./Core/Src/usart.o
 .debug_rnglists
                0x0000021c       0x19 ./Core/Startup/startup_stm32f401rctx.o
 .debug_rnglists
                0x00000235       0xaf ./Drivers/STM32F4xx_HAL_Driver/Src/stm32f4xx_hal.o
 .debug_rnglists
                0x000002e4       0xb5 ./Drivers/STM32F4xx_HAL_Driver/Src/stm32f4xx_hal_adc.o
 .debug_rnglists
                0x00000399       0x71 ./Drivers/STM32F4xx_HAL_Driver/Src/stm32f4xx_hal_adc_ex.o
 .debug_rnglists
                0x0000040a       0xd4 ./Drivers/STM32F4xx_HAL_Driver/Src/stm32f4xx_hal_cortex.o
 .debug_rnglists
                0x000004de       0x70 ./Drivers/STM32F4xx_HAL_Driver/Src/stm32f4xx_hal_dma.o
 .debug_rnglists
                0x0000054e       0x3f ./Drivers/STM32F4xx_HAL_Driver/Src/stm32f4xx_hal_gpio.o
 .debug_rnglists
                0x0000058d      0x23c ./Drivers/STM32F4xx_HAL_Driver/Src/stm32f4xx_hal_i2c.o
 .debug_rnglists
                0x000007c9       0x66 ./Drivers/STM32F4xx_HAL_Driver/Src/stm32f4xx_hal_rcc.o
 .debug_rnglists
                0x0000082f       0x35 ./Drivers/STM32F4xx_HAL_Driver/Src/stm32f4xx_hal_rcc_ex.o
 .debug_rnglists
                0x00000864       0xb4 ./Drivers/STM32F4xx_HAL_Driver/Src/stm32f4xx_hal_rtc.o
 .debug_rnglists
                0x00000918       0xe1 ./Drivers/STM32F4xx_HAL_Driver/Src/stm32f4xx_hal_rtc_ex.o
 .debug_rnglists
                0x000009f9      0x121 ./Drivers/STM32F4xx_HAL_Driver/Src/stm32f4xx_hal_sd.o
 .debug_rnglists
                0x00000b1a      0x16f ./Drivers/STM32F4xx_HAL_Driver/Src/stm32f4xx_hal_spi.o
 .debug_rnglists
                0x00000c89      0x31a ./Drivers/STM32F4xx_HAL_Driver/Src/stm32f4xx_hal_tim.o
 .debug_rnglists
                0x00000fa3      0x125 ./Drivers/STM32F4xx_HAL_Driver/Src/stm32f4xx_hal_tim_ex.o
 .debug_rnglists
                0x000010c8      0x1bc ./Drivers/STM32F4xx_HAL_Driver/Src/stm32f4xx_hal_uart.o
 .debug_rnglists
                0x00001284      0x125 ./Drivers/STM32F4xx_HAL_Driver/Src/stm32f4xx_ll_sdmmc.o
 .debug_rnglists
                0x000013a9       0x19 ./FATFS/App/fatfs.o
 .debug_rnglists
                0x000013c2       0x73 ./FATFS/Target/bsp_driver_sd.o
 .debug_rnglists
                0x00001435       0x13 ./FATFS/Target/fatfs_platform.o
 .debug_rnglists
                0x00001448       0x46 ./FATFS/Target/sd_diskio.o
 .debug_rnglists
                0x0000148e       0x2c ./Middlewares/Third_Party/FatFs/src/ff_gen_drv.o

.debug_macro    0x00000000    0x1cf66
 .debug_macro   0x00000000      0x264 ./Core/Src/actuators.o
 .debug_macro   0x00000264      0xab4 ./Core/Src/actuators.o
 .debug_macro   0x00000d18      0x2b9 ./Core/Src/actuators.o
 .debug_macro   0x00000fd1       0x2e ./Core/Src/actuators.o
 .debug_macro   0x00000fff       0x28 ./Core/Src/actuators.o
 .debug_macro   0x00001027       0x22 ./Core/Src/actuators.o
 .debug_macro   0x00001049       0x8e ./Core/Src/actuators.o
 .debug_macro   0x000010d7       0x51 ./Core/Src/actuators.o
 .debug_macro   0x00001128      0x103 ./Core/Src/actuators.o
 .debug_macro   0x0000122b       0x6a ./Core/Src/actuators.o
 .debug_macro   0x00001295      0x1df ./Core/Src/actuators.o
 .debug_macro   0x00001474       0x1c ./Core/Src/actuators.o
 .debug_macro   0x00001490       0x22 ./Core/Src/actuators.o
 .debug_macro   0x000014b2       0xfb ./Core/Src/actuators.o
 .debug_macro   0x000015ad     0x1011 ./Core/Src/actuators.o
 .debug_macro   0x000025be      0x11f ./Core/Src/actuators.o
 .debug_macro   0x000026dd     0xb86c ./Core/Src/actuators.o
 .debug_macro   0x0000df49       0x6d ./Core/Src/actuators.o
 .debug_macro   0x0000dfb6     0x368c ./Core/Src/actuators.o
 .debug_macro   0x00011642      0x189 ./Core/Src/actuators.o
 .debug_macro   0x000117cb       0x5c ./Core/Src/actuators.o
 .debug_macro   0x00011827      0x416 ./Core/Src/actuators.o
 .debug_macro   0x00011c3d      0x9e9 ./Core/Src/actuators.o
 .debug_macro   0x00012626      0x115 ./Core/Src/actuators.o
 .debug_macro   0x0001273b       0xf8 ./Core/Src/actuators.o
 .debug_macro   0x00012833       0xa5 ./Core/Src/actuators.o
 .debug_macro   0x000128d8      0x15f ./Core/Src/actuators.o
 .debug_macro   0x00012a37      0x287 ./Core/Src/actuators.o
 .debug_macro   0x00012cbe       0x5f ./Core/Src/actuators.o
 .debug_macro   0x00012d1d      0x236 ./Core/Src/actuators.o
 .debug_macro   0x00012f53      0x9e1 ./Core/Src/actuators.o
 .debug_macro   0x00013934      0x38b ./Core/Src/actuators.o
 .debug_macro   0x00013cbf      0x176 ./Core/Src/actuators.o
 .debug_macro   0x00013e35       0xf9 ./Core/Src/actuators.o
 .debug_macro   0x00013f2e      0x132 ./Core/Src/actuators.o
 .debug_macro   0x00014060      0x23a ./Core/Src/actuators.o
 .debug_macro   0x0001429a       0x2e ./Core/Src/actuators.o
 .debug_macro   0x000142c8      0x1b5 ./Core/Src/actuators.o
 .debug_macro   0x0001447d       0x22 ./Core/Src/actuators.o
 .debug_macro   0x0001449f       0xd6 ./Core/Src/actuators.o
 .debug_macro   0x00014575      0x127 ./Core/Src/actuators.o
 .debug_macro   0x0001469c       0x85 ./Core/Src/actuators.o
 .debug_macro   0x00014721       0x89 ./Core/Src/actuators.o
 .debug_macro   0x000147aa      0x305 ./Core/Src/actuators.o
 .debug_macro   0x00014aaf      0x429 ./Core/Src/actuators.o
 .debug_macro   0x00014ed8       0xeb ./Core/Src/actuators.o
 .debug_macro   0x00014fc3      0x868 ./Core/Src/actuators.o
 .debug_macro   0x0001582b      0x1d5 ./Core/Src/actuators.o
 .debug_macro   0x00015a00      0x225 ./Core/Src/actuators.o
 .debug_macro   0x00015c25      0x8ed ./Core/Src/actuators.o
 .debug_macro   0x00016512       0x47 ./Core/Src/actuators.o
 .debug_macro   0x00016559      0x2aa ./Core/Src/actuators.o
 .debug_macro   0x00016803      0x126 ./Core/Src/actuators.o
 .debug_macro   0x00016929      0x20c ./Core/Src/actuators.o
 .debug_macro   0x00016b35      0x264 ./Core/Src/adc.o
 .debug_macro   0x00016d99      0x264 ./Core/Src/dma.o
 .debug_macro   0x00016ffd      0x264 ./Core/Src/gpio.o
 .debug_macro   0x00017261      0x264 ./Core/Src/i2c.o
 .debug_macro   0x000174c5      0x408 ./Core/Src/main.o
 .debug_macro   0x000178cd       0x1c ./Core/Src/main.o
 .debug_macro   0x000178e9       0x34 ./Core/Src/main.o
 .debug_macro   0x0001791d       0xe5 ./Core/Src/main.o
 .debug_macro   0x00017a02       0x2a ./Core/Src/main.o
 .debug_macro   0x00017a2c       0x61 ./Core/Src/main.o
 .debug_macro   0x00017a8d       0x43 ./Core/Src/main.o
 .debug_macro   0x00017ad0       0x34 ./Core/Src/main.o
 .debug_macro   0x00017b04       0x16 ./Core/Src/main.o
 .debug_macro   0x00017b1a       0x35 ./Core/Src/main.o
 .debug_macro   0x00017b4f       0x16 ./Core/Src/main.o
 .debug_macro   0x00017b65       0x43 ./Core/Src/main.o
 .debug_macro   0x00017ba8       0x34 ./Core/Src/main.o
 .debug_macro   0x00017bdc       0x10 ./Core/Src/main.o
 .debug_macro   0x00017bec       0x58 ./Core/Src/main.o
 .debug_macro   0x00017c44       0x8e ./Core/Src/main.o
 .debug_macro   0x00017cd2       0x1c ./Core/Src/main.o
 .debug_macro   0x00017cee      0x177 ./Core/Src/main.o
 .debug_macro   0x00017e65      0x369 ./Core/Src/main.o
 .debug_macro   0x000181ce       0x16 ./Core/Src/main.o
 .debug_macro   0x000181e4       0x29 ./Core/Src/main.o
 .debug_macro   0x0001820d       0x12 ./Core/Src/main.o
 .debug_macro   0x0001821f       0xe2 ./Core/Src/main.o
 .debug_macro   0x00018301       0x8e ./Core/Src/main.o
 .debug_macro   0x0001838f       0x88 ./Core/Src/main.o
 .debug_macro   0x00018417      0x264 ./Core/Src/rtc.o
 .debug_macro   0x0001867b      0x264 ./Core/Src/sdio.o
 .debug_macro   0x000188df      0x264 ./Core/Src/spi.o
 .debug_macro   0x00018b43      0x25a ./Core/Src/stm32f4xx_hal_msp.o
 .debug_macro   0x00018d9d      0x264 ./Core/Src/stm32f4xx_it.o
 .debug_macro   0x00019001      0x24b ./Core/Src/system_stm32f4xx.o
 .debug_macro   0x0001924c      0x264 ./Core/Src/tim.o
 .debug_macro   0x000194b0      0x264 ./Core/Src/usart.o
 .debug_macro   0x00019714      0x2ab ./Drivers/STM32F4xx_HAL_Driver/Src/stm32f4xx_hal.o
 .debug_macro   0x000199bf      0x24c ./Drivers/STM32F4xx_HAL_Driver/Src/stm32f4xx_hal_adc.o
 .debug_macro   0x00019c0b      0x24b ./Drivers/STM32F4xx_HAL_Driver/Src/stm32f4xx_hal_adc_ex.o
 .debug_macro   0x00019e56      0x24b ./Drivers/STM32F4xx_HAL_Driver/Src/stm32f4xx_hal_cortex.o
 .debug_macro   0x0001a0a1      0x251 ./Drivers/STM32F4xx_HAL_Driver/Src/stm32f4xx_hal_dma.o
 .debug_macro   0x0001a2f2      0x251 ./Drivers/STM32F4xx_HAL_Driver/Src/stm32f4xx_hal_gpio.o
 .debug_macro   0x0001a543      0x299 ./Drivers/STM32F4xx_HAL_Driver/Src/stm32f4xx_hal_i2c.o
 .debug_macro   0x0001a7dc      0x26f ./Drivers/STM32F4xx_HAL_Driver/Src/stm32f4xx_hal_rcc.o
 .debug_macro   0x0001aa4b      0x24b ./Drivers/STM32F4xx_HAL_Driver/Src/stm32f4xx_hal_rcc_ex.o
 .debug_macro   0x0001ac96      0x24c ./Drivers/STM32F4xx_HAL_Driver/Src/stm32f4xx_hal_rtc.o
 .debug_macro   0x0001aee2      0x24b ./Drivers/STM32F4xx_HAL_Driver/Src/stm32f4xx_hal_rtc_ex.o
 .debug_macro   0x0001b12d      0x24c ./Drivers/STM32F4xx_HAL_Driver/Src/stm32f4xx_hal_sd.o
 .debug_macro   0x0001b379      0x25a ./Drivers/STM32F4xx_HAL_Driver/Src/stm32f4xx_hal_spi.o
 .debug_macro   0x0001b5d3      0x24c ./Drivers/STM32F4xx_HAL_Driver/Src/stm32f4xx_hal_tim.o
 .debug_macro   0x0001b81f      0x24b ./Drivers/STM32F4xx_HAL_Driver/Src/stm32f4xx_hal_tim_ex.o
 .debug_macro   0x0001ba6a      0x24c ./Drivers/STM32F4xx_HAL_Driver/Src/stm32f4xx_hal_uart.o
 .debug_macro   0x0001bcb6      0x24c ./Drivers/STM32F4xx_HAL_Driver/Src/stm32f4xx_ll_sdmmc.o
 .debug_macro   0x0001bf02      0x397 ./FATFS/App/fatfs.o
 .debug_macro   0x0001c299      0x263 ./FATFS/Target/bsp_driver_sd.o
 .debug_macro   0x0001c4fc      0x254 ./FATFS/Target/fatfs_platform.o
 .debug_macro   0x0001c750      0x3ca ./FATFS/Target/sd_diskio.o
 .debug_macro   0x0001cb1a       0x16 ./FATFS/Target/sd_diskio.o
 .debug_macro   0x0001cb30       0x7c ./FATFS/Target/sd_diskio.o
 .debug_macro   0x0001cbac       0x16 ./FATFS/Target/sd_diskio.o
 .debug_macro   0x0001cbc2       0x20 ./FATFS/Target/sd_diskio.o
 .debug_macro   0x0001cbe2      0x384 ./Middlewares/Third_Party/FatFs/src/ff_gen_drv.o

.debug_line     0x00000000    0x2470c
 .debug_line    0x00000000      0x874 ./Core/Src/actuators.o
 .debug_line    0x00000874      0x887 ./Core/Src/adc.o
 .debug_line    0x000010fb      0x7d1 ./Core/Src/dma.o
 .debug_line    0x000018cc      0x842 ./Core/Src/gpio.o
 .debug_line    0x0000210e      0x83b ./Core/Src/i2c.o
 .debug_line    0x00002949      0xb11 ./Core/Src/main.o
 .debug_line    0x0000345a      0x881 ./Core/Src/rtc.o
 .debug_line    0x00003cdb      0x8ad ./Core/Src/sdio.o
 .debug_line    0x00004588      0x846 ./Core/Src/spi.o
 .debug_line    0x00004dce      0x7d2 ./Core/Src/stm32f4xx_hal_msp.o
 .debug_line    0x000055a0      0x99f ./Core/Src/stm32f4xx_it.o
 .debug_line    0x00005f3f      0x856 ./Core/Src/system_stm32f4xx.o
 .debug_line    0x00006795      0x9ba ./Core/Src/tim.o
 .debug_line    0x0000714f      0x8ab ./Core/Src/usart.o
 .debug_line    0x000079fa       0x7a ./Core/Startup/startup_stm32f401rctx.o
 .debug_line    0x00007a74      0xabf ./Drivers/STM32F4xx_HAL_Driver/Src/stm32f4xx_hal.o
 .debug_line    0x00008533     0x127b ./Drivers/STM32F4xx_HAL_Driver/Src/stm32f4xx_hal_adc.o
 .debug_line    0x000097ae      0xfbb ./Drivers/STM32F4xx_HAL_Driver/Src/stm32f4xx_hal_adc_ex.o
 .debug_line    0x0000a769      0xd87 ./Drivers/STM32F4xx_HAL_Driver/Src/stm32f4xx_hal_cortex.o
 .debug_line    0x0000b4f0     0x102f ./Drivers/STM32F4xx_HAL_Driver/Src/stm32f4xx_hal_dma.o
 .debug_line    0x0000c51f      0xc0f ./Drivers/STM32F4xx_HAL_Driver/Src/stm32f4xx_hal_gpio.o
 .debug_line    0x0000d12e     0x3c05 ./Drivers/STM32F4xx_HAL_Driver/Src/stm32f4xx_hal_i2c.o
 .debug_line    0x00010d33      0xe32 ./Drivers/STM32F4xx_HAL_Driver/Src/stm32f4xx_hal_rcc.o
 .debug_line    0x00011b65      0xaed ./Drivers/STM32F4xx_HAL_Driver/Src/stm32f4xx_hal_rcc_ex.o
 .debug_line    0x00012652     0x11a3 ./Drivers/STM32F4xx_HAL_Driver/Src/stm32f4xx_hal_rtc.o
 .debug_line    0x000137f5     0x14f2 ./Drivers/STM32F4xx_HAL_Driver/Src/stm32f4xx_hal_rtc_ex.o
 .debug_line    0x00014ce7     0x1ff8 ./Drivers/STM32F4xx_HAL_Driver/Src/stm32f4xx_hal_sd.o
 .debug_line    0x00016cdf     0x1dba ./Drivers/STM32F4xx_HAL_Driver/Src/stm32f4xx_hal_spi.o
 .debug_line    0x00018a99     0x363d ./Drivers/STM32F4xx_HAL_Driver/Src/stm32f4xx_hal_tim.o
 .debug_line    0x0001c0d6     0x1a50 ./Drivers/STM32F4xx_HAL_Driver/Src/stm32f4xx_hal_tim_ex.o
 .debug_line    0x0001db26     0x2991 ./Drivers/STM32F4xx_HAL_Driver/Src/stm32f4xx_hal_uart.o
 .debug_line    0x000204b7     0x104e ./Drivers/STM32F4xx_HAL_Driver/Src/stm32f4xx_ll_sdmmc.o
 .debug_line    0x00021505      0x9eb ./FATFS/App/fatfs.o
 .debug_line    0x00021ef0      0x9bf ./FATFS/Target/bsp_driver_sd.o
 .debug_line    0x000228af      0x7e7 ./FATFS/Target/fatfs_platform.o
 .debug_line    0x00023096      0xbfc ./FATFS/Target/sd_diskio.o
 .debug_line    0x00023c92      0xa7a ./Middlewares/Third_Party/FatFs/src/ff_gen_drv.o

.debug_str      0x00000000    0xaa06a
 .debug_str     0x00000000    0x9ef49 ./Core/Src/actuators.o
                              0x9f1d0 (size before relaxing)
 .debug_str     0x0009ef49      0x957 ./Core/Src/adc.o
                              0x9facc (size before relaxing)
 .debug_str     0x0009f8a0       0x29 ./Core/Src/dma.o
                              0x9f552 (size before relaxing)
 .debug_str     0x0009f8c9       0x2c ./Core/Src/gpio.o
                              0x9f274 (size before relaxing)
 .debug_str     0x0009f8f5      0x2ce ./Core/Src/i2c.o
                              0x9f796 (size before relaxing)
 .debug_str     0x0009fbc3     0x3de5 ./Core/Src/main.o
                              0xa313b (size before relaxing)
 .debug_str     0x000a39a8      0x3cf ./Core/Src/rtc.o
                              0x9f536 (size before relaxing)
 .debug_str     0x000a3d77      0x256 ./Core/Src/sdio.o
                              0x9fb6f (size before relaxing)
 .debug_str     0x000a3fcd      0x1cd ./Core/Src/spi.o
                              0x9fac0 (size before relaxing)
 .debug_str     0x000a419a       0x2c ./Core/Src/stm32f4xx_hal_msp.o
                              0x9f197 (size before relaxing)
 .debug_str     0x000a41c6      0x625 ./Core/Src/stm32f4xx_it.o
                              0x9ff46 (size before relaxing)
 .debug_str     0x000a47eb       0xdb ./Core/Src/system_stm32f4xx.o
                              0x9eb36 (size before relaxing)
 .debug_str     0x000a48c6      0x1db ./Core/Src/tim.o
                              0x9fd7e (size before relaxing)
 .debug_str     0x000a4aa1       0x51 ./Core/Src/usart.o
                              0x9fb0c (size before relaxing)
 .debug_str     0x000a4af2       0x44 ./Core/Startup/startup_stm32f401rctx.o
                                 0x7f (size before relaxing)
 .debug_str     0x000a4b36      0x5fe ./Drivers/STM32F4xx_HAL_Driver/Src/stm32f4xx_hal.o
                              0x9f558 (size before relaxing)
 .debug_str     0x000a5134      0x2b3 ./Drivers/STM32F4xx_HAL_Driver/Src/stm32f4xx_hal_adc.o
                              0x9f111 (size before relaxing)
 .debug_str     0x000a53e7      0x2df ./Drivers/STM32F4xx_HAL_Driver/Src/stm32f4xx_hal_adc_ex.o
                              0x9f165 (size before relaxing)
 .debug_str     0x000a56c6      0x32e ./Drivers/STM32F4xx_HAL_Driver/Src/stm32f4xx_hal_cortex.o
                              0x9f290 (size before relaxing)
 .debug_str     0x000a59f4      0x2c7 ./Drivers/STM32F4xx_HAL_Driver/Src/stm32f4xx_hal_dma.o
                              0x9ef3e (size before relaxing)
 .debug_str     0x000a5cbb      0x121 ./Drivers/STM32F4xx_HAL_Driver/Src/stm32f4xx_hal_gpio.o
                              0x9ecb1 (size before relaxing)
 .debug_str     0x000a5ddc      0xb09 ./Drivers/STM32F4xx_HAL_Driver/Src/stm32f4xx_hal_i2c.o
                              0x9fb47 (size before relaxing)
 .debug_str     0x000a68e5      0x1d8 ./Drivers/STM32F4xx_HAL_Driver/Src/stm32f4xx_hal_rcc.o
                              0x9ef6a (size before relaxing)
 .debug_str     0x000a6abd       0xf9 ./Drivers/STM32F4xx_HAL_Driver/Src/stm32f4xx_hal_rcc_ex.o
                              0x9ec99 (size before relaxing)
 .debug_str     0x000a6bb6      0x29e ./Drivers/STM32F4xx_HAL_Driver/Src/stm32f4xx_hal_rtc.o
                              0x9ef93 (size before relaxing)
 .debug_str     0x000a6e54      0x491 ./Drivers/STM32F4xx_HAL_Driver/Src/stm32f4xx_hal_rtc_ex.o
                              0x9f22d (size before relaxing)
 .debug_str     0x000a72e5      0x8d8 ./Drivers/STM32F4xx_HAL_Driver/Src/stm32f4xx_hal_sd.o
                              0x9f89d (size before relaxing)
 .debug_str     0x000a7bbd      0x544 ./Drivers/STM32F4xx_HAL_Driver/Src/stm32f4xx_hal_spi.o
                              0x9f3e8 (size before relaxing)
 .debug_str     0x000a8101      0xd48 ./Drivers/STM32F4xx_HAL_Driver/Src/stm32f4xx_hal_tim.o
                              0x9feae (size before relaxing)
 .debug_str     0x000a8e49      0x493 ./Drivers/STM32F4xx_HAL_Driver/Src/stm32f4xx_hal_tim_ex.o
                              0x9f6ba (size before relaxing)
 .debug_str     0x000a92dc      0x5fa ./Drivers/STM32F4xx_HAL_Driver/Src/stm32f4xx_hal_uart.o
                              0x9f539 (size before relaxing)
 .debug_str     0x000a98d6      0x227 ./Drivers/STM32F4xx_HAL_Driver/Src/stm32f4xx_ll_sdmmc.o
                              0x9efab (size before relaxing)
 .debug_str     0x000a9afd      0x1cf ./FATFS/App/fatfs.o
                              0xa2b5e (size before relaxing)
 .debug_str     0x000a9ccc      0x17b ./FATFS/Target/bsp_driver_sd.o
                              0x9f1fe (size before relaxing)
 .debug_str     0x000a9e47       0x21 ./FATFS/Target/fatfs_platform.o
                              0x9ea7b (size before relaxing)
 .debug_str     0x000a9e68      0x148 ./FATFS/Target/sd_diskio.o
                              0xa2c88 (size before relaxing)
 .debug_str     0x000a9fb0       0xba ./Middlewares/Third_Party/FatFs/src/ff_gen_drv.o
                              0xa2ab7 (size before relaxing)

.comment        0x00000000       0x43
 .comment       0x00000000       0x43 ./Core/Src/actuators.o
                                 0x44 (size before relaxing)
 .comment       0x00000043       0x44 ./Core/Src/adc.o
 .comment       0x00000043       0x44 ./Core/Src/dma.o
 .comment       0x00000043       0x44 ./Core/Src/gpio.o
 .comment       0x00000043       0x44 ./Core/Src/i2c.o
 .comment       0x00000043       0x44 ./Core/Src/main.o
 .comment       0x00000043       0x44 ./Core/Src/rtc.o
 .comment       0x00000043       0x44 ./Core/Src/sdio.o
 .comment       0x00000043       0x44 ./Core/Src/spi.o
 .comment       0x00000043       0x44 ./Core/Src/stm32f4xx_hal_msp.o
 .comment       0x00000043       0x44 ./Core/Src/stm32f4xx_it.o
 .comment       0x00000043       0x44 ./Core/Src/system_stm32f4xx.o
 .comment       0x00000043       0x44 ./Core/Src/tim.o
 .comment       0x00000043       0x44 ./Core/Src/usart.o
 .comment       0x00000043       0x44 ./Drivers/STM32F4xx_HAL_Driver/Src/stm32f4xx_hal.o