Archive member included to satisfy reference by file (symbol)

/Applications/STM32CubeIDE.app/Contents/Eclipse/plugins/com.st.stm32cube.ide.mcu.externaltools.gnu-tools-for-stm32.12.3.rel1.macos64_1.0.200.202406191456/tools/bin/../lib/gcc/arm-none-eabi/12.3.1/../../../../arm-none-eabi/lib/thumb/v7e-m+fp/hard/libc_nano.a(libc_a-exit.o)
                              /Applications/STM32CubeIDE.app/Contents/Eclipse/plugins/com.st.stm32cube.ide.mcu.externaltools.gnu-tools-for-stm32.12.3.rel1.macos64_1.0.200.202406191456/tools/bin/../lib/gcc/arm-none-eabi/12.3.1/../../../../arm-none-eabi/lib/thumb/v7e-m+fp/hard/crt0.o (exit)
/Applications/STM32CubeIDE.app/Contents/Eclipse/plugins/com.st.stm32cube.ide.mcu.externaltools.gnu-tools-for-stm32.12.3.rel1.macos64_1.0.200.202406191456/tools/bin/../lib/gcc/arm-none-eabi/12.3.1/../../../../arm-none-eabi/lib/thumb/v7e-m+fp/hard/libc_nano.a(libc_a-findfp.o)
                              /Applications/STM32CubeIDE.app/Contents/Eclipse/plugins/com.st.stm32cube.ide.mcu.externaltools.gnu-tools-for-stm32.12.3.rel1.macos64_1.0.200.202406191456/tools/bin/../lib/gcc/arm-none-eabi/12.3.1/../../../../arm-none-eabi/lib/thumb/v7e-m+fp/hard/libc_nano.a(libc_a-exit.o) (__stdio_exit_handler)
/Applications/STM32CubeIDE.app/Contents/Eclipse/plugins/com.st.stm32cube.ide.mcu.externaltools.gnu-tools-for-stm32.12.3.rel1.macos64_1.0.200.202406191456/tools/bin/../lib/gcc/arm-none-eabi/12.3.1/../../../../arm-none-eabi/lib/thumb/v7e-m+fp/hard/libc_nano.a(libc_a-fwalk.o)
                              /Applications/STM32CubeIDE.app/Contents/Eclipse/plugins/com.st.stm32cube.ide.mcu.externaltools.gnu-tools-for-stm32.12.3.rel1.macos64_1.0.200.202406191456/tools/bin/../lib/gcc/arm-none-eabi/12.3.1/../../../../arm-none-eabi/lib/thumb/v7e-m+fp/hard/libc_nano.a(libc_a-findfp.o) (_fwalk_sglue)
/Applications/STM32CubeIDE.app/Contents/Eclipse/plugins/com.st.stm32cube.ide.mcu.externaltools.gnu-tools-for-stm32.12.3.rel1.macos64_1.0.200.202406191456/tools/bin/../lib/gcc/arm-none-eabi/12.3.1/../../../../arm-none-eabi/lib/thumb/v7e-m+fp/hard/libc_nano.a(libc_a-memset.o)
                              /Applications/STM32CubeIDE.app/Contents/Eclipse/plugins/com.st.stm32cube.ide.mcu.externaltools.gnu-tools-for-stm32.12.3.rel1.macos64_1.0.200.202406191456/tools/bin/../lib/gcc/arm-none-eabi/12.3.1/../../../../arm-none-eabi/lib/thumb/v7e-m+fp/hard/crt0.o (memset)
/Applications/STM32CubeIDE.app/Contents/Eclipse/plugins/com.st.stm32cube.ide.mcu.externaltools.gnu-tools-for-stm32.12.3.rel1.macos64_1.0.200.202406191456/tools/bin/../lib/gcc/arm-none-eabi/12.3.1/../../../../arm-none-eabi/lib/thumb/v7e-m+fp/hard/libc_nano.a(libc_a-impure.o)
                              /Applications/STM32CubeIDE.app/Contents/Eclipse/plugins/com.st.stm32cube.ide.mcu.externaltools.gnu-tools-for-stm32.12.3.rel1.macos64_1.0.200.202406191456/tools/bin/../lib/gcc/arm-none-eabi/12.3.1/../../../../arm-none-eabi/lib/thumb/v7e-m+fp/hard/libc_nano.a(libc_a-findfp.o) (_impure_data)
/Applications/STM32CubeIDE.app/Contents/Eclipse/plugins/com.st.stm32cube.ide.mcu.externaltools.gnu-tools-for-stm32.12.3.rel1.macos64_1.0.200.202406191456/tools/bin/../lib/gcc/arm-none-eabi/12.3.1/../../../../arm-none-eabi/lib/thumb/v7e-m+fp/hard/libc_nano.a(libc_a-errno.o)
                              ./Core/Src/syscalls.o (__errno)
/Applications/STM32CubeIDE.app/Contents/Eclipse/plugins/com.st.stm32cube.ide.mcu.externaltools.gnu-tools-for-stm32.12.3.rel1.macos64_1.0.200.202406191456/tools/bin/../lib/gcc/arm-none-eabi/12.3.1/../../../../arm-none-eabi/lib/thumb/v7e-m+fp/hard/libc_nano.a(libc_a-init.o)
                              /Applications/STM32CubeIDE.app/Contents/Eclipse/plugins/com.st.stm32cube.ide.mcu.externaltools.gnu-tools-for-stm32.12.3.rel1.macos64_1.0.200.202406191456/tools/bin/../lib/gcc/arm-none-eabi/12.3.1/../../../../arm-none-eabi/lib/thumb/v7e-m+fp/hard/crt0.o (__libc_init_array)
/Applications/STM32CubeIDE.app/Contents/Eclipse/plugins/com.st.stm32cube.ide.mcu.externaltools.gnu-tools-for-stm32.12.3.rel1.macos64_1.0.200.202406191456/tools/bin/../lib/gcc/arm-none-eabi/12.3.1/../../../../arm-none-eabi/lib/thumb/v7e-m+fp/hard/libc_nano.a(libc_a-lock.o)
                              /Applications/STM32CubeIDE.app/Contents/Eclipse/plugins/com.st.stm32cube.ide.mcu.externaltools.gnu-tools-for-stm32.12.3.rel1.macos64_1.0.200.202406191456/tools/bin/../lib/gcc/arm-none-eabi/12.3.1/../../../../arm-none-eabi/lib/thumb/v7e-m+fp/hard/libc_nano.a(libc_a-findfp.o) (__retarget_lock_init_recursive)
/Applications/STM32CubeIDE.app/Contents/Eclipse/plugins/com.st.stm32cube.ide.mcu.externaltools.gnu-tools-for-stm32.12.3.rel1.macos64_1.0.200.202406191456/tools/bin/../lib/gcc/arm-none-eabi/12.3.1/../../../../arm-none-eabi/lib/thumb/v7e-m+fp/hard/libc_nano.a(libc_a-mallocr.o)
[...]
Memory Configuration

Name             Origin             Length             Attributes
RAM              0x20000000         0x00010000         xrw
FLASH            0x08000000         0x00040000         xr
*default*        0x00000000         0xffffffff

Linker script and memory map

LOAD /Applications/STM32CubeIDE.app/Contents/Eclipse/plugins/com.st.stm32cube.ide.mcu.externaltools.gnu-tools-for-stm32.12.3.rel1.macos64_1.0.200.202406191456/tools/bin/../lib/gcc/arm-none-eabi/12.3.1/thumb/v7e-m+fp/hard/crti.o
LOAD /Applications/STM32CubeIDE.app/Contents/Eclipse/plugins/com.st.stm32cube.ide.mcu.externaltools.gnu-tools-for-stm32.12.3.rel1.macos64_1.0.200.202406191456/tools/bin/../lib/gcc/arm-none-eabi/12.3.1/thumb/v7e-m+fp/hard/crtbegin.o
LOAD /Applications/STM32CubeIDE.app/Contents/Eclipse/plugins/com.st.stm32cube.ide.mcu.externaltools.gnu-tools-for-stm32.12.3.rel1.macos64_1.0.200.202406191456/tools/bin/../lib/gcc/arm-none-eabi/12.3.1/../../../../arm-none-eabi/lib/thumb/v7e-m+fp/hard/crt0.o
LOAD ./Core/Src/actuators.o
LOAD ./Core/Src/adc.o
LOAD ./Core/Src/dma.o
LOAD ./Core/Src/gpio.o
LOAD ./Core/Src/i2c.o
LOAD ./Core/Src/main.o
LOAD ./Core/Src/rtc.o
LOAD ./Core/Src/sdio.o
LOAD ./Core/Src/spi.o
LOAD ./Core/Src/stm32f4xx_hal_msp.o
LOAD ./Core/Src/stm32f4xx_it.o
LOAD ./Core/Src/syscalls.o
LOAD ./Core/Src/sysmem.o
LOAD ./Core/Src/system_stm32f4xx.o
LOAD ./Core/Src/usart.o
LOAD ./Core/Startup/startup_stm32f401rctx.o
LOAD ./Drivers/STM32F4xx_HAL_Driver/Src/stm32f4xx_hal.o
LOAD ./Drivers/STM32F4xx_HAL_Driver/Src/stm32f4xx_hal_adc.o
LOAD ./Drivers/STM32F4xx_HAL_Driver/Src/stm32f4xx_hal_adc_ex.o
LOAD ./Drivers/STM32F4xx_HAL_Driver/Src/stm32f4xx_hal_cortex.o
LOAD ./Drivers/STM32F4xx_HAL_Driver/Src/stm32f4xx_hal_dma.o
LOAD ./Drivers/STM32F4xx_HAL_Driver/Src/stm32f4xx_hal_dma_ex.o
LOAD ./Drivers/STM32F4xx_HAL_Driver/Src/stm32f4xx_hal_exti.o
LOAD ./Drivers/STM32F4xx_HAL_Driver/Src/stm32f4xx_hal_flash.o
LOAD ./Drivers/STM32F4xx_HAL_Driver/Src/stm32f4xx_hal_flash_ex.o
LOAD ./Drivers/STM32F4xx_HAL_Driver/Src/stm32f4xx_hal_flash_ramfunc.o
LOAD ./Drivers/STM32F4xx_HAL_Driver/Src/stm32f4xx_hal_gpio.o
LOAD ./Drivers/STM32F4xx_HAL_Driver/Src/stm32f4xx_hal_i2c.o
LOAD ./Drivers/STM32F4xx_HAL_Driver/Src/stm32f4xx_hal_i2c_ex.o
LOAD ./Drivers/STM32F4xx_HAL_Driver/Src/stm32f4xx_hal_pcd.o
LOAD ./Drivers/STM32F4xx_HAL_Driver/Src/stm32f4xx_hal_pcd_ex.o
LOAD ./Drivers/STM32F4xx_HAL_Driver/Src/stm32f4xx_hal_pwr.o
LOAD ./Drivers/STM32F4xx_HAL_Driver/Src/stm32f4xx_hal_pwr_ex.o
LOAD ./Drivers/STM32F4xx_HAL_Driver/Src/stm32f4xx_hal_rcc.o
LOAD ./Drivers/STM32F4xx_HAL_Driver/Src/stm32f4xx_hal_rcc_ex.o
LOAD ./Drivers/STM32F4xx_HAL_Driver/Src/stm32f4xx_hal_rtc.o
LOAD ./Drivers/STM32F4xx_HAL_Driver/Src/stm32f4xx_hal_rtc_ex.o
LOAD ./Drivers/STM32F4xx_HAL_Driver/Src/stm32f4xx_hal_sd.o
LOAD ./Drivers/STM32F4xx_HAL_Driver/Src/stm32f4xx_hal_spi.o
LOAD ./Drivers/STM32F4xx_HAL_Driver/Src/stm32f4xx_hal_tim.o
LOAD ./Drivers/STM32F4xx_HAL_Driver/Src/stm32f4xx_hal_tim_ex.o
LOAD ./Drivers/STM32F4xx_HAL_Driver/Src/stm32f4xx_hal_uart.o
LOAD ./Drivers/STM32F4xx_HAL_Driver/Src/stm32f4xx_ll_adc.o
LOAD ./Drivers/STM32F4xx_HAL_Driver/Src/stm32f4xx_ll_sdmmc.o
LOAD ./Drivers/STM32F4xx_HAL_Driver/Src/stm32f4xx_ll_usb.o
LOAD ./FATFS/App/fatfs.o
LOAD ./FATFS/Target/bsp_driver_sd.o
LOAD ./FATFS/Target/fatfs_platform.o
LOAD ./FATFS/Target/sd_diskio.o
LOAD ./Middlewares/ST/STM32_USB_Device_Library/Class/CDC/Src/usbd_cdc.o
LOAD ./Middlewares/ST/STM32_USB_Device_Library/Core/Src/usbd_core.o
LOAD ./Middlewares/ST/STM32_USB_Device_Library/Core/Src/usbd_ctlreq.o
LOAD ./Middlewares/ST/STM32_USB_Device_Library/Core/Src/usbd_ioreq.o
LOAD ./Middlewares/Third_Party/FatFs/src/diskio.o
LOAD ./Middlewares/Third_Party/FatFs/src/ff.o
LOAD ./Middlewares/Third_Party/FatFs/src/ff_gen_drv.o
LOAD ./Middlewares/Third_Party/FatFs/src/option/ccsbcs.o
LOAD ./Middlewares/Third_Party/FatFs/src/option/syscall.o
LOAD ./USB_DEVICE/App/usb_device.o
LOAD ./USB_DEVICE/App/usbd_cdc_if.o
LOAD ./USB_DEVICE/App/usbd_desc.o
LOAD ./USB_DEVICE/Target/usbd_conf.o
START GROUP
LOAD /Applications/STM32CubeIDE.app/Contents/Eclipse/plugins/com.st.stm32cube.ide.mcu.externaltools.gnu-tools-for-stm32.12.3.rel1.macos64_1.0.200.202406191456/tools/bin/../lib/gcc/arm-none-eabi/12.3.1/../../../../arm-none-eabi/lib/thumb/v7e-m+fp/hard/libc_nano.a
LOAD /Applications/STM32CubeIDE.app/Contents/Eclipse/plugins/com.st.stm32cube.ide.mcu.externaltools.gnu-tools-for-stm32.12.3.rel1.macos64_1.0.200.202406191456/tools/bin/../lib/gcc/arm-none-eabi/12.3.1/../../../../arm-none-eabi/lib/thumb/v7e-m+fp/hard/libm.a
END GROUP
START GROUP
LOAD /Applications/STM32CubeIDE.app/Contents/Eclipse/plugins/com.st.stm32cube.ide.mcu.externaltools.gnu-tools-for-stm32.12.3.rel1.macos64_1.0.200.202406191456/tools/bin/../lib/gcc/arm-none-eabi/12.3.1/thumb/v7e-m+fp/hard/libgcc.a
LOAD /Applications/STM32CubeIDE.app/Contents/Eclipse/plugins/com.st.stm32cube.ide.mcu.externaltools.gnu-tools-for-stm32.12.3.rel1.macos64_1.0.200.202406191456/tools/bin/../lib/gcc/arm-none-eabi/12.3.1/../../../../arm-none-eabi/lib/thumb/v7e-m+fp/hard/libc_nano.a
END GROUP
START GROUP
LOAD /Applications/STM32CubeIDE.app/Contents/Eclipse/plugins/com.st.stm32cube.ide.mcu.externaltools.gnu-tools-for-stm32.12.3.rel1.macos64_1.0.200.202406191456/tools/bin/../lib/gcc/arm-none-eabi/12.3.1/thumb/v7e-m+fp/hard/libgcc.a
LOAD /Applications/STM32CubeIDE.app/Contents/Eclipse/plugins/com.st.stm32cube.ide.mcu.externaltools.gnu-tools-for-stm32.12.3.rel1.macos64_1.0.200.202406191456/tools/bin/../lib/gcc/arm-none-eabi/12.3.1/../../../../arm-none-eabi/lib/thumb/v7e-m+fp/hard/libc_nano.a
LOAD /Applications/STM32CubeIDE.app/Contents/Eclipse/plugins/com.st.stm32cube.ide.mcu.externaltools.gnu-tools-for-stm32.12.3.rel1.macos64_1.0.200.202406191456/tools/bin/../lib/gcc/arm-none-eabi/12.3.1/../../../../arm-none-eabi/lib/thumb/v7e-m+fp/hard/libnosys.a
END GROUP
START GROUP
LOAD /Applications/STM32CubeIDE.app/Contents/Eclipse/plugins/com.st.stm32cube.ide.mcu.externaltools.gnu-tools-for-stm32.12.3.rel1.macos64_1.0.200.202406191456/tools/bin/../lib/gcc/arm-none-eabi/12.3.1/thumb/v7e-m+fp/hard/libgcc.a
LOAD /Applications/STM32CubeIDE.app/Contents/Eclipse/plugins/com.st.stm32cube.ide.mcu.externaltools.gnu-tools-for-stm32.12.3.rel1.macos64_1.0.200.202406191456/tools/bin/../lib/gcc/arm-none-eabi/12.3.1/../../../../arm-none-eabi/lib/thumb/v7e-m+fp/hard/libc_nano.a
LOAD /Applications/STM32CubeIDE.app/Contents/Eclipse/plugins/com.st.stm32cube.ide.mcu.externaltools.gnu-tools-for-stm32.12.3.rel1.macos64_1.0.200.202406191456/tools/bin/../lib/gcc/arm-none-eabi/12.3.1/../../../../arm-none-eabi/lib/thumb/v7e-m+fp/hard/libnosys.a
END GROUP
LOAD /Applications/STM32CubeIDE.app/Contents/Eclipse/plugins/com.st.stm32cube.ide.mcu.externaltools.gnu-tools-for-stm32.12.3.rel1.macos64_1.0.200.202406191456/tools/bin/../lib/gcc/arm-none-eabi/12.3.1/thumb/v7e-m+fp/hard/crtend.o
LOAD /Applications/STM32CubeIDE.app/Contents/Eclipse/plugins/com.st.stm32cube.ide.mcu.externaltools.gnu-tools-for-stm32.12.3.rel1.macos64_1.0.200.202406191456/tools/bin/../lib/gcc/arm-none-eabi/12.3.1/thumb/v7e-m+fp/hard/crtn.o
                0x20010000                        _estack = (ORIGIN (RAM) + LENGTH (RAM))
                0x00000400                        _Min_Heap_Size = 0x400
                0x00000800                        _Min_Stack_Size = 0x800

.isr_vector     0x08000000      0x194
                0x08000000                        . = ALIGN (0x4)
 *(.isr_vector)
 .isr_vector    0x08000000      0x194 ./Core/Startup/startup_stm32f401rctx.o
                0x08000000                g_pfnVectors
                0x08000194                        . = ALIGN (0x4)

.text           0x08000194     0xc51c
                0x08000194                        . = ALIGN (0x4)
 *(.text)
 .text          0x08000194       0x40 /Applications/STM32CubeIDE.app/Contents/Eclipse/plugins/com.st.stm32cube.ide.mcu.externaltools.gnu-tools-for-stm32.12.3.rel1.macos64_1.0.200.202406191456/tools/bin/../lib/gcc/arm-none-eabi/12.3.1/thumb/v7e-m+fp/hard/crtbegin.o
 .text          0x080001d4       0x30 /Applications/STM32CubeIDE.app/Contents/Eclipse/plugins/com.st.stm32cube.ide.mcu.externaltools.gnu-tools-for-stm32.12.3.rel1.macos64_1.0.200.202406191456/tools/bin/../lib/gcc/arm-none-eabi/12.3.1/thumb/v7e-m+fp/hard/libgcc.a(_aeabi_uldivmod.o)
                0x080001d4                __aeabi_uldivmod
 .text          0x08000204      0x2bc /Applications/STM32CubeIDE.app/Contents/Eclipse/plugins/com.st.stm32cube.ide.mcu.externaltools.gnu-tools-for-stm32.12.3.rel1.macos64_1.0.200.202406191456/tools/bin/../lib/gcc/arm-none-eabi/12.3.1/thumb/v7e-m+fp/hard/libgcc.a(_udivmoddi4.o)
                0x08000204                __udivmoddi4
 .text          0x080004c0        0x4 /Applications/STM32CubeIDE.app/Contents/Eclipse/plugins/com.st.stm32cube.ide.mcu.externaltools.gnu-tools-for-stm32.12.3.rel1.macos64_1.0.200.202406191456/tools/bin/../lib/gcc/arm-none-eabi/12.3.1/thumb/v7e-m+fp/hard/libgcc.a(_dvmd_tls.o)
                0x080004c0                __aeabi_ldiv0
                0x080004c0                __aeabi_idiv0
 *(.text*)
 .text.MX_ADC1_Init
                0x080004c4       0xa4 ./Core/Src/adc.o
                0x080004c4                MX_ADC1_Init
 .text.HAL_ADC_MspInit
                0x08000568       0xc0 ./Core/Src/adc.o
                0x08000568                HAL_ADC_MspInit
 .text.MX_DMA_Init
                0x08000628       0x50 ./Core/Src/dma.o
                0x08000628                MX_DMA_Init
 .text.MX_GPIO_Init
                0x08000678      0x1c0 ./Core/Src/gpio.o
                0x08000678                MX_GPIO_Init
 .text.MX_I2C1_Init
                0x08000838       0x5c ./Core/Src/i2c.o
                0x08000838                MX_I2C1_Init
 .text.HAL_I2C_MspInit
                0x08000894       0x90 ./Core/Src/i2c.o
                0x08000894                HAL_I2C_MspInit
 .text.main     0x08000924       0x3c ./Core/Src/main.o
                0x08000924                main
 .text.SystemClock_Config
                0x08000960       0xf0 ./Core/Src/main.o
                0x08000960                SystemClock_Config
 .text.Error_Handler
                0x08000a50        0xc ./Core/Src/main.o
                0x08000a50                Error_Handler
 .text.MX_RTC_Init
                0x08000a5c      0x108 ./Core/Src/rtc.o
                0x08000a5c                MX_RTC_Init
 .text.HAL_RTC_MspInit
                0x08000b64       0x58 ./Core/Src/rtc.o
                0x08000b64                HAL_RTC_MspInit
 .text.MX_SDIO_SD_Init
                0x08000bbc       0x50 ./Core/Src/sdio.o
                0x08000bbc                MX_SDIO_SD_Init
 .text.HAL_SD_MspInit
                0x08000c0c      0x1e0 ./Core/Src/sdio.o
                0x08000c0c                HAL_SD_MspInit
 .text.MX_SPI1_Init
                0x08000dec       0x6c ./Core/Src/spi.o
                0x08000dec                MX_SPI1_Init
 .text.HAL_SPI_MspInit
                0x08000e58       0xa0 ./Core/Src/spi.o
                0x08000e58                HAL_SPI_MspInit
 .text.HAL_MspInit
                0x08000ef8       0x50 ./Core/Src/stm32f4xx_hal_msp.o
                0x08000ef8                HAL_MspInit
 .text.NMI_Handler
                0x08000f48        0xc ./Core/Src/stm32f4xx_it.o
                0x08000f48                NMI_Handler
 .text.HardFault_Handler
                0x08000f54        0x8 ./Core/Src/stm32f4xx_it.o
                0x08000f54                HardFault_Handler
 .text.MemManage_Handler
                0x08000f5c        0x8 ./Core/Src/stm32f4xx_it.o
                0x08000f5c                MemManage_Handler
 .text.BusFault_Handler
                0x08000f64        0x8 ./Core/Src/stm32f4xx_it.o
                0x08000f64                BusFault_Handler
 .text.UsageFault_Handler
                0x08000f6c        0x8 ./Core/Src/stm32f4xx_it.o
                0x08000f6c                UsageFault_Handler
 .text.SVC_Handler
                0x08000f74        0xe ./Core/Src/stm32f4xx_it.o
                0x08000f74                SVC_Handler
 .text.DebugMon_Handler
                0x08000f82        0xe ./Core/Src/stm32f4xx_it.o
                0x08000f82                DebugMon_Handler
 .text.PendSV_Handler
                0x08000f90        0xe ./Core/Src/stm32f4xx_it.o
                0x08000f90                PendSV_Handler
 .text.SysTick_Handler
                0x08000f9e        0xc ./Core/Src/stm32f4xx_it.o
                0x08000f9e                SysTick_Handler
 *fill*         0x08000faa        0x2 
 .text.SPI1_IRQHandler
                0x08000fac       0x14 ./Core/Src/stm32f4xx_it.o
                0x08000fac                SPI1_IRQHandler
 .text.USART1_IRQHandler
                0x08000fc0       0x14 ./Core/Src/stm32f4xx_it.o
                0x08000fc0                USART1_IRQHandler
 .text.SDIO_IRQHandler
                0x08000fd4       0x14 ./Core/Src/stm32f4xx_it.o
                0x08000fd4                SDIO_IRQHandler
 .text.DMA2_Stream3_IRQHandler
                0x08000fe8       0x14 ./Core/Src/stm32f4xx_it.o
                0x08000fe8                DMA2_Stream3_IRQHandler
 .text.OTG_FS_IRQHandler
                0x08000ffc       0x14 ./Core/Src/stm32f4xx_it.o
                0x08000ffc                OTG_FS_IRQHandler
 .text.DMA2_Stream6_IRQHandler
                0x08001010       0x14 ./Core/Src/stm32f4xx_it.o
                0x08001010                DMA2_Stream6_IRQHandler
 .text.USART6_IRQHandler
                0x08001024       0x14 ./Core/Src/stm32f4xx_it.o
                0x08001024                USART6_IRQHandler
 .text.SystemInit
                0x08001038       0x24 ./Core/Src/system_stm32f4xx.o
                0x08001038                SystemInit
 .text.MX_USART1_UART_Init
                0x0800105c       0x54 ./Core/Src/usart.o
                0x0800105c                MX_USART1_UART_Init
 .text.MX_USART6_UART_Init
                0x080010b0       0x54 ./Core/Src/usart.o
                0x080010b0                MX_USART6_UART_Init
 .text.HAL_UART_MspInit
                0x08001104      0x11c ./Core/Src/usart.o
                0x08001104                HAL_UART_MspInit
 .text.Reset_Handler
                0x08001220       0x50 ./Core/Startup/startup_stm32f401rctx.o
                0x08001220                Reset_Handler
 .text.Default_Handler
                0x08001270        0x2 ./Core/Startup/startup_stm32f401rctx.o
                0x08001270                DMA1_Stream3_IRQHandler
                0x08001270                EXTI2_IRQHandler
                0x08001270                SPI4_IRQHandler
                0x08001270                TIM1_CC_IRQHandler
                0x08001270                DMA2_Stream5_IRQHandler
                0x08001270                DMA1_Stream5_IRQHandler
                0x08001270                PVD_IRQHandler
                0x08001270                TAMP_STAMP_IRQHandler
                0x08001270                EXTI3_IRQHandler
                0x08001270                TIM1_UP_TIM10_IRQHandler
                0x08001270                I2C3_ER_IRQHandler
                0x08001270                EXTI0_IRQHandler
                0x08001270                I2C2_EV_IRQHandler
                0x08001270                DMA1_Stream2_IRQHandler
                0x08001270                FPU_IRQHandler
                0x08001270                DMA2_Stream2_IRQHandler
                0x08001270                TIM1_BRK_TIM9_IRQHandler
                0x08001270                DMA2_Stream0_IRQHandler
                0x08001270                TIM4_IRQHandler
                0x08001270                I2C1_EV_IRQHandler
                0x08001270                DMA1_Stream6_IRQHandler
                0x08001270                DMA1_Stream1_IRQHandler
                0x08001270                TIM3_IRQHandler
                0x08001270                RCC_IRQHandler
                0x08001270                Default_Handler
                0x08001270                EXTI15_10_IRQHandler
                0x08001270                ADC_IRQHandler
                0x08001270                DMA1_Stream7_IRQHandler
                0x08001270                TIM5_IRQHandler
                0x08001270                DMA2_Stream7_IRQHandler
                0x08001270                I2C3_EV_IRQHandler
                0x08001270                EXTI9_5_IRQHandler
                0x08001270                RTC_WKUP_IRQHandler
                0x08001270                SPI2_IRQHandler
                0x08001270                DMA1_Stream0_IRQHandler
                0x08001270                EXTI4_IRQHandler
                0x08001270                WWDG_IRQHandler
                0x08001270                TIM2_IRQHandler
                0x08001270                OTG_FS_WKUP_IRQHandler
                0x08001270                TIM1_TRG_COM_TIM11_IRQHandler
                0x08001270                EXTI1_IRQHandler
                0x08001270                USART2_IRQHandler
                0x08001270                I2C2_ER_IRQHandler
                0x08001270                DMA2_Stream1_IRQHandler
                0x08001270                FLASH_IRQHandler
                0x08001270                DMA2_Stream4_IRQHandler
                0x08001270                SPI3_IRQHandler
                0x08001270                DMA1_Stream4_IRQHandler
                0x08001270                I2C1_ER_IRQHandler
                0x08001270                RTC_Alarm_IRQHandler
 *fill*         0x08001272        0x2 
 .text.HAL_Init
                0x08001274       0x44 ./Drivers/STM32F4xx_HAL_Driver/Src/stm32f4xx_hal.o
                0x08001274                HAL_Init
 .text.HAL_InitTick
                0x080012b8       0x60 ./Drivers/STM32F4xx_HAL_Driver/Src/stm32f4xx_hal.o
                0x080012b8                HAL_InitTick
 .text.HAL_IncTick
                0x08001318       0x28 ./Drivers/STM32F4xx_HAL_Driver/Src/stm32f4xx_hal.o
                0x08001318                HAL_IncTick
 .text.HAL_GetTick
                0x08001340       0x18 ./Drivers/STM32F4xx_HAL_Driver/Src/stm32f4xx_hal.o
                0x08001340                HAL_GetTick
 .text.HAL_Delay
                0x08001358       0x48 ./Drivers/STM32F4xx_HAL_Driver/Src/stm32f4xx_hal.o
                0x08001358                HAL_Delay
 .text.HAL_ADC_Init
                0x080013a0       0x86 ./Drivers/STM32F4xx_HAL_Driver/Src/stm32f4xx_hal_adc.o
                0x080013a0                HAL_ADC_Init
 *fill*         0x08001426        0x2 
 .text.HAL_ADC_ConfigChannel
                0x08001428      0x244 ./Drivers/STM32F4xx_HAL_Driver/Src/stm32f4xx_hal_adc.o
                0x08001428                HAL_ADC_ConfigChannel
 .text.ADC_Init
                0x0800166c      0x1f8 ./Drivers/STM32F4xx_HAL_Driver/Src/stm32f4xx_hal_adc.o
 .text.__NVIC_SetPriorityGrouping
                0x08001864       0x48 ./Drivers/STM32F4xx_HAL_Driver/Src/stm32f4xx_hal_cortex.o
 .text.__NVIC_GetPriorityGrouping
                0x080018ac       0x1c ./Drivers/STM32F4xx_HAL_Driver/Src/stm32f4xx_hal_cortex.o
 .text.__NVIC_EnableIRQ
                0x080018c8       0x3c ./Drivers/STM32F4xx_HAL_Driver/Src/stm32f4xx_hal_cortex.o
 .text.__NVIC_SetPriority
                0x08001904       0x54 ./Drivers/STM32F4xx_HAL_Driver/Src/stm32f4xx_hal_cortex.o
 .text.NVIC_EncodePriority
                0x08001958       0x66 ./Drivers/STM32F4xx_HAL_Driver/Src/stm32f4xx_hal_cortex.o
 *fill*         0x080019be        0x2 
 .text.SysTick_Config
                0x080019c0       0x44 ./Drivers/STM32F4xx_HAL_Driver/Src/stm32f4xx_hal_cortex.o
 .text.HAL_NVIC_SetPriorityGrouping
                0x08001a04       0x16 ./Drivers/STM32F4xx_HAL_Driver/Src/stm32f4xx_hal_cortex.o
                0x08001a04                HAL_NVIC_SetPriorityGrouping
 .text.HAL_NVIC_SetPriority
                0x08001a1a       0x38 ./Drivers/STM32F4xx_HAL_Driver/Src/stm32f4xx_hal_cortex.o
                0x08001a1a                HAL_NVIC_SetPriority
 .text.HAL_NVIC_EnableIRQ
                0x08001a52       0x1c ./Drivers/STM32F4xx_HAL_Driver/Src/stm32f4xx_hal_cortex.o
                0x08001a52                HAL_NVIC_EnableIRQ
 .text.HAL_SYSTICK_Config
                0x08001a6e       0x18 ./Drivers/STM32F4xx_HAL_Driver/Src/stm32f4xx_hal_cortex.o
                0x08001a6e                HAL_SYSTICK_Config
 *fill*         0x08001a86        0x2 
 .text.HAL_DMA_Init
                0x08001a88      0x15c ./Drivers/STM32F4xx_HAL_Driver/Src/stm32f4xx_hal_dma.o
                0x08001a88                HAL_DMA_Init
 .text.HAL_DMA_Start_IT
                0x08001be4       0xb0 ./Drivers/STM32F4xx_HAL_Driver/Src/stm32f4xx_hal_dma.o
                0x08001be4                HAL_DMA_Start_IT
 .text.HAL_DMA_Abort
                0x08001c94       0xe0 ./Drivers/STM32F4xx_HAL_Driver/Src/stm32f4xx_hal_dma.o
                0x08001c94                HAL_DMA_Abort
 .text.HAL_DMA_Abort_IT
                0x08001d74       0x44 ./Drivers/STM32F4xx_HAL_Driver/Src/stm32f4xx_hal_dma.o
                0x08001d74                HAL_DMA_Abort_IT
 .text.HAL_DMA_IRQHandler
                0x08001db8      0x314 ./Drivers/STM32F4xx_HAL_Driver/Src/stm32f4xx_hal_dma.o
                0x08001db8                HAL_DMA_IRQHandler
 .text.HAL_DMA_GetError
                0x080020cc       0x18 ./Drivers/STM32F4xx_HAL_Driver/Src/stm32f4xx_hal_dma.o
                0x080020cc                HAL_DMA_GetError
 .text.DMA_SetConfig
                0x080020e4       0x5c ./Drivers/STM32F4xx_HAL_Driver/Src/stm32f4xx_hal_dma.o
 .text.DMA_CalcBaseAndBitshift
                0x08002140       0x6c ./Drivers/STM32F4xx_HAL_Driver/Src/stm32f4xx_hal_dma.o
 .text.DMA_CheckFifoParam
                0x080021ac       0xf8 ./Drivers/STM32F4xx_HAL_Driver/Src/stm32f4xx_hal_dma.o
 .text.HAL_GPIO_Init
                0x080022a4      0x308 ./Drivers/STM32F4xx_HAL_Driver/Src/stm32f4xx_hal_gpio.o
                0x080022a4                HAL_GPIO_Init
 .text.HAL_GPIO_ReadPin
                0x080025ac       0x30 ./Drivers/STM32F4xx_HAL_Driver/Src/stm32f4xx_hal_gpio.o
                0x080025ac                HAL_GPIO_ReadPin
 .text.HAL_GPIO_WritePin
                0x080025dc       0x32 ./Drivers/STM32F4xx_HAL_Driver/Src/stm32f4xx_hal_gpio.o
                0x080025dc                HAL_GPIO_WritePin
 *fill*         0x0800260e        0x2 
 .text.HAL_I2C_Init
                0x08002610      0x288 ./Drivers/STM32F4xx_HAL_Driver/Src/stm32f4xx_hal_i2c.o
                0x08002610                HAL_I2C_Init
 .text.HAL_PCD_Init
                0x08002898      0x21e ./Drivers/STM32F4xx_HAL_Driver/Src/stm32f4xx_hal_pcd.o
                0x08002898                HAL_PCD_Init
 .text.HAL_PCD_Start
                0x08002ab6       0x6a ./Drivers/STM32F4xx_HAL_Driver/Src/stm32f4xx_hal_pcd.o
                0x08002ab6                HAL_PCD_Start
 .text.HAL_PCD_IRQHandler
                0x08002b20      0x942 ./Drivers/STM32F4xx_HAL_Driver/Src/stm32f4xx_hal_pcd.o
                0x08002b20                HAL_PCD_IRQHandler
 .text.HAL_PCD_SetAddress
                0x08003462       0x48 ./Drivers/STM32F4xx_HAL_Driver/Src/stm32f4xx_hal_pcd.o
                0x08003462                HAL_PCD_SetAddress
 .text.HAL_PCD_EP_Open
                0x080034aa       0xd0 ./Drivers/STM32F4xx_HAL_Driver/Src/stm32f4xx_hal_pcd.o
                0x080034aa                HAL_PCD_EP_Open
 .text.HAL_PCD_EP_Close
                0x0800357a       0x94 ./Drivers/STM32F4xx_HAL_Driver/Src/stm32f4xx_hal_pcd.o
                0x0800357a                HAL_PCD_EP_Close
 .text.HAL_PCD_EP_Receive
                0x0800360e       0x76 ./Drivers/STM32F4xx_HAL_Driver/Src/stm32f4xx_hal_pcd.o
                0x0800360e                HAL_PCD_EP_Receive
 .text.HAL_PCD_EP_GetRxCount
                0x08003684       0x30 ./Drivers/STM32F4xx_HAL_Driver/Src/stm32f4xx_hal_pcd.o
                0x08003684                HAL_PCD_EP_GetRxCount
 .text.HAL_PCD_EP_Transmit
                0x080036b4       0x74 ./Drivers/STM32F4xx_HAL_Driver/Src/stm32f4xx_hal_pcd.o
                0x080036b4                HAL_PCD_EP_Transmit
 .text.HAL_PCD_EP_SetStall
                0x08003728       0xc6 ./Drivers/STM32F4xx_HAL_Driver/Src/stm32f4xx_hal_pcd.o
                0x08003728                HAL_PCD_EP_SetStall
 .text.HAL_PCD_EP_ClrStall
                0x080037ee       0xac ./Drivers/STM32F4xx_HAL_Driver/Src/stm32f4xx_hal_pcd.o
                0x080037ee                HAL_PCD_EP_ClrStall
 .text.HAL_PCD_EP_Abort
                0x0800389a       0x62 ./Drivers/STM32F4xx_HAL_Driver/Src/stm32f4xx_hal_pcd.o
                0x0800389a                HAL_PCD_EP_Abort
 .text.PCD_WriteEmptyTxFifo
                0x080038fc      0x118 ./Drivers/STM32F4xx_HAL_Driver/Src/stm32f4xx_hal_pcd.o
 .text.PCD_EP_OutXfrComplete_int
                0x08003a14      0x1d0 ./Drivers/STM32F4xx_HAL_Driver/Src/stm32f4xx_hal_pcd.o
 .text.PCD_EP_OutSetupPacket_int
                0x08003be4       0x8c ./Drivers/STM32F4xx_HAL_Driver/Src/stm32f4xx_hal_pcd.o
 .text.HAL_PCDEx_SetTxFiFo
                0x08003c70       0x8e ./Drivers/STM32F4xx_HAL_Driver/Src/stm32f4xx_hal_pcd_ex.o
                0x08003c70                HAL_PCDEx_SetTxFiFo
 .text.HAL_PCDEx_SetRxFiFo
                0x08003cfe       0x22 ./Drivers/STM32F4xx_HAL_Driver/Src/stm32f4xx_hal_pcd_ex.o
                0x08003cfe                HAL_PCDEx_SetRxFiFo
 .text.HAL_PCDEx_LPM_Callback
                0x08003d20       0x18 ./Drivers/STM32F4xx_HAL_Driver/Src/stm32f4xx_hal_pcd_ex.o
                0x08003d20                HAL_PCDEx_LPM_Callback
 .text.HAL_RCC_OscConfig
                0x08003d38      0x4f0 ./Drivers/STM32F4xx_HAL_Driver/Src/stm32f4xx_hal_rcc.o
                0x08003d38                HAL_RCC_OscConfig
 .text.HAL_RCC_ClockConfig
                0x08004228      0x1cc ./Drivers/STM32F4xx_HAL_Driver/Src/stm32f4xx_hal_rcc.o
                0x08004228                HAL_RCC_ClockConfig
 .text.HAL_RCC_MCOConfig
                0x080043f4       0xd0 ./Drivers/STM32F4xx_HAL_Driver/Src/stm32f4xx_hal_rcc.o
                0x080043f4                HAL_RCC_MCOConfig
 .text.HAL_RCC_EnableCSS
                0x080044c4       0x18 ./Drivers/STM32F4xx_HAL_Driver/Src/stm32f4xx_hal_rcc.o
                0x080044c4                HAL_RCC_EnableCSS
 .text.HAL_RCC_GetSysClockFreq
                0x080044dc      0x208 ./Drivers/STM32F4xx_HAL_Driver/Src/stm32f4xx_hal_rcc.o
                0x080044dc                HAL_RCC_GetSysClockFreq
 .text.HAL_RCC_GetHCLKFreq
                0x080046e4       0x18 ./Drivers/STM32F4xx_HAL_Driver/Src/stm32f4xx_hal_rcc.o
                0x080046e4                HAL_RCC_GetHCLKFreq
 .text.HAL_RCC_GetPCLK1Freq
                0x080046fc       0x28 ./Drivers/STM32F4xx_HAL_Driver/Src/stm32f4xx_hal_rcc.o
                0x080046fc                HAL_RCC_GetPCLK1Freq
 .text.HAL_RCC_GetPCLK2Freq
                0x08004724       0x28 ./Drivers/STM32F4xx_HAL_Driver/Src/stm32f4xx_hal_rcc.o
                0x08004724                HAL_RCC_GetPCLK2Freq
 .text.HAL_RCC_NMI_IRQHandler
                0x0800474c       0x28 ./Drivers/STM32F4xx_HAL_Driver/Src/stm32f4xx_hal_rcc.o
                0x0800474c                HAL_RCC_NMI_IRQHandler
 .text.HAL_RCC_CSSCallback
                0x08004774        0xe ./Drivers/STM32F4xx_HAL_Driver/Src/stm32f4xx_hal_rcc.o
                0x08004774                HAL_RCC_CSSCallback
 *fill*         0x08004782        0x2 
 .text.HAL_RCCEx_PeriphCLKConfig
                0x08004784      0x1dc ./Drivers/STM32F4xx_HAL_Driver/Src/stm32f4xx_hal_rcc_ex.o
                0x08004784                HAL_RCCEx_PeriphCLKConfig
 .text.HAL_RTC_Init
                0x08004960      0x106 ./Drivers/STM32F4xx_HAL_Driver/Src/stm32f4xx_hal_rtc.o
                0x08004960                HAL_RTC_Init
 .text.HAL_RTC_SetTime
                0x08004a66      0x134 ./Drivers/STM32F4xx_HAL_Driver/Src/stm32f4xx_hal_rtc.o
                0x08004a66                HAL_RTC_SetTime
 .text.HAL_RTC_SetDate
                0x08004b9a      0x108 ./Drivers/STM32F4xx_HAL_Driver/Src/stm32f4xx_hal_rtc.o
                0x08004b9a                HAL_RTC_SetDate
 *fill*         0x08004ca2        0x2 
 .text.HAL_RTC_WaitForSynchro
                0x08004ca4       0x4c ./Drivers/STM32F4xx_HAL_Driver/Src/stm32f4xx_hal_rtc.o
                0x08004ca4                HAL_RTC_WaitForSynchro
 .text.RTC_EnterInitMode
                0x08004cf0       0x6e ./Drivers/STM32F4xx_HAL_Driver/Src/stm32f4xx_hal_rtc.o
                0x08004cf0                RTC_EnterInitMode
 .text.RTC_ExitInitMode
                0x08004d5e       0x4a ./Drivers/STM32F4xx_HAL_Driver/Src/stm32f4xx_hal_rtc.o
                0x08004d5e                RTC_ExitInitMode
 .text.RTC_ByteToBcd2
                0x08004da8       0x3c ./Drivers/STM32F4xx_HAL_Driver/Src/stm32f4xx_hal_rtc.o
                0x08004da8                RTC_ByteToBcd2
 .text.HAL_RTCEx_SetTamper
                0x08004de4       0xba ./Drivers/STM32F4xx_HAL_Driver/Src/stm32f4xx_hal_rtc_ex.o
                0x08004de4                HAL_RTCEx_SetTamper
 .text.HAL_SD_Init
                0x08004e9e       0x60 ./Drivers/STM32F4xx_HAL_Driver/Src/stm32f4xx_hal_sd.o
                0x08004e9e                HAL_SD_Init
 *fill*         0x08004efe        0x2 
 .text.HAL_SD_InitCard
                0x08004f00      0x100 ./Drivers/STM32F4xx_HAL_Driver/Src/stm32f4xx_hal_sd.o
                0x08004f00                HAL_SD_InitCard
 .text.HAL_SD_ReadBlocks_DMA
                0x08005000      0x1c4 ./Drivers/STM32F4xx_HAL_Driver/Src/stm32f4xx_hal_sd.o
                0x08005000                HAL_SD_ReadBlocks_DMA
 .text.HAL_SD_WriteBlocks_DMA
                0x080051c4      0x1cc ./Drivers/STM32F4xx_HAL_Driver/Src/stm32f4xx_hal_sd.o
                0x080051c4                HAL_SD_WriteBlocks_DMA
 .text.HAL_SD_IRQHandler
                0x08005390      0x30c ./Drivers/STM32F4xx_HAL_Driver/Src/stm32f4xx_hal_sd.o
                0x08005390                HAL_SD_IRQHandler
 .text.HAL_SD_ErrorCallback
                0x0800569c       0x14 ./Drivers/STM32F4xx_HAL_Driver/Src/stm32f4xx_hal_sd.o
                0x0800569c                HAL_SD_ErrorCallback
 .text.HAL_SD_GetCardCSD
                0x080056b0      0x348 ./Drivers/STM32F4xx_HAL_Driver/Src/stm32f4xx_hal_sd.o
                0x080056b0                HAL_SD_GetCardCSD
 .text.HAL_SD_GetCardInfo
                0x080059f8       0x58 ./Drivers/STM32F4xx_HAL_Driver/Src/stm32f4xx_hal_sd.o
                0x080059f8                HAL_SD_GetCardInfo
 .text.HAL_SD_ConfigWideBusOperation
                0x08005a50      0x134 ./Drivers/STM32F4xx_HAL_Driver/Src/stm32f4xx_hal_sd.o
                0x08005a50                HAL_SD_ConfigWideBusOperation
 .text.HAL_SD_GetCardState
                0x08005b84       0x40 ./Drivers/STM32F4xx_HAL_Driver/Src/stm32f4xx_hal_sd.o
                0x08005b84                HAL_SD_GetCardState
 .text.SD_DMATransmitCplt
                0x08005bc4       0x2a ./Drivers/STM32F4xx_HAL_Driver/Src/stm32f4xx_hal_sd.o
 .text.SD_DMAReceiveCplt
                0x08005bee       0x70 ./Drivers/STM32F4xx_HAL_Driver/Src/stm32f4xx_hal_sd.o
 *fill*         0x08005c5e        0x2 
 .text.SD_DMAError
                0x08005c60       0xa4 ./Drivers/STM32F4xx_HAL_Driver/Src/stm32f4xx_hal_sd.o
 .text.SD_DMATxAbort
                0x08005d04       0x6e ./Drivers/STM32F4xx_HAL_Driver/Src/stm32f4xx_hal_sd.o
 .text.SD_DMARxAbort
                0x08005d72       0x6e ./Drivers/STM32F4xx_HAL_Driver/Src/stm32f4xx_hal_sd.o
 .text.SD_InitCard
                0x08005de0      0x19c ./Drivers/STM32F4xx_HAL_Driver/Src/stm32f4xx_hal_sd.o
 .text.SD_PowerON
                0x08005f7c      0x11c ./Drivers/STM32F4xx_HAL_Driver/Src/stm32f4xx_hal_sd.o
 .text.SD_SendStatus
                0x08006098       0x50 ./Drivers/STM32F4xx_HAL_Driver/Src/stm32f4xx_hal_sd.o
 .text.SD_WideBus_Enable
                0x080060e8       0x96 ./Drivers/STM32F4xx_HAL_Driver/Src/stm32f4xx_hal_sd.o
 .text.SD_WideBus_Disable
                0x0800617e       0x96 ./Drivers/STM32F4xx_HAL_Driver/Src/stm32f4xx_hal_sd.o
 .text.SD_FindSCR
                0x08006214      0x1b4 ./Drivers/STM32F4xx_HAL_Driver/Src/stm32f4xx_hal_sd.o
 .text.SD_Read_IT
                0x080063c8       0xa2 ./Drivers/STM32F4xx_HAL_Driver/Src/stm32f4xx_hal_sd.o
 .text.SD_Write_IT
                0x0800646a       0xaa ./Drivers/STM32F4xx_HAL_Driver/Src/stm32f4xx_hal_sd.o
 .text.HAL_SPI_Init
                0x08006514      0x112 ./Drivers/STM32F4xx_HAL_Driver/Src/stm32f4xx_hal_spi.o
                0x08006514                HAL_SPI_Init
 *fill*         0x08006626        0x2 
 .text.HAL_SPI_IRQHandler
                0x08006628      0x1e8 ./Drivers/STM32F4xx_HAL_Driver/Src/stm32f4xx_hal_spi.o
                0x08006628                HAL_SPI_IRQHandler
 .text.HAL_SPI_ErrorCallback
                0x08006810       0x14 ./Drivers/STM32F4xx_HAL_Driver/Src/stm32f4xx_hal_spi.o
                0x08006810                HAL_SPI_ErrorCallback
 .text.SPI_DMAAbortOnError
                0x08006824       0x28 ./Drivers/STM32F4xx_HAL_Driver/Src/stm32f4xx_hal_spi.o
 .text.HAL_UART_Init
                0x0800684c       0xa0 ./Drivers/STM32F4xx_HAL_Driver/Src/stm32f4xx_hal_uart.o
                0x0800684c                HAL_UART_Init
 .text.HAL_UART_IRQHandler
                0x080068ec      0x524 ./Drivers/STM32F4xx_HAL_Driver/Src/stm32f4xx_hal_uart.o
                0x080068ec                HAL_UART_IRQHandler
 .text.HAL_UART_TxCpltCallback
                0x08006e10       0x14 ./Drivers/STM32F4xx_HAL_Driver/Src/stm32f4xx_hal_uart.o
                0x08006e10                HAL_UART_TxCpltCallback
 .text.HAL_UART_RxCpltCallback
                0x08006e24       0x14 ./Drivers/STM32F4xx_HAL_Driver/Src/stm32f4xx_hal_uart.o
                0x08006e24                HAL_UART_RxCpltCallback
 .text.HAL_UART_ErrorCallback
                0x08006e38       0x14 ./Drivers/STM32F4xx_HAL_Driver/Src/stm32f4xx_hal_uart.o
                0x08006e38                HAL_UART_ErrorCallback
 .text.HAL_UARTEx_RxEventCallback
                0x08006e4c       0x18 ./Drivers/STM32F4xx_HAL_Driver/Src/stm32f4xx_hal_uart.o
                0x08006e4c                HAL_UARTEx_RxEventCallback
 .text.UART_EndRxTransfer
                0x08006e64       0xc6 ./Drivers/STM32F4xx_HAL_Driver/Src/stm32f4xx_hal_uart.o
 .text.UART_DMAAbortOnError
                0x08006f2a       0x28 ./Drivers/STM32F4xx_HAL_Driver/Src/stm32f4xx_hal_uart.o
 .text.UART_Transmit_IT
                0x08006f52       0xa0 ./Drivers/STM32F4xx_HAL_Driver/Src/stm32f4xx_hal_uart.o
 .text.UART_EndTransmit_IT
                0x08006ff2       0x30 ./Drivers/STM32F4xx_HAL_Driver/Src/stm32f4xx_hal_uart.o
 .text.UART_Receive_IT
                0x08007022      0x17c ./Drivers/STM32F4xx_HAL_Driver/Src/stm32f4xx_hal_uart.o
 *fill*         0x0800719e        0x2 
 .text.UART_SetConfig
                0x080071a0      0x4e8 ./Drivers/STM32F4xx_HAL_Driver/Src/stm32f4xx_hal_uart.o
 .text.SDIO_Init
                0x08007688       0x56 ./Drivers/STM32F4xx_HAL_Driver/Src/stm32f4xx_ll_sdmmc.o
                0x08007688                SDIO_Init
 .text.SDIO_ReadFIFO
                0x080076de       0x1a ./Drivers/STM32F4xx_HAL_Driver/Src/stm32f4xx_ll_sdmmc.o
                0x080076de                SDIO_ReadFIFO
 .text.SDIO_WriteFIFO
                0x080076f8       0x22 ./Drivers/STM32F4xx_HAL_Driver/Src/stm32f4xx_ll_sdmmc.o
                0x080076f8                SDIO_WriteFIFO
 .text.SDIO_PowerState_ON
                0x0800771a       0x1c ./Drivers/STM32F4xx_HAL_Driver/Src/stm32f4xx_ll_sdmmc.o
                0x0800771a                SDIO_PowerState_ON
 .text.SDIO_GetPowerState
                0x08007736       0x1c ./Drivers/STM32F4xx_HAL_Driver/Src/stm32f4xx_ll_sdmmc.o
                0x08007736                SDIO_GetPowerState
 .text.SDIO_SendCommand
                0x08007752       0x54 ./Drivers/STM32F4xx_HAL_Driver/Src/stm32f4xx_ll_sdmmc.o
                0x08007752                SDIO_SendCommand
 .text.SDIO_GetCommandResponse
                0x080077a6       0x1a ./Drivers/STM32F4xx_HAL_Driver/Src/stm32f4xx_ll_sdmmc.o
                0x080077a6                SDIO_GetCommandResponse
 .text.SDIO_GetResponse
                0x080077c0       0x26 ./Drivers/STM32F4xx_HAL_Driver/Src/stm32f4xx_ll_sdmmc.o
                0x080077c0                SDIO_GetResponse
 .text.SDIO_ConfigData
                0x080077e6       0x58 ./Drivers/STM32F4xx_HAL_Driver/Src/stm32f4xx_ll_sdmmc.o
                0x080077e6                SDIO_ConfigData
 .text.SDMMC_CmdBlockLength
                0x0800783e       0x44 ./Drivers/STM32F4xx_HAL_Driver/Src/stm32f4xx_ll_sdmmc.o
                0x0800783e                SDMMC_CmdBlockLength
 .text.SDMMC_CmdReadSingleBlock
                0x08007882       0x44 ./Drivers/STM32F4xx_HAL_Driver/Src/stm32f4xx_ll_sdmmc.o
                0x08007882                SDMMC_CmdReadSingleBlock
 .text.SDMMC_CmdReadMultiBlock
                0x080078c6       0x44 ./Drivers/STM32F4xx_HAL_Driver/Src/stm32f4xx_ll_sdmmc.o
                0x080078c6                SDMMC_CmdReadMultiBlock
 .text.SDMMC_CmdWriteSingleBlock
                0x0800790a       0x44 ./Drivers/STM32F4xx_HAL_Driver/Src/stm32f4xx_ll_sdmmc.o
                0x0800790a                SDMMC_CmdWriteSingleBlock
 .text.SDMMC_CmdWriteMultiBlock
                0x0800794e       0x44 ./Drivers/STM32F4xx_HAL_Driver/Src/stm32f4xx_ll_sdmmc.o
                0x0800794e                SDMMC_CmdWriteMultiBlock
 *fill*         0x08007992        0x2 
 .text.SDMMC_CmdStopTransfer
                0x08007994       0x44 ./Drivers/STM32F4xx_HAL_Driver/Src/stm32f4xx_ll_sdmmc.o
                0x08007994                SDMMC_CmdStopTransfer
 .text.SDMMC_CmdSelDesel
                0x080079d8       0x46 ./Drivers/STM32F4xx_HAL_Driver/Src/stm32f4xx_ll_sdmmc.o
                0x080079d8                SDMMC_CmdSelDesel
 .text.SDMMC_CmdGoIdleState
                0x08007a1e       0x3c ./Drivers/STM32F4xx_HAL_Driver/Src/stm32f4xx_ll_sdmmc.o
                0x08007a1e                SDMMC_CmdGoIdleState
 .text.SDMMC_CmdOperCond
                0x08007a5a       0x3e ./Drivers/STM32F4xx_HAL_Driver/Src/stm32f4xx_ll_sdmmc.o
                0x08007a5a                SDMMC_CmdOperCond
 .text.SDMMC_CmdAppCommand
                0x08007a98       0x44 ./Drivers/STM32F4xx_HAL_Driver/Src/stm32f4xx_ll_sdmmc.o
                0x08007a98                SDMMC_CmdAppCommand
 .text.SDMMC_CmdAppOperCommand
                0x08007adc       0x46 ./Drivers/STM32F4xx_HAL_Driver/Src/stm32f4xx_ll_sdmmc.o
                0x08007adc                SDMMC_CmdAppOperCommand
 .text.SDMMC_CmdBusWidth
                0x08007b22       0x44 ./Drivers/STM32F4xx_HAL_Driver/Src/stm32f4xx_ll_sdmmc.o
                0x08007b22                SDMMC_CmdBusWidth
 .text.SDMMC_CmdSendSCR
                0x08007b66       0x42 ./Drivers/STM32F4xx_HAL_Driver/Src/stm32f4xx_ll_sdmmc.o
                0x08007b66                SDMMC_CmdSendSCR
 .text.SDMMC_CmdSendCID
                0x08007ba8       0x3c ./Drivers/STM32F4xx_HAL_Driver/Src/stm32f4xx_ll_sdmmc.o
                0x08007ba8                SDMMC_CmdSendCID
 .text.SDMMC_CmdSendCSD
                0x08007be4       0x3e ./Drivers/STM32F4xx_HAL_Driver/Src/stm32f4xx_ll_sdmmc.o
                0x08007be4                SDMMC_CmdSendCSD
 .text.SDMMC_CmdSetRelAdd
                0x08007c22       0x42 ./Drivers/STM32F4xx_HAL_Driver/Src/stm32f4xx_ll_sdmmc.o
                0x08007c22                SDMMC_CmdSetRelAdd
 .text.SDMMC_CmdSendStatus
                0x08007c64       0x44 ./Drivers/STM32F4xx_HAL_Driver/Src/stm32f4xx_ll_sdmmc.o
                0x08007c64                SDMMC_CmdSendStatus
 .text.SDMMC_GetCmdResp1
                0x08007ca8      0x1dc ./Drivers/STM32F4xx_HAL_Driver/Src/stm32f4xx_ll_sdmmc.o
                0x08007ca8                SDMMC_GetCmdResp1
 .text.SDMMC_GetCmdResp2
                0x08007e84       0x90 ./Drivers/STM32F4xx_HAL_Driver/Src/stm32f4xx_ll_sdmmc.o
                0x08007e84                SDMMC_GetCmdResp2
 .text.SDMMC_GetCmdResp3
                0x08007f14       0x7c ./Drivers/STM32F4xx_HAL_Driver/Src/stm32f4xx_ll_sdmmc.o
                0x08007f14                SDMMC_GetCmdResp3
 .text.SDMMC_GetCmdResp6
                0x08007f90       0xec ./Drivers/STM32F4xx_HAL_Driver/Src/stm32f4xx_ll_sdmmc.o
                0x08007f90                SDMMC_GetCmdResp6
 .text.SDMMC_GetCmdResp7
                0x0800807c       0x9c ./Drivers/STM32F4xx_HAL_Driver/Src/stm32f4xx_ll_sdmmc.o
                0x0800807c                SDMMC_GetCmdResp7
 .text.SDMMC_GetCmdError
                0x08008118       0x58 ./Drivers/STM32F4xx_HAL_Driver/Src/stm32f4xx_ll_sdmmc.o
 .text.USB_CoreInit
                0x08008170       0xc8 ./Drivers/STM32F4xx_HAL_Driver/Src/stm32f4xx_ll_usb.o
                0x08008170                USB_CoreInit
 .text.USB_SetTurnaroundTime
                0x08008238      0x144 ./Drivers/STM32F4xx_HAL_Driver/Src/stm32f4xx_ll_usb.o
                0x08008238                USB_SetTurnaroundTime
 .text.USB_EnableGlobalInt
                0x0800837c       0x22 ./Drivers/STM32F4xx_HAL_Driver/Src/stm32f4xx_ll_usb.o
                0x0800837c                USB_EnableGlobalInt
 .text.USB_DisableGlobalInt
                0x0800839e       0x22 ./Drivers/STM32F4xx_HAL_Driver/Src/stm32f4xx_ll_usb.o
                0x0800839e                USB_DisableGlobalInt
 .text.USB_SetCurrentMode
                0x080083c0       0x98 ./Drivers/STM32F4xx_HAL_Driver/Src/stm32f4xx_ll_usb.o
                0x080083c0                USB_SetCurrentMode
 .text.USB_DevInit
                0x08008458      0x2c8 ./Drivers/STM32F4xx_HAL_Driver/Src/stm32f4xx_ll_usb.o
                0x08008458                USB_DevInit
 .text.USB_FlushTxFifo
                0x08008720       0x64 ./Drivers/STM32F4xx_HAL_Driver/Src/stm32f4xx_ll_usb.o
                0x08008720                USB_FlushTxFifo
 .text.USB_FlushRxFifo
                0x08008784       0x5c ./Drivers/STM32F4xx_HAL_Driver/Src/stm32f4xx_ll_usb.o
                0x08008784                USB_FlushRxFifo
 .text.USB_SetDevSpeed
                0x080087e0       0x32 ./Drivers/STM32F4xx_HAL_Driver/Src/stm32f4xx_ll_usb.o
                0x080087e0                USB_SetDevSpeed
 .text.USB_GetDevSpeed
                0x08008812       0x4a ./Drivers/STM32F4xx_HAL_Driver/Src/stm32f4xx_ll_usb.o
                0x08008812                USB_GetDevSpeed
 .text.USB_ActivateEndpoint
                0x0800885c      0x10e ./Drivers/STM32F4xx_HAL_Driver/Src/stm32f4xx_ll_usb.o
                0x0800885c                USB_ActivateEndpoint
 *fill*         0x0800896a        0x2 
 .text.USB_DeactivateEndpoint
                0x0800896c      0x1b8 ./Drivers/STM32F4xx_HAL_Driver/Src/stm32f4xx_ll_usb.o
                0x0800896c                USB_DeactivateEndpoint
 .text.USB_EPStartXfer
                0x08008b24      0x530 ./Drivers/STM32F4xx_HAL_Driver/Src/stm32f4xx_ll_usb.o
                0x08008b24                USB_EPStartXfer
 .text.USB_EPStopXfer
                0x08009054      0x154 ./Drivers/STM32F4xx_HAL_Driver/Src/stm32f4xx_ll_usb.o
                0x08009054                USB_EPStopXfer
 .text.USB_WritePacket
                0x080091a8       0x7c ./Drivers/STM32F4xx_HAL_Driver/Src/stm32f4xx_ll_usb.o
                0x080091a8                USB_WritePacket
 .text.USB_ReadPacket
                0x08009224       0xb0 ./Drivers/STM32F4xx_HAL_Driver/Src/stm32f4xx_ll_usb.o
                0x08009224                USB_ReadPacket
 .text.USB_EPSetStall
                0x080092d4       0xdc ./Drivers/STM32F4xx_HAL_Driver/Src/stm32f4xx_ll_usb.o
                0x080092d4                USB_EPSetStall
 .text.USB_EPClearStall
                0x080093b0       0xcc ./Drivers/STM32F4xx_HAL_Driver/Src/stm32f4xx_ll_usb.o
                0x080093b0                USB_EPClearStall
 .text.USB_SetDevAddress
                0x0800947c       0x4c ./Drivers/STM32F4xx_HAL_Driver/Src/stm32f4xx_ll_usb.o
                0x0800947c                USB_SetDevAddress
 .text.USB_DevConnect
                0x080094c8       0x42 ./Drivers/STM32F4xx_HAL_Driver/Src/stm32f4xx_ll_usb.o
                0x080094c8                USB_DevConnect
 .text.USB_DevDisconnect
                0x0800950a       0x42 ./Drivers/STM32F4xx_HAL_Driver/Src/stm32f4xx_ll_usb.o
                0x0800950a                USB_DevDisconnect
 .text.USB_ReadInterrupts
                0x0800954c       0x26 ./Drivers/STM32F4xx_HAL_Driver/Src/stm32f4xx_ll_usb.o
                0x0800954c                USB_ReadInterrupts
 .text.USB_ReadDevAllOutEpInterrupt
                0x08009572       0x34 ./Drivers/STM32F4xx_HAL_Driver/Src/stm32f4xx_ll_usb.o
                0x08009572                USB_ReadDevAllOutEpInterrupt
 .text.USB_ReadDevAllInEpInterrupt
                0x080095a6       0x34 ./Drivers/STM32F4xx_HAL_Driver/Src/stm32f4xx_ll_usb.o
                0x080095a6                USB_ReadDevAllInEpInterrupt
 .text.USB_ReadDevOutEPInterrupt
                0x080095da       0x3c ./Drivers/STM32F4xx_HAL_Driver/Src/stm32f4xx_ll_usb.o
                0x080095da                USB_ReadDevOutEPInterrupt
 .text.USB_ReadDevInEPInterrupt
                0x08009616       0x5c ./Drivers/STM32F4xx_HAL_Driver/Src/stm32f4xx_ll_usb.o
                0x08009616                USB_ReadDevInEPInterrupt
 .text.USB_GetMode
                0x08009672       0x1c ./Drivers/STM32F4xx_HAL_Driver/Src/stm32f4xx_ll_usb.o
                0x08009672                USB_GetMode
 .text.USB_ActivateSetup
                0x0800968e       0x46 ./Drivers/STM32F4xx_HAL_Driver/Src/stm32f4xx_ll_usb.o
                0x0800968e                USB_ActivateSetup
 .text.USB_EP0_OutStart
                0x080096d4       0xbc ./Drivers/STM32F4xx_HAL_Driver/Src/stm32f4xx_ll_usb.o
                0x080096d4                USB_EP0_OutStart
 .text.USB_CoreReset
                0x08009790       0x62 ./Drivers/STM32F4xx_HAL_Driver/Src/stm32f4xx_ll_usb.o
 *fill*         0x080097f2        0x2 
 .text.MX_FATFS_Init
                0x080097f4       0x24 ./FATFS/App/fatfs.o
                0x080097f4                MX_FATFS_Init
 .text.BSP_SD_Init
                0x08009818       0x4c ./FATFS/Target/bsp_driver_sd.o
                0x08009818                BSP_SD_Init
 .text.BSP_SD_ReadBlocks_DMA
                0x08009864       0x34 ./FATFS/Target/bsp_driver_sd.o
                0x08009864                BSP_SD_ReadBlocks_DMA
 .text.BSP_SD_WriteBlocks_DMA
                0x08009898       0x34 ./FATFS/Target/bsp_driver_sd.o
                0x08009898                BSP_SD_WriteBlocks_DMA
 .text.BSP_SD_GetCardState
                0x080098cc       0x20 ./FATFS/Target/bsp_driver_sd.o
                0x080098cc                BSP_SD_GetCardState
 .text.BSP_SD_GetCardInfo
                0x080098ec       0x1c ./FATFS/Target/bsp_driver_sd.o
                0x080098ec                BSP_SD_GetCardInfo
 .text.HAL_SD_AbortCallback
                0x08009908       0x14 ./FATFS/Target/bsp_driver_sd.o
                0x08009908                HAL_SD_AbortCallback
 .text.HAL_SD_TxCpltCallback
                0x0800991c       0x14 ./FATFS/Target/bsp_driver_sd.o
                0x0800991c                HAL_SD_TxCpltCallback
 .text.HAL_SD_RxCpltCallback
                0x08009930       0x14 ./FATFS/Target/bsp_driver_sd.o
                0x08009930                HAL_SD_RxCpltCallback
 .text.BSP_SD_AbortCallback
                0x08009944        0xe ./FATFS/Target/bsp_driver_sd.o
                0x08009944                BSP_SD_AbortCallback
 .text.BSP_SD_IsDetected
                0x08009952       0x24 ./FATFS/Target/bsp_driver_sd.o
                0x08009952                BSP_SD_IsDetected
 *fill*         0x08009976        0x2 
 .text.BSP_PlatformIsDetected
                0x08009978       0x2c ./FATFS/Target/fatfs_platform.o
                0x08009978                BSP_PlatformIsDetected
 .text.SD_CheckStatusWithTimeout
                0x080099a4       0x3a ./FATFS/Target/sd_diskio.o
 *fill*         0x080099de        0x2 
 .text.SD_CheckStatus
                0x080099e0       0x3c ./FATFS/Target/sd_diskio.o
 .text.SD_initialize
                0x08009a1c       0x38 ./FATFS/Target/sd_diskio.o
                0x08009a1c                SD_initialize
 .text.SD_status
                0x08009a54       0x1c ./FATFS/Target/sd_diskio.o
                0x08009a54                SD_status
 .text.SD_read  0x08009a70       0xac ./FATFS/Target/sd_diskio.o
                0x08009a70                SD_read
 .text.SD_write
                0x08009b1c       0xac ./FATFS/Target/sd_diskio.o
                0x08009b1c                SD_write
 .text.SD_ioctl
                0x08009bc8       0xb0 ./FATFS/Target/sd_diskio.o
                0x08009bc8                SD_ioctl
 .text.BSP_SD_WriteCpltCallback
                0x08009c78       0x18 ./FATFS/Target/sd_diskio.o
                0x08009c78                BSP_SD_WriteCpltCallback
 .text.BSP_SD_ReadCpltCallback
                0x08009c90       0x18 ./FATFS/Target/sd_diskio.o
                0x08009c90                BSP_SD_ReadCpltCallback
 .text.USBD_CDC_Init
                0x08009ca8      0x1f0 ./Middlewares/ST/STM32_USB_Device_Library/Class/CDC/Src/usbd_cdc.o
 .text.USBD_CDC_DeInit
                0x08009e98      0x104 ./Middlewares/ST/STM32_USB_Device_Library/Class/CDC/Src/usbd_cdc.o
 .text.USBD_CDC_Setup
                0x08009f9c      0x1b8 ./Middlewares/ST/STM32_USB_Device_Library/Class/CDC/Src/usbd_cdc.o
 .text.USBD_CDC_DataIn
                0x0800a154       0xfe ./Middlewares/ST/STM32_USB_Device_Library/Class/CDC/Src/usbd_cdc.o
 .text.USBD_CDC_DataOut
                0x0800a252       0x70 ./Middlewares/ST/STM32_USB_Device_Library/Class/CDC/Src/usbd_cdc.o
 .text.USBD_CDC_EP0_RxReady
                0x0800a2c2       0x74 ./Middlewares/ST/STM32_USB_Device_Library/Class/CDC/Src/usbd_cdc.o
 *fill*         0x0800a336        0x2 
 .text.USBD_CDC_GetFSCfgDesc
                0x0800a338       0x70 ./Middlewares/ST/STM32_USB_Device_Library/Class/CDC/Src/usbd_cdc.o
 .text.USBD_CDC_GetHSCfgDesc
                0x0800a3a8       0x70 ./Middlewares/ST/STM32_USB_Device_Library/Class/CDC/Src/usbd_cdc.o
 .text.USBD_CDC_GetOtherSpeedCfgDesc
                0x0800a418       0x70 ./Middlewares/ST/STM32_USB_Device_Library/Class/CDC/Src/usbd_cdc.o
 .text.USBD_CDC_GetDeviceQualifierDescriptor
                0x0800a488       0x20 ./Middlewares/ST/STM32_USB_Device_Library/Class/CDC/Src/usbd_cdc.o
                0x0800a488                USBD_CDC_GetDeviceQualifierDescriptor
 .text.USBD_CDC_RegisterInterface
                0x0800a4a8       0x34 ./Middlewares/ST/STM32_USB_Device_Library/Class/CDC/Src/usbd_cdc.o
                0x0800a4a8                USBD_CDC_RegisterInterface
 .text.USBD_CDC_SetTxBuffer
                0x0800a4dc       0x44 ./Middlewares/ST/STM32_USB_Device_Library/Class/CDC/Src/usbd_cdc.o
                0x0800a4dc                USBD_CDC_SetTxBuffer
 .text.USBD_CDC_SetRxBuffer
                0x0800a520       0x3a ./Middlewares/ST/STM32_USB_Device_Library/Class/CDC/Src/usbd_cdc.o
                0x0800a520                USBD_CDC_SetRxBuffer
 *fill*         0x0800a55a        0x2 
 .text.USBD_CDC_ReceivePacket
                0x0800a55c       0x6c ./Middlewares/ST/STM32_USB_Device_Library/Class/CDC/Src/usbd_cdc.o
                0x0800a55c                USBD_CDC_ReceivePacket
 .text.USBD_Init
                0x0800a5c8       0x60 ./Middlewares/ST/STM32_USB_Device_Library/Core/Src/usbd_core.o
                0x0800a5c8                USBD_Init
 .text.USBD_RegisterClass
                0x0800a628       0x6c ./Middlewares/ST/STM32_USB_Device_Library/Core/Src/usbd_core.o
                0x0800a628                USBD_RegisterClass
 .text.USBD_Start
                0x0800a694       0x18 ./Middlewares/ST/STM32_USB_Device_Library/Core/Src/usbd_core.o
                0x0800a694                USBD_Start
 .text.USBD_RunTestMode
                0x0800a6ac       0x16 ./Middlewares/ST/STM32_USB_Device_Library/Core/Src/usbd_core.o
                0x0800a6ac                USBD_RunTestMode
 .text.USBD_SetClassConfig
                0x0800a6c2       0x38 ./Middlewares/ST/STM32_USB_Device_Library/Core/Src/usbd_core.o
                0x0800a6c2                USBD_SetClassConfig
 .text.USBD_ClrClassConfig
                0x0800a6fa       0x34 ./Middlewares/ST/STM32_USB_Device_Library/Core/Src/usbd_core.o
                0x0800a6fa                USBD_ClrClassConfig
 .text.USBD_LL_SetupStage
                0x0800a72e       0xaa ./Middlewares/ST/STM32_USB_Device_Library/Core/Src/usbd_core.o
                0x0800a72e                USBD_LL_SetupStage
 .text.USBD_LL_DataOutStage
                0x0800a7d8      0x166 ./Middlewares/ST/STM32_USB_Device_Library/Core/Src/usbd_core.o
                0x0800a7d8                USBD_LL_DataOutStage
 .text.USBD_LL_DataInStage
                0x0800a93e      0x164 ./Middlewares/ST/STM32_USB_Device_Library/Core/Src/usbd_core.o
                0x0800a93e                USBD_LL_DataInStage
 .text.USBD_LL_Reset
                0x0800aaa2       0xa4 ./Middlewares/ST/STM32_USB_Device_Library/Core/Src/usbd_core.o
                0x0800aaa2                USBD_LL_Reset
 .text.USBD_LL_SetSpeed
                0x0800ab46       0x20 ./Middlewares/ST/STM32_USB_Device_Library/Core/Src/usbd_core.o
                0x0800ab46                USBD_LL_SetSpeed
 .text.USBD_LL_Suspend
                0x0800ab66       0x38 ./Middlewares/ST/STM32_USB_Device_Library/Core/Src/usbd_core.o
                0x0800ab66                USBD_LL_Suspend
 .text.USBD_LL_Resume
                0x0800ab9e       0x30 ./Middlewares/ST/STM32_USB_Device_Library/Core/Src/usbd_core.o
                0x0800ab9e                USBD_LL_Resume
 .text.USBD_LL_SOF
                0x0800abce       0x40 ./Middlewares/ST/STM32_USB_Device_Library/Core/Src/usbd_core.o
                0x0800abce                USBD_LL_SOF
 .text.USBD_LL_IsoINIncomplete
                0x0800ac0e       0x64 ./Middlewares/ST/STM32_USB_Device_Library/Core/Src/usbd_core.o
                0x0800ac0e                USBD_LL_IsoINIncomplete
 .text.USBD_LL_IsoOUTIncomplete
                0x0800ac72       0x64 ./Middlewares/ST/STM32_USB_Device_Library/Core/Src/usbd_core.o
                0x0800ac72                USBD_LL_IsoOUTIncomplete
 .text.USBD_LL_DevConnected
                0x0800acd6       0x16 ./Middlewares/ST/STM32_USB_Device_Library/Core/Src/usbd_core.o
                0x0800acd6                USBD_LL_DevConnected
 .text.USBD_LL_DevDisconnected
                0x0800acec       0x46 ./Middlewares/ST/STM32_USB_Device_Library/Core/Src/usbd_core.o
                0x0800acec                USBD_LL_DevDisconnected
 .text.USBD_CoreFindIF
                0x0800ad32       0x1a ./Middlewares/ST/STM32_USB_Device_Library/Core/Src/usbd_core.o
                0x0800ad32                USBD_CoreFindIF
 .text.USBD_CoreFindEP
                0x0800ad4c       0x1a ./Middlewares/ST/STM32_USB_Device_Library/Core/Src/usbd_core.o
                0x0800ad4c                USBD_CoreFindEP
 .text.USBD_GetEpDesc
                0x0800ad66       0x70 ./Middlewares/ST/STM32_USB_Device_Library/Core/Src/usbd_core.o
                0x0800ad66                USBD_GetEpDesc
 .text.USBD_GetNextDesc
                0x0800add6       0x38 ./Middlewares/ST/STM32_USB_Device_Library/Core/Src/usbd_core.o
                0x0800add6                USBD_GetNextDesc
 .text.SWAPBYTE
                0x0800ae0e       0x3c ./Middlewares/ST/STM32_USB_Device_Library/Core/Src/usbd_ctlreq.o
 *fill*         0x0800ae4a        0x2 
 .text.USBD_StdDevReq
                0x0800ae4c       0xe4 ./Middlewares/ST/STM32_USB_Device_Library/Core/Src/usbd_ctlreq.o
                0x0800ae4c                USBD_StdDevReq
 .text.USBD_StdItfReq
                0x0800af30       0xd8 ./Middlewares/ST/STM32_USB_Device_Library/Core/Src/usbd_ctlreq.o
                0x0800af30                USBD_StdItfReq
 .text.USBD_StdEPReq
                0x0800b008      0x33a ./Middlewares/ST/STM32_USB_Device_Library/Core/Src/usbd_ctlreq.o
                0x0800b008                USBD_StdEPReq
 *fill*         0x0800b342        0x2 
 .text.USBD_GetDescriptor
                0x0800b344      0x2d4 ./Middlewares/ST/STM32_USB_Device_Library/Core/Src/usbd_ctlreq.o
 .text.USBD_SetAddress
                0x0800b618       0x88 ./Middlewares/ST/STM32_USB_Device_Library/Core/Src/usbd_ctlreq.o
 .text.USBD_SetConfig
                0x0800b6a0      0x154 ./Middlewares/ST/STM32_USB_Device_Library/Core/Src/usbd_ctlreq.o
 .text.USBD_GetConfig
                0x0800b7f4       0x6c ./Middlewares/ST/STM32_USB_Device_Library/Core/Src/usbd_ctlreq.o
 .text.USBD_GetStatus
                0x0800b860       0x68 ./Middlewares/ST/STM32_USB_Device_Library/Core/Src/usbd_ctlreq.o
 .text.USBD_SetFeature
                0x0800b8c8       0x52 ./Middlewares/ST/STM32_USB_Device_Library/Core/Src/usbd_ctlreq.o
 .text.USBD_ClrFeature
                0x0800b91a       0x44 ./Middlewares/ST/STM32_USB_Device_Library/Core/Src/usbd_ctlreq.o
 .text.USBD_ParseSetupRequest
                0x0800b95e       0x74 ./Middlewares/ST/STM32_USB_Device_Library/Core/Src/usbd_ctlreq.o
                0x0800b95e                USBD_ParseSetupRequest
 .text.USBD_CtlError
                0x0800b9d2       0x22 ./Middlewares/ST/STM32_USB_Device_Library/Core/Src/usbd_ctlreq.o
                0x0800b9d2                USBD_CtlError
 .text.USBD_GetString
                0x0800b9f4       0x8c ./Middlewares/ST/STM32_USB_Device_Library/Core/Src/usbd_ctlreq.o
                0x0800b9f4                USBD_GetString
 .text.USBD_GetLen
                0x0800ba80       0x34 ./Middlewares/ST/STM32_USB_Device_Library/Core/Src/usbd_ctlreq.o
 .text.USBD_CtlSendData
                0x0800bab4       0x36 ./Middlewares/ST/STM32_USB_Device_Library/Core/Src/usbd_ioreq.o
                0x0800bab4                USBD_CtlSendData
 .text.USBD_CtlContinueSendData
                0x0800baea       0x22 ./Middlewares/ST/STM32_USB_Device_Library/Core/Src/usbd_ioreq.o
                0x0800baea                USBD_CtlContinueSendData
 .text.USBD_CtlPrepareRx
                0x0800bb0c       0x3a ./Middlewares/ST/STM32_USB_Device_Library/Core/Src/usbd_ioreq.o
                0x0800bb0c                USBD_CtlPrepareRx
 .text.USBD_CtlContinueRx
                0x0800bb46       0x22 ./Middlewares/ST/STM32_USB_Device_Library/Core/Src/usbd_ioreq.o
                0x0800bb46                USBD_CtlContinueRx
 .text.USBD_CtlSendStatus
                0x0800bb68       0x26 ./Middlewares/ST/STM32_USB_Device_Library/Core/Src/usbd_ioreq.o
                0x0800bb68                USBD_CtlSendStatus
 .text.USBD_CtlReceiveStatus
                0x0800bb8e       0x26 ./Middlewares/ST/STM32_USB_Device_Library/Core/Src/usbd_ioreq.o
                0x0800bb8e                USBD_CtlReceiveStatus
 .text.FATFS_LinkDriverEx
                0x0800bbb4       0x98 ./Middlewares/Third_Party/FatFs/src/ff_gen_drv.o
                0x0800bbb4                FATFS_LinkDriverEx
 .text.FATFS_LinkDriver
                0x0800bc4c       0x1e ./Middlewares/Third_Party/FatFs/src/ff_gen_drv.o
                0x0800bc4c                FATFS_LinkDriver
 *fill*         0x0800bc6a        0x2 
 .text.MX_USB_DEVICE_Init
                0x0800bc6c       0x60 ./USB_DEVICE/App/usb_device.o
                0x0800bc6c                MX_USB_DEVICE_Init
 .text.CDC_Init_FS
                0x0800bccc       0x28 ./USB_DEVICE/App/usbd_cdc_if.o
 .text.CDC_DeInit_FS
                0x0800bcf4       0x10 ./USB_DEVICE/App/usbd_cdc_if.o
 .text.CDC_Control_FS
                0x0800bd04       0xbc ./USB_DEVICE/App/usbd_cdc_if.o
 .text.CDC_Receive_FS
                0x0800bdc0       0x28 ./USB_DEVICE/App/usbd_cdc_if.o
 .text.CDC_TransmitCplt_FS
                0x0800bde8       0x22 ./USB_DEVICE/App/usbd_cdc_if.o
 *fill*         0x0800be0a        0x2 
 .text.USBD_FS_DeviceDescriptor
                0x0800be0c       0x24 ./USB_DEVICE/App/usbd_desc.o
                0x0800be0c                USBD_FS_DeviceDescriptor
 .text.USBD_FS_LangIDStrDescriptor
                0x0800be30       0x24 ./USB_DEVICE/App/usbd_desc.o
                0x0800be30                USBD_FS_LangIDStrDescriptor
 .text.USBD_FS_ProductStrDescriptor
                0x0800be54       0x3c ./USB_DEVICE/App/usbd_desc.o
                0x0800be54                USBD_FS_ProductStrDescriptor
 .text.USBD_FS_ManufacturerStrDescriptor
                0x0800be90       0x28 ./USB_DEVICE/App/usbd_desc.o
                0x0800be90                USBD_FS_ManufacturerStrDescriptor
 .text.USBD_FS_SerialStrDescriptor
                0x0800beb8       0x24 ./USB_DEVICE/App/usbd_desc.o
                0x0800beb8                USBD_FS_SerialStrDescriptor
 .text.USBD_FS_ConfigStrDescriptor
                0x0800bedc       0x3c ./USB_DEVICE/App/usbd_desc.o
                0x0800bedc                USBD_FS_ConfigStrDescriptor
 .text.USBD_FS_InterfaceStrDescriptor
                0x0800bf18       0x3c ./USB_DEVICE/App/usbd_desc.o
                0x0800bf18                USBD_FS_InterfaceStrDescriptor
 .text.Get_SerialNum
                0x0800bf54       0x58 ./USB_DEVICE/App/usbd_desc.o
 .text.IntToUnicode
                0x0800bfac       0x7e ./USB_DEVICE/App/usbd_desc.o
 *fill*         0x0800c02a        0x2 
 .text.HAL_PCD_MspInit
                0x0800c02c       0xa8 ./USB_DEVICE/Target/usbd_conf.o
                0x0800c02c                HAL_PCD_MspInit
 .text.HAL_PCD_SetupStageCallback
                0x0800c0d4       0x24 ./USB_DEVICE/Target/usbd_conf.o
                0x0800c0d4                HAL_PCD_SetupStageCallback
 .text.HAL_PCD_DataOutStageCallback
                0x0800c0f8       0x36 ./USB_DEVICE/Target/usbd_conf.o
                0x0800c0f8                HAL_PCD_DataOutStageCallback
 .text.HAL_PCD_DataInStageCallback
                0x0800c12e       0x34 ./USB_DEVICE/Target/usbd_conf.o
                0x0800c12e                HAL_PCD_DataInStageCallback
 .text.HAL_PCD_SOFCallback
                0x0800c162       0x1c ./USB_DEVICE/Target/usbd_conf.o
                0x0800c162                HAL_PCD_SOFCallback
 .text.HAL_PCD_ResetCallback
                0x0800c17e       0x3c ./USB_DEVICE/Target/usbd_conf.o
                0x0800c17e                HAL_PCD_ResetCallback
 *fill*         0x0800c1ba        0x2 
 .text.HAL_PCD_SuspendCallback
                0x0800c1bc       0x4c ./USB_DEVICE/Target/usbd_conf.o
                0x0800c1bc                HAL_PCD_SuspendCallback
 .text.HAL_PCD_ResumeCallback
                0x0800c208       0x1c ./USB_DEVICE/Target/usbd_conf.o
                0x0800c208                HAL_PCD_ResumeCallback
 .text.HAL_PCD_ISOOUTIncompleteCallback
                0x0800c224       0x24 ./USB_DEVICE/Target/usbd_conf.o
                0x0800c224                HAL_PCD_ISOOUTIncompleteCallback
 .text.HAL_PCD_ISOINIncompleteCallback
                0x0800c248       0x24 ./USB_DEVICE/Target/usbd_conf.o
                0x0800c248                HAL_PCD_ISOINIncompleteCallback
 .text.HAL_PCD_ConnectCallback
                0x0800c26c       0x1c ./USB_DEVICE/Target/usbd_conf.o
                0x0800c26c                HAL_PCD_ConnectCallback
 .text.HAL_PCD_DisconnectCallback
                0x0800c288       0x1c ./USB_DEVICE/Target/usbd_conf.o
                0x0800c288                HAL_PCD_DisconnectCallback
 .text.USBD_LL_Init
                0x0800c2a4       0x98 ./USB_DEVICE/Target/usbd_conf.o
                0x0800c2a4                USBD_LL_Init
 .text.USBD_LL_Start
                0x0800c33c       0x36 ./USB_DEVICE/Target/usbd_conf.o
                0x0800c33c                USBD_LL_Start
 .text.USBD_LL_OpenEP
                0x0800c372       0x4c ./USB_DEVICE/Target/usbd_conf.o
                0x0800c372                USBD_LL_OpenEP
 .text.USBD_LL_CloseEP
                0x0800c3be       0x3e ./USB_DEVICE/Target/usbd_conf.o
                0x0800c3be                USBD_LL_CloseEP
 .text.USBD_LL_StallEP
                0x0800c3fc       0x3e ./USB_DEVICE/Target/usbd_conf.o
                0x0800c3fc                USBD_LL_StallEP
 .text.USBD_LL_ClearStallEP
                0x0800c43a       0x3e ./USB_DEVICE/Target/usbd_conf.o
                0x0800c43a                USBD_LL_ClearStallEP
 .text.USBD_LL_IsStallEP
                0x0800c478       0x58 ./USB_DEVICE/Target/usbd_conf.o
                0x0800c478                USBD_LL_IsStallEP
 .text.USBD_LL_SetUSBAddress
                0x0800c4d0       0x3e ./USB_DEVICE/Target/usbd_conf.o
                0x0800c4d0                USBD_LL_SetUSBAddress
 .text.USBD_LL_Transmit
                0x0800c50e       0x42 ./USB_DEVICE/Target/usbd_conf.o
                0x0800c50e                USBD_LL_Transmit
 .text.USBD_LL_PrepareReceive
                0x0800c550       0x42 ./USB_DEVICE/Target/usbd_conf.o
                0x0800c550                USBD_LL_PrepareReceive
 .text.USBD_LL_GetRxDataSize
                0x0800c592       0x26 ./USB_DEVICE/Target/usbd_conf.o
                0x0800c592                USBD_LL_GetRxDataSize
 .text.USBD_static_malloc
                0x0800c5b8       0x1c ./USB_DEVICE/Target/usbd_conf.o
                0x0800c5b8                USBD_static_malloc
 .text.USBD_static_free
                0x0800c5d4       0x14 ./USB_DEVICE/Target/usbd_conf.o
                0x0800c5d4                USBD_static_free
 .text.USBD_Get_USB_Status
                0x0800c5e8       0x58 ./USB_DEVICE/Target/usbd_conf.o
                0x0800c5e8                USBD_Get_USB_Status
 .text.memset   0x0800c640       0x10 /Applications/STM32CubeIDE.app/Contents/Eclipse/plugins/com.st.stm32cube.ide.mcu.externaltools.gnu-tools-for-stm32.12.3.rel1.macos64_1.0.200.202406191456/tools/bin/../lib/gcc/arm-none-eabi/12.3.1/../../../../arm-none-eabi/lib/thumb/v7e-m+fp/hard/libc_nano.a(libc_a-memset.o)
                0x0800c640                memset
 .text.__libc_init_array
                0x0800c650       0x48 /Applications/STM32CubeIDE.app/Contents/Eclipse/plugins/com.st.stm32cube.ide.mcu.externaltools.gnu-tools-for-stm32.12.3.rel1.macos64_1.0.200.202406191456/tools/bin/../lib/gcc/arm-none-eabi/12.3.1/../../../../arm-none-eabi/lib/thumb/v7e-m+fp/hard/libc_nano.a(libc_a-init.o)
                0x0800c650                __libc_init_array
 *(.glue_7)
 .glue_7        0x0800c698        0x0 linker stubs
 *(.glue_7t)
 .glue_7t       0x0800c698        0x0 linker stubs
 *(.eh_frame)
 .eh_frame      0x0800c698        0x0 /Applications/STM32CubeIDE.app/Contents/Eclipse/plugins/com.st.stm32cube.ide.mcu.externaltools.gnu-tools-for-stm32.12.3.rel1.macos64_1.0.200.202406191456/tools/bin/../lib/gcc/arm-none-eabi/12.3.1/thumb/v7e-m+fp/hard/crtbegin.o
 *(.init)
 .init          0x0800c698        0x4 /Applications/STM32CubeIDE.app/Contents/Eclipse/plugins/com.st.stm32cube.ide.mcu.externaltools.gnu-tools-for-stm32.12.3.rel1.macos64_1.0.200.202406191456/tools/bin/../lib/gcc/arm-none-eabi/12.3.1/thumb/v7e-m+fp/hard/crti.o
                0x0800c698                _init
 .init          0x0800c69c        0x8 /Applications/STM32CubeIDE.app/Contents/Eclipse/plugins/com.st.stm32cube.ide.mcu.externaltools.gnu-tools-for-stm32.12.3.rel1.macos64_1.0.200.202406191456/tools/bin/../lib/gcc/arm-none-eabi/12.3.1/thumb/v7e-m+fp/hard/crtn.o
 *(.fini)
 .fini          0x0800c6a4        0x4 /Applications/STM32CubeIDE.app/Contents/Eclipse/plugins/com.st.stm32cube.ide.mcu.externaltools.gnu-tools-for-stm32.12.3.rel1.macos64_1.0.200.202406191456/tools/bin/../lib/gcc/arm-none-eabi/12.3.1/thumb/v7e-m+fp/hard/crti.o
                0x0800c6a4                _fini
 .fini          0x0800c6a8        0x8 /Applications/STM32CubeIDE.app/Contents/Eclipse/plugins/com.st.stm32cube.ide.mcu.externaltools.gnu-tools-for-stm32.12.3.rel1.macos64_1.0.200.202406191456/tools/bin/../lib/gcc/arm-none-eabi/12.3.1/thumb/v7e-m+fp/hard/crtn.o
                0x0800c6b0                        . = ALIGN (0x4)
                0x0800c6b0                        _etext = .

.vfp11_veneer   0x0800c6b0        0x0
 .vfp11_veneer  0x0800c6b0        0x0 linker stubs

.v4_bx          0x0800c6b0        0x0
 .v4_bx         0x0800c6b0        0x0 linker stubs

.iplt           0x0800c6b0        0x0
 .iplt          0x0800c6b0        0x0 /Applications/STM32CubeIDE.app/Contents/Eclipse/plugins/com.st.stm32cube.ide.mcu.externaltools.gnu-tools-for-stm32.12.3.rel1.macos64_1.0.200.202406191456/tools/bin/../lib/gcc/arm-none-eabi/12.3.1/thumb/v7e-m+fp/hard/crtbegin.o

.rodata         0x0800c6b0       0x7c
                0x0800c6b0                        . = ALIGN (0x4)
 *(.rodata)
 .rodata        0x0800c6b0       0x46 ./USB_DEVICE/App/usbd_desc.o
 *(.rodata*)
 *fill*         0x0800c6f6        0x2 
 .rodata.AHBPrescTable
                0x0800c6f8       0x10 ./Core/Src/system_stm32f4xx.o
                0x0800c6f8                AHBPrescTable
 .rodata.APBPrescTable
                0x0800c708        0x8 ./Core/Src/system_stm32f4xx.o
                0x0800c708                APBPrescTable
 .rodata.flagBitshiftOffset.0
                0x0800c710        0x8 ./Drivers/STM32F4xx_HAL_Driver/Src/stm32f4xx_hal_dma.o
 .rodata.SD_Driver
                0x0800c718       0x14 ./FATFS/Target/sd_diskio.o
                0x0800c718                SD_Driver
                0x0800c72c                        . = ALIGN (0x4)

.ARM.extab      0x0800c72c        0x0
                0x0800c72c                        . = ALIGN (0x4)
 *(.ARM.extab* .gnu.linkonce.armextab.*)
                0x0800c72c                        . = ALIGN (0x4)

.ARM            0x0800c72c        0x8
                0x0800c72c                        . = ALIGN (0x4)
                0x0800c72c                        __exidx_start = .
 *(.ARM.exidx*)
 .ARM.exidx     0x0800c72c        0x8 /Applications/STM32CubeIDE.app/Contents/Eclipse/plugins/com.st.stm32cube.ide.mcu.externaltools.gnu-tools-for-stm32.12.3.rel1.macos64_1.0.200.202406191456/tools/bin/../lib/gcc/arm-none-eabi/12.3.1/thumb/v7e-m+fp/hard/libgcc.a(_udivmoddi4.o)
                0x0800c734                        __exidx_end = .
                0x0800c734                        . = ALIGN (0x4)

.preinit_array  0x0800c734        0x0
                0x0800c734                        . = ALIGN (0x4)
                0x0800c734                        PROVIDE (__preinit_array_start = .)
 *(.preinit_array*)
                0x0800c734                        PROVIDE (__preinit_array_end = .)
                0x0800c734                        . = ALIGN (0x4)

.init_array     0x0800c734        0x4
                0x0800c734                        . = ALIGN (0x4)
                0x0800c734                        PROVIDE (__init_array_start = .)
 *(SORT_BY_NAME(.init_array.*))
 *(.init_array*)
 .init_array    0x0800c734        0x4 /Applications/STM32CubeIDE.app/Contents/Eclipse/plugins/com.st.stm32cube.ide.mcu.externaltools.gnu-tools-for-stm32.12.3.rel1.macos64_1.0.200.202406191456/tools/bin/../lib/gcc/arm-none-eabi/12.3.1/thumb/v7e-m+fp/hard/crtbegin.o
                0x0800c738                        PROVIDE (__init_array_end = .)
                0x0800c738                        . = ALIGN (0x4)

.fini_array     0x0800c738        0x4
                0x0800c738                        . = ALIGN (0x4)
                [!provide]                        PROVIDE (__fini_array_start = .)
 *(SORT_BY_NAME(.fini_array.*))
 *(.fini_array*)
 .fini_array    0x0800c738        0x4 /Applications/STM32CubeIDE.app/Contents/Eclipse/plugins/com.st.stm32cube.ide.mcu.externaltools.gnu-tools-for-stm32.12.3.rel1.macos64_1.0.200.202406191456/tools/bin/../lib/gcc/arm-none-eabi/12.3.1/thumb/v7e-m+fp/hard/crtbegin.o
                [!provide]                        PROVIDE (__fini_array_end = .)
                0x0800c73c                        . = ALIGN (0x4)
                0x0800c73c                        _sidata = LOADADDR (.data)

.rel.dyn        0x0800c73c        0x0
 .rel.iplt      0x0800c73c        0x0 /Applications/STM32CubeIDE.app/Contents/Eclipse/plugins/com.st.stm32cube.ide.mcu.externaltools.gnu-tools-for-stm32.12.3.rel1.macos64_1.0.200.202406191456/tools/bin/../lib/gcc/arm-none-eabi/12.3.1/thumb/v7e-m+fp/hard/crtbegin.o

.data           0x20000000       0xfc load address 0x0800c73c
                0x20000000                        . = ALIGN (0x4)
                0x20000000                        _sdata = .
 *(.data)
 *(.data*)
 .data.SystemCoreClock
                0x20000000        0x4 ./Core/Src/system_stm32f4xx.o
                0x20000000                SystemCoreClock
 .data.uwTickPrio
                0x20000004        0x4 ./Drivers/STM32F4xx_HAL_Driver/Src/stm32f4xx_hal.o
                0x20000004                uwTickPrio
 .data.uwTickFreq
                0x20000008        0x1 ./Drivers/STM32F4xx_HAL_Driver/Src/stm32f4xx_hal.o
                0x20000008                uwTickFreq
 .data.Stat     0x20000009        0x1 ./FATFS/Target/sd_diskio.o
 *fill*         0x2000000a        0x2 
 .data.USBD_CDC_DeviceQualifierDesc
                0x2000000c        0xa ./Middlewares/ST/STM32_USB_Device_Library/Class/CDC/Src/usbd_cdc.o
 *fill*         0x20000016        0x2 
 .data.USBD_CDC
                0x20000018       0x38 ./Middlewares/ST/STM32_USB_Device_Library/Class/CDC/Src/usbd_cdc.o
                0x20000018                USBD_CDC
 .data.USBD_CDC_CfgDesc
                0x20000050       0x43 ./Middlewares/ST/STM32_USB_Device_Library/Class/CDC/Src/usbd_cdc.o
 .data.CDCInEpAdd
                0x20000093        0x1 ./Middlewares/ST/STM32_USB_Device_Library/Class/CDC/Src/usbd_cdc.o
 .data.CDCOutEpAdd
                0x20000094        0x1 ./Middlewares/ST/STM32_USB_Device_Library/Class/CDC/Src/usbd_cdc.o
 .data.CDCCmdEpAdd
                0x20000095        0x1 ./Middlewares/ST/STM32_USB_Device_Library/Class/CDC/Src/usbd_cdc.o
 *fill*         0x20000096        0x2 
 .data.USBD_Interface_fops_FS
                0x20000098       0x14 ./USB_DEVICE/App/usbd_cdc_if.o
                0x20000098                USBD_Interface_fops_FS
 .data.FS_Desc  0x200000ac       0x1c ./USB_DEVICE/App/usbd_desc.o
                0x200000ac                FS_Desc
 .data.USBD_FS_DeviceDesc
                0x200000c8       0x12 ./USB_DEVICE/App/usbd_desc.o
                0x200000c8                USBD_FS_DeviceDesc
 *fill*         0x200000da        0x2 
 .data.USBD_LangIDDesc
                0x200000dc        0x4 ./USB_DEVICE/App/usbd_desc.o
                0x200000dc                USBD_LangIDDesc
 .data.USBD_StringSerial
                0x200000e0       0x1a ./USB_DEVICE/App/usbd_desc.o
                0x200000e0                USBD_StringSerial
 *(.RamFunc)
 *(.RamFunc*)
                0x200000fc                        . = ALIGN (0x4)
 *fill*         0x200000fa        0x2 
                0x200000fc                        _edata = .

.igot.plt       0x200000fc        0x0 load address 0x0800c838
 .igot.plt      0x200000fc        0x0 /Applications/STM32CubeIDE.app/Contents/Eclipse/plugins/com.st.stm32cube.ide.mcu.externaltools.gnu-tools-for-stm32.12.3.rel1.macos64_1.0.200.202406191456/tools/bin/../lib/gcc/arm-none-eabi/12.3.1/thumb/v7e-m+fp/hard/crtbegin.o
                0x200000fc                        . = ALIGN (0x4)

.bss            0x200000fc     0x1708 load address 0x0800c838
                0x200000fc                        _sbss = .
                0x200000fc                        __bss_start__ = _sbss
 *(.bss)
 .bss           0x200000fc       0x1c /Applications/STM32CubeIDE.app/Contents/Eclipse/plugins/com.st.stm32cube.ide.mcu.externaltools.gnu-tools-for-stm32.12.3.rel1.macos64_1.0.200.202406191456/tools/bin/../lib/gcc/arm-none-eabi/12.3.1/thumb/v7e-m+fp/hard/crtbegin.o
 *(.bss*)
 .bss.hadc1     0x20000118       0x48 ./Core/Src/adc.o
                0x20000118                hadc1
 .bss.hi2c1     0x20000160       0x54 ./Core/Src/i2c.o
                0x20000160                hi2c1
 .bss.hrtc      0x200001b4       0x20 ./Core/Src/rtc.o
                0x200001b4                hrtc
 .bss.hsd       0x200001d4       0x84 ./Core/Src/sdio.o
                0x200001d4                hsd
 .bss.hdma_sdio_rx
                0x20000258       0x60 ./Core/Src/sdio.o
                0x20000258                hdma_sdio_rx
 .bss.hdma_sdio_tx
                0x200002b8       0x60 ./Core/Src/sdio.o
                0x200002b8                hdma_sdio_tx
 .bss.hspi1     0x20000318       0x58 ./Core/Src/spi.o
                0x20000318                hspi1
 .bss.huart1    0x20000370       0x48 ./Core/Src/usart.o
                0x20000370                huart1
 .bss.huart6    0x200003b8       0x48 ./Core/Src/usart.o
                0x200003b8                huart6
 .bss.uwTick    0x20000400        0x4 ./Drivers/STM32F4xx_HAL_Driver/Src/stm32f4xx_hal.o
                0x20000400                uwTick
 .bss.retSD     0x20000404        0x1 ./FATFS/App/fatfs.o
                0x20000404                retSD
 *fill*         0x20000405        0x3 
 .bss.SDPath    0x20000408        0x4 ./FATFS/App/fatfs.o
                0x20000408                SDPath
 .bss.WriteStatus
                0x2000040c        0x4 ./FATFS/Target/sd_diskio.o
 .bss.ReadStatus
                0x20000410        0x4 ./FATFS/Target/sd_diskio.o
 .bss.cfgidx.0  0x20000414        0x1 ./Middlewares/ST/STM32_USB_Device_Library/Core/Src/usbd_ctlreq.o
 *fill*         0x20000415        0x3 
 .bss.disk      0x20000418        0xc ./Middlewares/Third_Party/FatFs/src/ff_gen_drv.o
                0x20000418                disk
 .bss.hUsbDeviceFS
                0x20000424      0x2dc ./USB_DEVICE/App/usb_device.o
                0x20000424                hUsbDeviceFS
 .bss.UserRxBufferFS
                0x20000700      0x400 ./USB_DEVICE/App/usbd_cdc_if.o
                0x20000700                UserRxBufferFS
 .bss.UserTxBufferFS
                0x20000b00      0x400 ./USB_DEVICE/App/usbd_cdc_if.o
                0x20000b00                UserTxBufferFS
 .bss.USBD_StrDesc
                0x20000f00      0x200 ./USB_DEVICE/App/usbd_desc.o
                0x20000f00                USBD_StrDesc
 .bss.hpcd_USB_OTG_FS
                0x20001100      0x4e4 ./USB_DEVICE/Target/usbd_conf.o
                0x20001100                hpcd_USB_OTG_FS
 .bss.mem.0     0x200015e4      0x220 ./USB_DEVICE/Target/usbd_conf.o
 *(COMMON)
                0x20001804                        . = ALIGN (0x4)
                0x20001804                        _ebss = .
                0x20001804                        __bss_end__ = _ebss

._user_heap_stack
                0x20001804      0xc04 load address 0x0800c838
                0x20001808                        . = ALIGN (0x8)
 *fill*         0x20001804        0x4 
                [!provide]                        PROVIDE (end = .)
                0x20001808                        PROVIDE (_end = .)
                0x20001c08                        . = (. + _Min_Heap_Size)
 *fill*         0x20001808      0x400 
                0x20002408                        . = (. + _Min_Stack_Size)
 *fill*         0x20001c08      0x800 
                0x20002408                        . = ALIGN (0x8)

/DISCARD/
 libc.a(*)
 libm.a(*)
 libgcc.a(*)

.ARM.attributes
                0x00000000       0x30
 *(.ARM.attributes)
 .ARM.attributes
                0x00000000       0x22 /Applications/STM32CubeIDE.app/Contents/Eclipse/plugins/com.st.stm32cube.ide.mcu.externaltools.gnu-tools-for-stm32.12.3.rel1.macos64_1.0.200.202406191456/tools/bin/../lib/gcc/arm-none-eabi/12.3.1/thumb/v7e-m+fp/hard/crti.o
 .ARM.attributes
                0x00000022       0x34 /Applications/STM32CubeIDE.app/Contents/Eclipse/plugins/com.st.stm32cube.ide.mcu.externaltools.gnu-tools-for-stm32.12.3.rel1.macos64_1.0.200.202406191456/tools/bin/../lib/gcc/arm-none-eabi/12.3.1/thumb/v7e-m+fp/hard/crtbegin.o
 .ARM.attributes
                0x00000056       0x34 ./Core/Src/adc.o
 .ARM.attributes
                0x0000008a       0x34 ./Core/Src/dma.o
 .ARM.attributes
                0x000000be       0x34 ./Core/Src/gpio.o
 .ARM.attributes
                0x000000f2       0x34 ./Core/Src/i2c.o
 .ARM.attributes
                0x00000126       0x34 ./Core/Src/main.o
 .ARM.attributes
                0x0000015a       0x34 ./Core/Src/rtc.o
 .ARM.attributes
                0x0000018e       0x34 ./Core/Src/sdio.o
 .ARM.attributes
                0x000001c2       0x34 ./Core/Src/spi.o
 .ARM.attributes
                0x000001f6       0x34 ./Core/Src/stm32f4xx_hal_msp.o
 .ARM.attributes
                0x0000022a       0x34 ./Core/Src/stm32f4xx_it.o
 .ARM.attributes
                0x0000025e       0x34 ./Core/Src/system_stm32f4xx.o
 .ARM.attributes
                0x00000292       0x34 ./Core/Src/usart.o
 .ARM.attributes
                0x000002c6       0x21 ./Core/Startup/startup_stm32f401rctx.o
 .ARM.attributes
                0x000002e7       0x34 ./Drivers/STM32F4xx_HAL_Driver/Src/stm32f4xx_hal.o
 .ARM.attributes
                0x0000031b       0x34 ./Drivers/STM32F4xx_HAL_Driver/Src/stm32f4xx_hal_adc.o
 .ARM.attributes
                0x0000034f       0x34 ./Drivers/STM32F4xx_HAL_Driver/Src/stm32f4xx_hal_cortex.o
 .ARM.attributes
                0x00000383       0x34 ./Drivers/STM32F4xx_HAL_Driver/Src/stm32f4xx_hal_dma.o
 .ARM.attributes
                0x000003b7       0x34 ./Drivers/STM32F4xx_HAL_Driver/Src/stm32f4xx_hal_gpio.o
 .ARM.attributes
                0x000003eb       0x34 ./Drivers/STM32F4xx_HAL_Driver/Src/stm32f4xx_hal_i2c.o
 .ARM.attributes
                0x0000041f       0x34 ./Drivers/STM32F4xx_HAL_Driver/Src/stm32f4xx_hal_pcd.o
 .ARM.attributes
                0x00000453       0x34 ./Drivers/STM32F4xx_HAL_Driver/Src/stm32f4xx_hal_pcd_ex.o
 .ARM.attributes
                0x00000487       0x34 ./Drivers/STM32F4xx_HAL_Driver/Src/stm32f4xx_hal_rcc.o
 .ARM.attributes
                0x000004bb       0x34 ./Drivers/STM32F4xx_HAL_Driver/Src/stm32f4xx_hal_rcc_ex.o
 .ARM.attributes
                0x000004ef       0x34 ./Drivers/STM32F4xx_HAL_Driver/Src/stm32f4xx_hal_rtc.o
 .ARM.attributes
                0x00000523       0x34 ./Drivers/STM32F4xx_HAL_Driver/Src/stm32f4xx_hal_rtc_ex.o
 .ARM.attributes
                0x00000557       0x34 ./Drivers/STM32F4xx_HAL_Driver/Src/stm32f4xx_hal_sd.o
 .ARM.attributes
                0x0000058b       0x34 ./Drivers/STM32F4xx_HAL_Driver/Src/stm32f4xx_hal_spi.o
 .ARM.attributes
                0x000005bf       0x34 ./Drivers/STM32F4xx_HAL_Driver/Src/stm32f4xx_hal_uart.o
 .ARM.attributes
                0x000005f3       0x34 ./Drivers/STM32F4xx_HAL_Driver/Src/stm32f4xx_ll_sdmmc.o
 .ARM.attributes
                0x00000627       0x34 ./Drivers/STM32F4xx_HAL_Driver/Src/stm32f4xx_ll_usb.o
 .ARM.attributes
                0x0000065b       0x34 ./FATFS/App/fatfs.o
 .ARM.attributes
                0x0000068f       0x34 ./FATFS/Target/bsp_driver_sd.o
 .ARM.attributes
                0x000006c3       0x34 ./FATFS/Target/fatfs_platform.o
 .ARM.attributes
                0x000006f7       0x34 ./FATFS/Target/sd_diskio.o
 .ARM.attributes
                0x0000072b       0x34 ./Middlewares/ST/STM32_USB_Device_Library/Class/CDC/Src/usbd_cdc.o
 .ARM.attributes
                0x0000075f       0x34 ./Middlewares/ST/STM32_USB_Device_Library/Core/Src/usbd_core.o
 .ARM.attributes
                0x00000793       0x34 ./Middlewares/ST/STM32_USB_Device_Library/Core/Src/usbd_ctlreq.o
 .ARM.attributes
                0x000007c7       0x34 ./Middlewares/ST/STM32_USB_Device_Library/Core/Src/usbd_ioreq.o
 .ARM.attributes
                0x000007fb       0x34 ./Middlewares/Third_Party/FatFs/src/ff_gen_drv.o
 .ARM.attributes
                0x0000082f       0x34 ./USB_DEVICE/App/usb_device.o
 .ARM.attributes
                0x00000863       0x34 ./USB_DEVICE/App/usbd_cdc_if.o
 .ARM.attributes
                0x00000897       0x34 ./USB_DEVICE/App/usbd_desc.o
 .ARM.attributes
                0x000008cb       0x34 ./USB_DEVICE/Target/usbd_conf.o
 .ARM.attributes
                0x000008ff       0x34 /Applications/STM32CubeIDE.app/Contents/Eclipse/plugins/com.st.stm32cube.ide.mcu.externaltools.gnu-tools-for-stm32.12.3.rel1.macos64_1.0.200.202406191456/tools/bin/../lib/gcc/arm-none-eabi/12.3.1/../../../../arm-none-eabi/lib/thumb/v7e-m+fp/hard/libc_nano.a(libc_a-memset.o)
 .ARM.attributes
                0x00000933       0x34 /Applications/STM32CubeIDE.app/Contents/Eclipse/plugins/com.st.stm32cube.ide.mcu.externaltools.gnu-tools-for-stm32.12.3.rel1.macos64_1.0.200.202406191456/tools/bin/../lib/gcc/arm-none-eabi/12.3.1/../../../../arm-none-eabi/lib/thumb/v7e-m+fp/hard/libc_nano.a(libc_a-init.o)
 .ARM.attributes
                0x00000967       0x22 /Applications/STM32CubeIDE.app/Contents/Eclipse/plugins/com.st.stm32cube.ide.mcu.externaltools.gnu-tools-for-stm32.12.3.rel1.macos64_1.0.200.202406191456/tools/bin/../lib/gcc/arm-none-eabi/12.3.1/thumb/v7e-m+fp/hard/libgcc.a(_aeabi_uldivmod.o)
 .ARM.attributes
                0x00000989       0x34 /Applications/STM32CubeIDE.app/Contents/Eclipse/plugins/com.st.stm32cube.ide.mcu.externaltools.gnu-tools-for-stm32.12.3.rel1.macos64_1.0.200.202406191456/tools/bin/../lib/gcc/arm-none-eabi/12.3.1/thumb/v7e-m+fp/hard/libgcc.a(_udivmoddi4.o)
 .ARM.attributes
                0x000009bd       0x22 /Applications/STM32CubeIDE.app/Contents/Eclipse/plugins/com.st.stm32cube.ide.mcu.externaltools.gnu-tools-for-stm32.12.3.rel1.macos64_1.0.200.202406191456/tools/bin/../lib/gcc/arm-none-eabi/12.3.1/thumb/v7e-m+fp/hard/libgcc.a(_dvmd_tls.o)
 .ARM.attributes
                0x000009df       0x22 /Applications/STM32CubeIDE.app/Contents/Eclipse/plugins/com.st.stm32cube.ide.mcu.externaltools.gnu-tools-for-stm32.12.3.rel1.macos64_1.0.200.202406191456/tools/bin/../lib/gcc/arm-none-eabi/12.3.1/thumb/v7e-m+fp/hard/crtn.o
OUTPUT(Firmware-Horus.elf elf32-littlearm)
LOAD linker stubs
LOAD /Applications/STM32CubeIDE.app/Contents/Eclipse/plugins/com.st.stm32cube.ide.mcu.externaltools.gnu-tools-for-stm32.12.3.rel1.macos64_1.0.200.202406191456/tools/bin/../lib/gcc/arm-none-eabi/12.3.1/../../../../arm-none-eabi/lib/thumb/v7e-m+fp/hard/libc.a
LOAD /Applications/STM32CubeIDE.app/Contents/Eclipse/plugins/com.st.stm32cube.ide.mcu.externaltools.gnu-tools-for-stm32.12.3.rel1.macos64_1.0.200.202406191456/tools/bin/../lib/gcc/arm-none-eabi/12.3.1/../../../../arm-none-eabi/lib/thumb/v7e-m+fp/hard/libm.a
LOAD /Applications/STM32CubeIDE.app/Contents/Eclipse/plugins/com.st.stm32cube.ide.mcu.externaltools.gnu-tools-for-stm32.12.3.rel1.macos64_1.0.200.202406191456/tools/bin/../lib/gcc/arm-none-eabi/12.3.1/thumb/v7e-m+fp/hard/libgcc.a

.debug_info     0x00000000    0x20b36
 .debug_info    0x00000000      0x9e2 ./Core/Src/adc.o
 .debug_info    0x000009e2      0x43f ./Core/Src/dma.o
 .debug_info    0x00000e21      0x467 ./Core/Src/gpio.o
 .debug_info    0x00001288      0x9a5 ./Core/Src/i2c.o
 .debug_info    0x00001c2d      0x546 ./Core/Src/main.o
 .debug_info    0x00002173      0x759 ./Core/Src/rtc.o
 .debug_info    0x000028cc      0xcd9 ./Core/Src/sdio.o
 .debug_info    0x000035a5      0xb50 ./Core/Src/spi.o
 .debug_info    0x000040f5      0x291 ./Core/Src/stm32f4xx_hal_msp.o
 .debug_info    0x00004386     0x116f ./Core/Src/stm32f4xx_it.o
 .debug_info    0x000054f5      0x53e ./Core/Src/system_stm32f4xx.o
 .debug_info    0x00005a33      0xb80 ./Core/Src/usart.o
 .debug_info    0x000065b3       0x30 ./Core/Startup/startup_stm32f401rctx.o
 .debug_info    0x000065e3      0x8bb ./Drivers/STM32F4xx_HAL_Driver/Src/stm32f4xx_hal.o
 .debug_info    0x00006e9e      0xcd1 ./Drivers/STM32F4xx_HAL_Driver/Src/stm32f4xx_hal_adc.o
 .debug_info    0x00007b6f      0xcc1 ./Drivers/STM32F4xx_HAL_Driver/Src/stm32f4xx_hal_cortex.o
 .debug_info    0x00008830      0x8e6 ./Drivers/STM32F4xx_HAL_Driver/Src/stm32f4xx_hal_dma.o
 .debug_info    0x00009116      0x6f9 ./Drivers/STM32F4xx_HAL_Driver/Src/stm32f4xx_hal_gpio.o
 .debug_info    0x0000980f     0x2426 ./Drivers/STM32F4xx_HAL_Driver/Src/stm32f4xx_hal_i2c.o
 .debug_info    0x0000bc35     0x1577 ./Drivers/STM32F4xx_HAL_Driver/Src/stm32f4xx_hal_pcd.o
 .debug_info    0x0000d1ac      0x6ea ./Drivers/STM32F4xx_HAL_Driver/Src/stm32f4xx_hal_pcd_ex.o
 .debug_info    0x0000d896      0x8f3 ./Drivers/STM32F4xx_HAL_Driver/Src/stm32f4xx_hal_rcc.o
 .debug_info    0x0000e189      0x574 ./Drivers/STM32F4xx_HAL_Driver/Src/stm32f4xx_hal_rcc_ex.o
 .debug_info    0x0000e6fd      0xc43 ./Drivers/STM32F4xx_HAL_Driver/Src/stm32f4xx_hal_rtc.o
 .debug_info    0x0000f340      0xe57 ./Drivers/STM32F4xx_HAL_Driver/Src/stm32f4xx_hal_rtc_ex.o
 .debug_info    0x00010197     0x1c12 ./Drivers/STM32F4xx_HAL_Driver/Src/stm32f4xx_hal_sd.o
 .debug_info    0x00011da9     0x1606 ./Drivers/STM32F4xx_HAL_Driver/Src/stm32f4xx_hal_spi.o
 .debug_info    0x000133af     0x2f56 ./Drivers/STM32F4xx_HAL_Driver/Src/stm32f4xx_hal_uart.o
 .debug_info    0x00016305     0x10c4 ./Drivers/STM32F4xx_HAL_Driver/Src/stm32f4xx_ll_sdmmc.o
 .debug_info    0x000173c9     0x1993 ./Drivers/STM32F4xx_HAL_Driver/Src/stm32f4xx_ll_usb.o
 .debug_info    0x00018d5c      0x508 ./FATFS/App/fatfs.o
 .debug_info    0x00019264      0xaf1 ./FATFS/Target/bsp_driver_sd.o
 .debug_info    0x00019d55      0x1cc ./FATFS/Target/fatfs_platform.o
 .debug_info    0x00019f21      0x569 ./FATFS/Target/sd_diskio.o
 .debug_info    0x0001a48a     0x12a3 ./Middlewares/ST/STM32_USB_Device_Library/Class/CDC/Src/usbd_cdc.o
 .debug_info    0x0001b72d      0xe05 ./Middlewares/ST/STM32_USB_Device_Library/Core/Src/usbd_core.o
 .debug_info    0x0001c532      0xade ./Middlewares/ST/STM32_USB_Device_Library/Core/Src/usbd_ctlreq.o
 .debug_info    0x0001d010      0x755 ./Middlewares/ST/STM32_USB_Device_Library/Core/Src/usbd_ioreq.o
 .debug_info    0x0001d765      0x37f ./Middlewares/Third_Party/FatFs/src/ff_gen_drv.o
 .debug_info    0x0001dae4      0x701 ./USB_DEVICE/App/usb_device.o
 .debug_info    0x0001e1e5      0x8fa ./USB_DEVICE/App/usbd_cdc_if.o
 .debug_info    0x0001eadf      0x458 ./USB_DEVICE/App/usbd_desc.o
 .debug_info    0x0001ef37     0x1bff ./USB_DEVICE/Target/usbd_conf.o

.debug_abbrev   0x00000000     0x57d3
 .debug_abbrev  0x00000000      0x1f2 ./Core/Src/adc.o
 .debug_abbrev  0x000001f2      0x10e ./Core/Src/dma.o
 .debug_abbrev  0x00000300      0x151 ./Core/Src/gpio.o
 .debug_abbrev  0x00000451      0x1f0 ./Core/Src/i2c.o
 .debug_abbrev  0x00000641      0x1ff ./Core/Src/main.o
 .debug_abbrev  0x00000840      0x196 ./Core/Src/rtc.o
 .debug_abbrev  0x000009d6      0x22a ./Core/Src/sdio.o
 .debug_abbrev  0x00000c00      0x210 ./Core/Src/spi.o
 .debug_abbrev  0x00000e10       0xd8 ./Core/Src/stm32f4xx_hal_msp.o
 .debug_abbrev  0x00000ee8      0x21b ./Core/Src/stm32f4xx_it.o
 .debug_abbrev  0x00001103      0x11a ./Core/Src/system_stm32f4xx.o
 .debug_abbrev  0x0000121d      0x21d ./Core/Src/usart.o
 .debug_abbrev  0x0000143a       0x24 ./Core/Startup/startup_stm32f401rctx.o
 .debug_abbrev  0x0000145e      0x24b ./Drivers/STM32F4xx_HAL_Driver/Src/stm32f4xx_hal.o
 .debug_abbrev  0x000016a9      0x20e ./Drivers/STM32F4xx_HAL_Driver/Src/stm32f4xx_hal_adc.o
 .debug_abbrev  0x000018b7      0x328 ./Drivers/STM32F4xx_HAL_Driver/Src/stm32f4xx_hal_cortex.o
 .debug_abbrev  0x00001bdf      0x221 ./Drivers/STM32F4xx_HAL_Driver/Src/stm32f4xx_hal_dma.o
 .debug_abbrev  0x00001e00      0x1d3 ./Drivers/STM32F4xx_HAL_Driver/Src/stm32f4xx_hal_gpio.o
 .debug_abbrev  0x00001fd3      0x2bc ./Drivers/STM32F4xx_HAL_Driver/Src/stm32f4xx_hal_i2c.o
 .debug_abbrev  0x0000228f      0x2b6 ./Drivers/STM32F4xx_HAL_Driver/Src/stm32f4xx_hal_pcd.o
 .debug_abbrev  0x00002545      0x1da ./Drivers/STM32F4xx_HAL_Driver/Src/stm32f4xx_hal_pcd_ex.o
 .debug_abbrev  0x0000271f      0x2b5 ./Drivers/STM32F4xx_HAL_Driver/Src/stm32f4xx_hal_rcc.o
 .debug_abbrev  0x000029d4      0x1af ./Drivers/STM32F4xx_HAL_Driver/Src/stm32f4xx_hal_rcc_ex.o
 .debug_abbrev  0x00002b83      0x1fb ./Drivers/STM32F4xx_HAL_Driver/Src/stm32f4xx_hal_rtc.o
 .debug_abbrev  0x00002d7e      0x216 ./Drivers/STM32F4xx_HAL_Driver/Src/stm32f4xx_hal_rtc_ex.o
 .debug_abbrev  0x00002f94      0x292 ./Drivers/STM32F4xx_HAL_Driver/Src/stm32f4xx_hal_sd.o
 .debug_abbrev  0x00003226      0x280 ./Drivers/STM32F4xx_HAL_Driver/Src/stm32f4xx_hal_spi.o
 .debug_abbrev  0x000034a6      0x31b ./Drivers/STM32F4xx_HAL_Driver/Src/stm32f4xx_hal_uart.o
 .debug_abbrev  0x000037c1      0x1d6 ./Drivers/STM32F4xx_HAL_Driver/Src/stm32f4xx_ll_sdmmc.o
 .debug_abbrev  0x00003997      0x2b3 ./Drivers/STM32F4xx_HAL_Driver/Src/stm32f4xx_ll_usb.o
 .debug_abbrev  0x00003c4a      0x15e ./FATFS/App/fatfs.o
 .debug_abbrev  0x00003da8      0x2b1 ./FATFS/Target/bsp_driver_sd.o
 .debug_abbrev  0x00004059      0x107 ./FATFS/Target/fatfs_platform.o
 .debug_abbrev  0x00004160      0x22b ./FATFS/Target/sd_diskio.o
 .debug_abbrev  0x0000438b      0x2d2 ./Middlewares/ST/STM32_USB_Device_Library/Class/CDC/Src/usbd_cdc.o
 .debug_abbrev  0x0000465d      0x27c ./Middlewares/ST/STM32_USB_Device_Library/Core/Src/usbd_core.o
 .debug_abbrev  0x000048d9      0x26f ./Middlewares/ST/STM32_USB_Device_Library/Core/Src/usbd_ctlreq.o
 .debug_abbrev  0x00004b48      0x19a ./Middlewares/ST/STM32_USB_Device_Library/Core/Src/usbd_ioreq.o
 .debug_abbrev  0x00004ce2      0x19f ./Middlewares/Third_Party/FatFs/src/ff_gen_drv.o
 .debug_abbrev  0x00004e81      0x195 ./USB_DEVICE/App/usb_device.o
 .debug_abbrev  0x00005016      0x29d ./USB_DEVICE/App/usbd_cdc_if.o
 .debug_abbrev  0x000052b3      0x1e1 ./USB_DEVICE/App/usbd_desc.o
 .debug_abbrev  0x00005494      0x33f ./USB_DEVICE/Target/usbd_conf.o

.debug_aranges  0x00000000     0x1b90
 .debug_aranges
                0x00000000       0x30 ./Core/Src/adc.o
 .debug_aranges
                0x00000030       0x20 ./Core/Src/dma.o
 .debug_aranges
                0x00000050       0x20 ./Core/Src/gpio.o
 .debug_aranges
                0x00000070       0x30 ./Core/Src/i2c.o
 .debug_aranges
                0x000000a0       0x30 ./Core/Src/main.o
 .debug_aranges
                0x000000d0       0x30 ./Core/Src/rtc.o
 .debug_aranges
                0x00000100       0x30 ./Core/Src/sdio.o
 .debug_aranges
                0x00000130       0x30 ./Core/Src/spi.o
 .debug_aranges
                0x00000160       0x20 ./Core/Src/stm32f4xx_hal_msp.o
 .debug_aranges
                0x00000180       0x98 ./Core/Src/stm32f4xx_it.o
 .debug_aranges
                0x00000218       0x28 ./Core/Src/system_stm32f4xx.o
 .debug_aranges
                0x00000240       0x38 ./Core/Src/usart.o
 .debug_aranges
                0x00000278       0x28 ./Core/Startup/startup_stm32f401rctx.o
 .debug_aranges
                0x000002a0       0xf0 ./Drivers/STM32F4xx_HAL_Driver/Src/stm32f4xx_hal.o
 .debug_aranges