Archive member included to satisfy reference by file (symbol)

/Applications/STM32CubeIDE.app/Contents/Eclipse/plugins/com.st.stm32cube.ide.mcu.externaltools.gnu-tools-for-stm32.12.3.rel1.macos64_1.0.200.202406191456/tools/bin/../lib/gcc/arm-none-eabi/12.3.1/../../../../arm-none-eabi/lib/thumb/v7e-m+fp/hard/libc_nano.a(libc_a-exit.o)
                              /Applications/STM32CubeIDE.app/Contents/Eclipse/plugins/com.st.stm32cube.ide.mcu.externaltools.gnu-tools-for-stm32.12.3.rel1.macos64_1.0.200.202406191456/tools/bin/../lib/gcc/arm-none-eabi/12.3.1/../../../../arm-none-eabi/lib/thumb/v7e-m+fp/hard/crt0.o (exit)
/Applications/STM32CubeIDE.app/Contents/Eclipse/plugins/com.st.stm32cube.ide.mcu.externaltools.gnu-tools-for-stm32.12.3.rel1.macos64_1.0.200.202406191456/tools/bin/../lib/gcc/arm-none-eabi/12.3.1/../../../../arm-none-eabi/lib/thumb/v7e-m+fp/hard/libc_nano.a(libc_a-findfp.o)
                              /Applications/STM32CubeIDE.app/Contents/Eclipse/plugins/com.st.stm32cube.ide.mcu.externaltools.gnu-tools-for-stm32.12.3.rel1.macos64_1.0.200.202406191456/tools/bin/../lib/gcc/arm-none-eabi/12.3.1/../../../../arm-none-eabi/lib/thumb/v7e-m+fp/hard/libc_nano.a(libc_a-exit.o) (__stdio_exit_handler)
/Applications/STM32CubeIDE.app/Contents/Eclipse/plugins/com.st.stm32cube.ide.mcu.externaltools.gnu-tools-for-stm32.12.3.rel1.macos64_1.0.200.202406191456/tools/bin/../lib/gcc/arm-none-eabi/12.3.1/../../../../arm-none-eabi/lib/thumb/v7e-m+fp/hard/libc_nano.a(libc_a-fwalk.o)
                              /Applications/STM32CubeIDE.app/Contents/Eclipse/plugins/com.st.stm32cube.ide.mcu.externaltools.gnu-tools-for-stm32.12.3.rel1.macos64_1.0.200.202406191456/tools/bin/../lib/gcc/arm-none-eabi/12.3.1/../../../../arm-none-eabi/lib/thumb/v7e-m+fp/hard/libc_nano.a(libc_a-findfp.o) (_fwalk_sglue)
/Applications/STM32CubeIDE.app/Contents/Eclipse/plugins/com.st.stm32cube.ide.mcu.externaltools.gnu-tools-for-stm32.12.3.rel1.macos64_1.0.200.202406191456/tools/bin/../lib/gcc/arm-none-eabi/12.3.1/../../../../arm-none-eabi/lib/thumb/v7e-m+fp/hard/libc_nano.a(libc_a-memset.o)
                              /Applications/STM32CubeIDE.app/Contents/Eclipse/plugins/com.st.stm32cube.ide.mcu.externaltools.gnu-tools-for-stm32.12.3.rel1.macos64_1.0.200.202406191456/tools/bin/../lib/gcc/arm-none-eabi/12.3.1/../../../../arm-none-eabi/lib/thumb/v7e-m+fp/hard/crt0.o (memset)
/Applications/STM32CubeIDE.app/Contents/Eclipse/plugins/com.st.stm32cube.ide.mcu.externaltools.gnu-tools-for-stm32.12.3.rel1.macos64_1.0.200.202406191456/tools/bin/../lib/gcc/arm-none-eabi/12.3.1/../../../../arm-none-eabi/lib/thumb/v7e-m+fp/hard/libc_nano.a(libc_a-impure.o)
                              /Applications/STM32CubeIDE.app/Contents/Eclipse/plugins/com.st.stm32cube.ide.mcu.externaltools.gnu-tools-for-stm32.12.3.rel1.macos64_1.0.200.202406191456/tools/bin/../lib/gcc/arm-none-eabi/12.3.1/../../../../arm-none-eabi/lib/thumb/v7e-m+fp/hard/libc_nano.a(libc_a-findfp.o) (_impure_data)
/Applications/STM32CubeIDE.app/Contents/Eclipse/plugins/com.st.stm32cube.ide.mcu.externaltools.gnu-tools-for-stm32.12.3.rel1.macos64_1.0.200.202406191456/tools/bin/../lib/gcc/arm-none-eabi/12.3.1/../../../../arm-none-eabi/lib/thumb/v7e-m+fp/hard/libc_nano.a(libc_a-errno.o)
                              ./Core/Src/syscalls.o (__errno)
/Applications/STM32CubeIDE.app/Contents/Eclipse/plugins/com.st.stm32cube.ide.mcu.externaltools.gnu-tools-for-stm32.12.3.rel1.macos64_1.0.200.202406191456/tools/bin/../lib/gcc/arm-none-eabi/12.3.1/../../../../arm-none-eabi/lib/thumb/v7e-m+fp/hard/libc_nano.a(libc_a-init.o)
                              /Applications/STM32CubeIDE.app/Contents/Eclipse/plugins/com.st.stm32cube.ide.mcu.externaltools.gnu-tools-for-stm32.12.3.rel1.macos64_1.0.200.202406191456/tools/bin/../lib/gcc/arm-none-eabi/12.3.1/../../../../arm-none-eabi/lib/thumb/v7e-m+fp/hard/crt0.o (__libc_init_array)
/Applications/STM32CubeIDE.app/Contents/Eclipse/plugins/com.st.stm32cube.ide.mcu.externaltools.gnu-tools-for-stm32.12.3.rel1.macos64_1.0.200.202406191456/tools/bin/../lib/gcc/arm-none-eabi/12.3.1/../../../../arm-none-eabi/lib/thumb/v7e-m+fp/hard/libc_nano.a(libc_a-lock.o)
                              /Applications/STM32CubeIDE.app/Contents/Eclipse/plugins/com.st.stm32cube.ide.mcu.externaltools.gnu-tools-for-stm32.12.3.rel1.macos64_1.0.200.202406191456/tools/bin/../lib/gcc/arm-none-eabi/12.3.1/../../../../arm-none-eabi/lib/thumb/v7e-m+fp/hard/libc_nano.a(libc_a-findfp.o) (__retarget_lock_init_recursive)
/Applications/STM32CubeIDE.app/Contents/Eclipse/plugins/com.st.stm32cube.ide.mcu.externaltools.gnu-tools-for-stm32.12.3.rel1.macos64_1.0.200.202406191456/tools/bin/../lib/gcc/arm-none-eabi/12.3.1/../../../../arm-none-eabi/lib/thumb/v7e-m+fp/hard/libc_nano.a(libc_a-strlen.o)
                              ./Middlewares/ST/STM32_USB_Device_Library/Core/Src/usbd_ctlreq.o (strlen)
[...]
Memory Configuration

Name             Origin             Length             Attributes
RAM              0x20000000         0x00010000         xrw
FLASH            0x08000000         0x00040000         xr
*default*        0x00000000         0xffffffff

Linker script and memory map

LOAD /Applications/STM32CubeIDE.app/Contents/Eclipse/plugins/com.st.stm32cube.ide.mcu.externaltools.gnu-tools-for-stm32.12.3.rel1.macos64_1.0.200.202406191456/tools/bin/../lib/gcc/arm-none-eabi/12.3.1/thumb/v7e-m+fp/hard/crti.o
LOAD /Applications/STM32CubeIDE.app/Contents/Eclipse/plugins/com.st.stm32cube.ide.mcu.externaltools.gnu-tools-for-stm32.12.3.rel1.macos64_1.0.200.202406191456/tools/bin/../lib/gcc/arm-none-eabi/12.3.1/thumb/v7e-m+fp/hard/crtbegin.o
LOAD /Applications/STM32CubeIDE.app/Contents/Eclipse/plugins/com.st.stm32cube.ide.mcu.externaltools.gnu-tools-for-stm32.12.3.rel1.macos64_1.0.200.202406191456/tools/bin/../lib/gcc/arm-none-eabi/12.3.1/../../../../arm-none-eabi/lib/thumb/v7e-m+fp/hard/crt0.o
LOAD ./Core/Src/adc.o
LOAD ./Core/Src/dma.o
LOAD ./Core/Src/gpio.o
LOAD ./Core/Src/i2c.o
LOAD ./Core/Src/main.o
LOAD ./Core/Src/rtc.o
LOAD ./Core/Src/sdio.o
LOAD ./Core/Src/spi.o
LOAD ./Core/Src/stm32f4xx_hal_msp.o
LOAD ./Core/Src/stm32f4xx_it.o
LOAD ./Core/Src/syscalls.o
LOAD ./Core/Src/sysmem.o
LOAD ./Core/Src/system_stm32f4xx.o
LOAD ./Core/Src/tim.o
LOAD ./Core/Src/usart.o
LOAD ./Core/Startup/startup_stm32f401rctx.o
LOAD ./Drivers/STM32F4xx_HAL_Driver/Src/stm32f4xx_hal.o
LOAD ./Drivers/STM32F4xx_HAL_Driver/Src/stm32f4xx_hal_adc.o
LOAD ./Drivers/STM32F4xx_HAL_Driver/Src/stm32f4xx_hal_adc_ex.o
LOAD ./Drivers/STM32F4xx_HAL_Driver/Src/stm32f4xx_hal_cortex.o
LOAD ./Drivers/STM32F4xx_HAL_Driver/Src/stm32f4xx_hal_dma.o
LOAD ./Drivers/STM32F4xx_HAL_Driver/Src/stm32f4xx_hal_dma_ex.o
LOAD ./Drivers/STM32F4xx_HAL_Driver/Src/stm32f4xx_hal_exti.o
LOAD ./Drivers/STM32F4xx_HAL_Driver/Src/stm32f4xx_hal_flash.o
LOAD ./Drivers/STM32F4xx_HAL_Driver/Src/stm32f4xx_hal_flash_ex.o
LOAD ./Drivers/STM32F4xx_HAL_Driver/Src/stm32f4xx_hal_flash_ramfunc.o
LOAD ./Drivers/STM32F4xx_HAL_Driver/Src/stm32f4xx_hal_gpio.o
LOAD ./Drivers/STM32F4xx_HAL_Driver/Src/stm32f4xx_hal_i2c.o
LOAD ./Drivers/STM32F4xx_HAL_Driver/Src/stm32f4xx_hal_i2c_ex.o
LOAD ./Drivers/STM32F4xx_HAL_Driver/Src/stm32f4xx_hal_pcd.o
LOAD ./Drivers/STM32F4xx_HAL_Driver/Src/stm32f4xx_hal_pcd_ex.o
LOAD ./Drivers/STM32F4xx_HAL_Driver/Src/stm32f4xx_hal_pwr.o
LOAD ./Drivers/STM32F4xx_HAL_Driver/Src/stm32f4xx_hal_pwr_ex.o
LOAD ./Drivers/STM32F4xx_HAL_Driver/Src/stm32f4xx_hal_rcc.o
LOAD ./Drivers/STM32F4xx_HAL_Driver/Src/stm32f4xx_hal_rcc_ex.o
LOAD ./Drivers/STM32F4xx_HAL_Driver/Src/stm32f4xx_hal_rtc.o
LOAD ./Drivers/STM32F4xx_HAL_Driver/Src/stm32f4xx_hal_rtc_ex.o
LOAD ./Drivers/STM32F4xx_HAL_Driver/Src/stm32f4xx_hal_sd.o
LOAD ./Drivers/STM32F4xx_HAL_Driver/Src/stm32f4xx_hal_spi.o
LOAD ./Drivers/STM32F4xx_HAL_Driver/Src/stm32f4xx_hal_tim.o
LOAD ./Drivers/STM32F4xx_HAL_Driver/Src/stm32f4xx_hal_tim_ex.o
LOAD ./Drivers/STM32F4xx_HAL_Driver/Src/stm32f4xx_hal_uart.o
LOAD ./Drivers/STM32F4xx_HAL_Driver/Src/stm32f4xx_ll_adc.o
LOAD ./Drivers/STM32F4xx_HAL_Driver/Src/stm32f4xx_ll_sdmmc.o
LOAD ./Drivers/STM32F4xx_HAL_Driver/Src/stm32f4xx_ll_usb.o
LOAD ./FATFS/App/fatfs.o
LOAD ./FATFS/Target/bsp_driver_sd.o
LOAD ./FATFS/Target/fatfs_platform.o
LOAD ./FATFS/Target/sd_diskio.o
LOAD ./Middlewares/ST/STM32_USB_Device_Library/Class/CDC/Src/usbd_cdc.o
LOAD ./Middlewares/ST/STM32_USB_Device_Library/Core/Src/usbd_core.o
LOAD ./Middlewares/ST/STM32_USB_Device_Library/Core/Src/usbd_ctlreq.o
LOAD ./Middlewares/ST/STM32_USB_Device_Library/Core/Src/usbd_ioreq.o
LOAD ./Middlewares/Third_Party/FatFs/src/diskio.o
LOAD ./Middlewares/Third_Party/FatFs/src/ff.o
LOAD ./Middlewares/Third_Party/FatFs/src/ff_gen_drv.o
LOAD ./Middlewares/Third_Party/FatFs/src/option/ccsbcs.o
LOAD ./Middlewares/Third_Party/FatFs/src/option/syscall.o
LOAD ./USB_DEVICE/App/usb_device.o
LOAD ./USB_DEVICE/App/usbd_cdc_if.o
LOAD ./USB_DEVICE/App/usbd_desc.o
LOAD ./USB_DEVICE/Target/usbd_conf.o
START GROUP
LOAD /Applications/STM32CubeIDE.app/Contents/Eclipse/plugins/com.st.stm32cube.ide.mcu.externaltools.gnu-tools-for-stm32.12.3.rel1.macos64_1.0.200.202406191456/tools/bin/../lib/gcc/arm-none-eabi/12.3.1/../../../../arm-none-eabi/lib/thumb/v7e-m+fp/hard/libc_nano.a
LOAD /Applications/STM32CubeIDE.app/Contents/Eclipse/plugins/com.st.stm32cube.ide.mcu.externaltools.gnu-tools-for-stm32.12.3.rel1.macos64_1.0.200.202406191456/tools/bin/../lib/gcc/arm-none-eabi/12.3.1/../../../../arm-none-eabi/lib/thumb/v7e-m+fp/hard/libm.a
END GROUP
START GROUP
LOAD /Applications/STM32CubeIDE.app/Contents/Eclipse/plugins/com.st.stm32cube.ide.mcu.externaltools.gnu-tools-for-stm32.12.3.rel1.macos64_1.0.200.202406191456/tools/bin/../lib/gcc/arm-none-eabi/12.3.1/thumb/v7e-m+fp/hard/libgcc.a
LOAD /Applications/STM32CubeIDE.app/Contents/Eclipse/plugins/com.st.stm32cube.ide.mcu.externaltools.gnu-tools-for-stm32.12.3.rel1.macos64_1.0.200.202406191456/tools/bin/../lib/gcc/arm-none-eabi/12.3.1/../../../../arm-none-eabi/lib/thumb/v7e-m+fp/hard/libc_nano.a
END GROUP
START GROUP
LOAD /Applications/STM32CubeIDE.app/Contents/Eclipse/plugins/com.st.stm32cube.ide.mcu.externaltools.gnu-tools-for-stm32.12.3.rel1.macos64_1.0.200.202406191456/tools/bin/../lib/gcc/arm-none-eabi/12.3.1/thumb/v7e-m+fp/hard/libgcc.a
LOAD /Applications/STM32CubeIDE.app/Contents/Eclipse/plugins/com.st.stm32cube.ide.mcu.externaltools.gnu-tools-for-stm32.12.3.rel1.macos64_1.0.200.202406191456/tools/bin/../lib/gcc/arm-none-eabi/12.3.1/../../../../arm-none-eabi/lib/thumb/v7e-m+fp/hard/libc_nano.a
LOAD /Applications/STM32CubeIDE.app/Contents/Eclipse/plugins/com.st.stm32cube.ide.mcu.externaltools.gnu-tools-for-stm32.12.3.rel1.macos64_1.0.200.202406191456/tools/bin/../lib/gcc/arm-none-eabi/12.3.1/../../../../arm-none-eabi/lib/thumb/v7e-m+fp/hard/libnosys.a
END GROUP
START GROUP
LOAD /Applications/STM32CubeIDE.app/Contents/Eclipse/plugins/com.st.stm32cube.ide.mcu.externaltools.gnu-tools-for-stm32.12.3.rel1.macos64_1.0.200.202406191456/tools/bin/../lib/gcc/arm-none-eabi/12.3.1/thumb/v7e-m+fp/hard/libgcc.a
LOAD /Applications/STM32CubeIDE.app/Contents/Eclipse/plugins/com.st.stm32cube.ide.mcu.externaltools.gnu-tools-for-stm32.12.3.rel1.macos64_1.0.200.202406191456/tools/bin/../lib/gcc/arm-none-eabi/12.3.1/../../../../arm-none-eabi/lib/thumb/v7e-m+fp/hard/libc_nano.a
LOAD /Applications/STM32CubeIDE.app/Contents/Eclipse/plugins/com.st.stm32cube.ide.mcu.externaltools.gnu-tools-for-stm32.12.3.rel1.macos64_1.0.200.202406191456/tools/bin/../lib/gcc/arm-none-eabi/12.3.1/../../../../arm-none-eabi/lib/thumb/v7e-m+fp/hard/libnosys.a
END GROUP
LOAD /Applications/STM32CubeIDE.app/Contents/Eclipse/plugins/com.st.stm32cube.ide.mcu.externaltools.gnu-tools-for-stm32.12.3.rel1.macos64_1.0.200.202406191456/tools/bin/../lib/gcc/arm-none-eabi/12.3.1/thumb/v7e-m+fp/hard/crtend.o
LOAD /Applications/STM32CubeIDE.app/Contents/Eclipse/plugins/com.st.stm32cube.ide.mcu.externaltools.gnu-tools-for-stm32.12.3.rel1.macos64_1.0.200.202406191456/tools/bin/../lib/gcc/arm-none-eabi/12.3.1/thumb/v7e-m+fp/hard/crtn.o
                0x20010000                        _estack = (ORIGIN (RAM) + LENGTH (RAM))
                0x00000400                        _Min_Heap_Size = 0x400
                0x00000800                        _Min_Stack_Size = 0x800

.isr_vector     0x08000000      0x194
                0x08000000                        . = ALIGN (0x4)
 *(.isr_vector)
 .isr_vector    0x08000000      0x194 ./Core/Startup/startup_stm32f401rctx.o
                0x08000000                g_pfnVectors
                0x08000194                        . = ALIGN (0x4)

.text           0x08000194     0x6c20
                0x08000194                        . = ALIGN (0x4)
 *(.text)
 .text          0x08000194       0x40 /Applications/STM32CubeIDE.app/Contents/Eclipse/plugins/com.st.stm32cube.ide.mcu.externaltools.gnu-tools-for-stm32.12.3.rel1.macos64_1.0.200.202406191456/tools/bin/../lib/gcc/arm-none-eabi/12.3.1/thumb/v7e-m+fp/hard/crtbegin.o
 .text          0x080001d4       0x10 /Applications/STM32CubeIDE.app/Contents/Eclipse/plugins/com.st.stm32cube.ide.mcu.externaltools.gnu-tools-for-stm32.12.3.rel1.macos64_1.0.200.202406191456/tools/bin/../lib/gcc/arm-none-eabi/12.3.1/../../../../arm-none-eabi/lib/thumb/v7e-m+fp/hard/libc_nano.a(libc_a-strlen.o)
                0x080001d4                strlen
 .text          0x080001e4       0x30 /Applications/STM32CubeIDE.app/Contents/Eclipse/plugins/com.st.stm32cube.ide.mcu.externaltools.gnu-tools-for-stm32.12.3.rel1.macos64_1.0.200.202406191456/tools/bin/../lib/gcc/arm-none-eabi/12.3.1/thumb/v7e-m+fp/hard/libgcc.a(_aeabi_uldivmod.o)
                0x080001e4                __aeabi_uldivmod
 .text          0x08000214      0x2bc /Applications/STM32CubeIDE.app/Contents/Eclipse/plugins/com.st.stm32cube.ide.mcu.externaltools.gnu-tools-for-stm32.12.3.rel1.macos64_1.0.200.202406191456/tools/bin/../lib/gcc/arm-none-eabi/12.3.1/thumb/v7e-m+fp/hard/libgcc.a(_udivmoddi4.o)
                0x08000214                __udivmoddi4
 .text          0x080004d0        0x4 /Applications/STM32CubeIDE.app/Contents/Eclipse/plugins/com.st.stm32cube.ide.mcu.externaltools.gnu-tools-for-stm32.12.3.rel1.macos64_1.0.200.202406191456/tools/bin/../lib/gcc/arm-none-eabi/12.3.1/thumb/v7e-m+fp/hard/libgcc.a(_dvmd_tls.o)
                0x080004d0                __aeabi_ldiv0
                0x080004d0                __aeabi_idiv0
 *(.text*)
 .text.MX_ADC1_Init
                0x080004d4       0x68 ./Core/Src/adc.o
                0x080004d4                MX_ADC1_Init
 .text.HAL_ADC_MspInit
                0x0800053c       0x88 ./Core/Src/adc.o
                0x0800053c                HAL_ADC_MspInit
 .text.MX_DMA_Init
                0x080005c4       0x44 ./Core/Src/dma.o
                0x080005c4                MX_DMA_Init
 .text.MX_GPIO_Init
                0x08000608      0x158 ./Core/Src/gpio.o
                0x08000608                MX_GPIO_Init
 .text.MX_I2C1_Init
                0x08000760       0x3c ./Core/Src/i2c.o
                0x08000760                MX_I2C1_Init
 .text.HAL_I2C_MspInit
                0x0800079c       0x6c ./Core/Src/i2c.o
                0x0800079c                HAL_I2C_MspInit
 .text.SystemClock_Config
                0x08000808       0xb0 ./Core/Src/main.o
                0x08000808                SystemClock_Config
 .text.startup.main
                0x080008b8       0x48 ./Core/Src/main.o
                0x080008b8                main
 .text.Error_Handler
                0x08000900        0x4 ./Core/Src/main.o
                0x08000900                Error_Handler
 .text.MX_RTC_Init
                0x08000904       0xa0 ./Core/Src/rtc.o
                0x08000904                MX_RTC_Init
 .text.HAL_RTC_MspInit
                0x080009a4       0x44 ./Core/Src/rtc.o
                0x080009a4                HAL_RTC_MspInit
 .text.MX_SDIO_SD_Init
                0x080009e8       0x38 ./Core/Src/sdio.o
                0x080009e8                MX_SDIO_SD_Init
 .text.HAL_SD_MspInit
                0x08000a20      0x160 ./Core/Src/sdio.o
                0x08000a20                HAL_SD_MspInit
 .text.MX_SPI1_Init
                0x08000b80       0x44 ./Core/Src/spi.o
                0x08000b80                MX_SPI1_Init
 .text.HAL_SPI_MspInit
                0x08000bc4       0x7c ./Core/Src/spi.o
                0x08000bc4                HAL_SPI_MspInit
 .text.HAL_MspInit
                0x08000c40       0x38 ./Core/Src/stm32f4xx_hal_msp.o
                0x08000c40                HAL_MspInit
 .text.NMI_Handler
                0x08000c78        0x8 ./Core/Src/stm32f4xx_it.o
                0x08000c78                NMI_Handler
 .text.HardFault_Handler
                0x08000c80        0x2 ./Core/Src/stm32f4xx_it.o
                0x08000c80                HardFault_Handler
 .text.MemManage_Handler
                0x08000c82        0x2 ./Core/Src/stm32f4xx_it.o
                0x08000c82                MemManage_Handler
 .text.BusFault_Handler
                0x08000c84        0x2 ./Core/Src/stm32f4xx_it.o
                0x08000c84                BusFault_Handler
 .text.UsageFault_Handler
                0x08000c86        0x2 ./Core/Src/stm32f4xx_it.o
                0x08000c86                UsageFault_Handler
 .text.SVC_Handler
                0x08000c88        0x2 ./Core/Src/stm32f4xx_it.o
                0x08000c88                SVC_Handler
 .text.DebugMon_Handler
                0x08000c8a        0x2 ./Core/Src/stm32f4xx_it.o
                0x08000c8a                DebugMon_Handler
 .text.PendSV_Handler
                0x08000c8c        0x2 ./Core/Src/stm32f4xx_it.o
                0x08000c8c                PendSV_Handler
 .text.SysTick_Handler
                0x08000c8e        0x4 ./Core/Src/stm32f4xx_it.o
                0x08000c8e                SysTick_Handler
 *fill*         0x08000c92        0x2 
 .text.TIM1_UP_TIM10_IRQHandler
                0x08000c94        0xc ./Core/Src/stm32f4xx_it.o
                0x08000c94                TIM1_UP_TIM10_IRQHandler
 .text.TIM1_TRG_COM_TIM11_IRQHandler
                0x08000ca0        0xc ./Core/Src/stm32f4xx_it.o
                0x08000ca0                TIM1_TRG_COM_TIM11_IRQHandler
 .text.TIM2_IRQHandler
                0x08000cac        0xc ./Core/Src/stm32f4xx_it.o
                0x08000cac                TIM2_IRQHandler
 .text.TIM3_IRQHandler
                0x08000cb8        0xc ./Core/Src/stm32f4xx_it.o
                0x08000cb8                TIM3_IRQHandler
 .text.SPI1_IRQHandler
                0x08000cc4        0xc ./Core/Src/stm32f4xx_it.o
                0x08000cc4                SPI1_IRQHandler
 .text.USART1_IRQHandler
                0x08000cd0        0xc ./Core/Src/stm32f4xx_it.o
                0x08000cd0                USART1_IRQHandler
 .text.SDIO_IRQHandler
                0x08000cdc        0xc ./Core/Src/stm32f4xx_it.o
                0x08000cdc                SDIO_IRQHandler
 .text.DMA2_Stream3_IRQHandler
                0x08000ce8        0xc ./Core/Src/stm32f4xx_it.o
                0x08000ce8                DMA2_Stream3_IRQHandler
 .text.OTG_FS_IRQHandler
                0x08000cf4        0xc ./Core/Src/stm32f4xx_it.o
                0x08000cf4                OTG_FS_IRQHandler
 .text.DMA2_Stream6_IRQHandler
                0x08000d00        0xc ./Core/Src/stm32f4xx_it.o
                0x08000d00                DMA2_Stream6_IRQHandler
 .text.USART6_IRQHandler
                0x08000d0c        0xc ./Core/Src/stm32f4xx_it.o
                0x08000d0c                USART6_IRQHandler
 .text.SystemInit
                0x08000d18       0x14 ./Core/Src/system_stm32f4xx.o
                0x08000d18                SystemInit
 .text.HAL_TIM_Base_MspInit
                0x08000d2c       0xa0 ./Core/Src/tim.o
                0x08000d2c                HAL_TIM_Base_MspInit
 .text.HAL_TIM_PWM_MspInit
                0x08000dcc       0x44 ./Core/Src/tim.o
                0x08000dcc                HAL_TIM_PWM_MspInit
 .text.HAL_TIM_MspPostInit
                0x08000e10       0xd8 ./Core/Src/tim.o
                0x08000e10                HAL_TIM_MspPostInit
 .text.MX_TIM2_Init
                0x08000ee8       0x9c ./Core/Src/tim.o
                0x08000ee8                MX_TIM2_Init
 .text.MX_TIM3_Init
                0x08000f84       0x70 ./Core/Src/tim.o
                0x08000f84                MX_TIM3_Init
 .text.MX_TIM10_Init
                0x08000ff4       0x68 ./Core/Src/tim.o
                0x08000ff4                MX_TIM10_Init
 .text.MX_TIM11_Init
                0x0800105c       0x68 ./Core/Src/tim.o
                0x0800105c                MX_TIM11_Init
 .text.MX_USART1_UART_Init
                0x080010c4       0x38 ./Core/Src/usart.o
                0x080010c4                MX_USART1_UART_Init
 .text.MX_USART6_UART_Init
                0x080010fc       0x38 ./Core/Src/usart.o
                0x080010fc                MX_USART6_UART_Init
 .text.HAL_UART_MspInit
                0x08001134       0xe4 ./Core/Src/usart.o
                0x08001134                HAL_UART_MspInit
 .text.Reset_Handler
                0x08001218       0x50 ./Core/Startup/startup_stm32f401rctx.o
                0x08001218                Reset_Handler
 .text.Default_Handler
                0x08001268        0x2 ./Core/Startup/startup_stm32f401rctx.o
                0x08001268                DMA1_Stream3_IRQHandler
                0x08001268                EXTI2_IRQHandler
                0x08001268                SPI4_IRQHandler
                0x08001268                TIM1_CC_IRQHandler
                0x08001268                DMA2_Stream5_IRQHandler
                0x08001268                DMA1_Stream5_IRQHandler
                0x08001268                PVD_IRQHandler
                0x08001268                TAMP_STAMP_IRQHandler
                0x08001268                EXTI3_IRQHandler
                0x08001268                I2C3_ER_IRQHandler
                0x08001268                EXTI0_IRQHandler
                0x08001268                I2C2_EV_IRQHandler
                0x08001268                DMA1_Stream2_IRQHandler
                0x08001268                FPU_IRQHandler
                0x08001268                DMA2_Stream2_IRQHandler
                0x08001268                TIM1_BRK_TIM9_IRQHandler
                0x08001268                DMA2_Stream0_IRQHandler
                0x08001268                TIM4_IRQHandler
                0x08001268                I2C1_EV_IRQHandler
                0x08001268                DMA1_Stream6_IRQHandler
                0x08001268                DMA1_Stream1_IRQHandler
                0x08001268                RCC_IRQHandler
                0x08001268                Default_Handler
                0x08001268                EXTI15_10_IRQHandler
                0x08001268                ADC_IRQHandler
                0x08001268                DMA1_Stream7_IRQHandler
                0x08001268                TIM5_IRQHandler
                0x08001268                DMA2_Stream7_IRQHandler
                0x08001268                I2C3_EV_IRQHandler
                0x08001268                EXTI9_5_IRQHandler
                0x08001268                RTC_WKUP_IRQHandler
                0x08001268                SPI2_IRQHandler
                0x08001268                DMA1_Stream0_IRQHandler
                0x08001268                EXTI4_IRQHandler
                0x08001268                WWDG_IRQHandler
                0x08001268                OTG_FS_WKUP_IRQHandler
                0x08001268                EXTI1_IRQHandler
                0x08001268                USART2_IRQHandler
                0x08001268                I2C2_ER_IRQHandler
                0x08001268                DMA2_Stream1_IRQHandler
                0x08001268                FLASH_IRQHandler
                0x08001268                DMA2_Stream4_IRQHandler
                0x08001268                SPI3_IRQHandler
                0x08001268                DMA1_Stream4_IRQHandler
                0x08001268                I2C1_ER_IRQHandler
                0x08001268                RTC_Alarm_IRQHandler
 *fill*         0x0800126a        0x2 
 .text.HAL_InitTick
                0x0800126c       0x48 ./Drivers/STM32F4xx_HAL_Driver/Src/stm32f4xx_hal.o
                0x0800126c                HAL_InitTick
 .text.HAL_Init
                0x080012b4       0x34 ./Drivers/STM32F4xx_HAL_Driver/Src/stm32f4xx_hal.o
                0x080012b4                HAL_Init
 .text.HAL_IncTick
                0x080012e8       0x18 ./Drivers/STM32F4xx_HAL_Driver/Src/stm32f4xx_hal.o
                0x080012e8                HAL_IncTick
 .text.HAL_GetTick
                0x08001300        0xc ./Drivers/STM32F4xx_HAL_Driver/Src/stm32f4xx_hal.o
                0x08001300                HAL_GetTick
 .text.HAL_Delay
                0x0800130c       0x28 ./Drivers/STM32F4xx_HAL_Driver/Src/stm32f4xx_hal.o
                0x0800130c                HAL_Delay
 .text.HAL_ADC_Init
                0x08001334      0x14c ./Drivers/STM32F4xx_HAL_Driver/Src/stm32f4xx_hal_adc.o
                0x08001334                HAL_ADC_Init
 .text.HAL_ADC_ConfigChannel
                0x08001480      0x120 ./Drivers/STM32F4xx_HAL_Driver/Src/stm32f4xx_hal_adc.o
                0x08001480                HAL_ADC_ConfigChannel
 .text.HAL_NVIC_SetPriorityGrouping
                0x080015a0       0x24 ./Drivers/STM32F4xx_HAL_Driver/Src/stm32f4xx_hal_cortex.o
                0x080015a0                HAL_NVIC_SetPriorityGrouping
 .text.HAL_NVIC_SetPriority
                0x080015c4       0x64 ./Drivers/STM32F4xx_HAL_Driver/Src/stm32f4xx_hal_cortex.o
                0x080015c4                HAL_NVIC_SetPriority
 .text.HAL_NVIC_EnableIRQ
                0x08001628       0x1c ./Drivers/STM32F4xx_HAL_Driver/Src/stm32f4xx_hal_cortex.o
                0x08001628                HAL_NVIC_EnableIRQ
 .text.HAL_SYSTICK_Config
                0x08001644       0x28 ./Drivers/STM32F4xx_HAL_Driver/Src/stm32f4xx_hal_cortex.o
                0x08001644                HAL_SYSTICK_Config
 .text.DMA_CalcBaseAndBitshift
                0x0800166c       0x2c ./Drivers/STM32F4xx_HAL_Driver/Src/stm32f4xx_hal_dma.o
 .text.HAL_DMA_Init
                0x08001698       0xfc ./Drivers/STM32F4xx_HAL_Driver/Src/stm32f4xx_hal_dma.o
                0x08001698                HAL_DMA_Init
 .text.HAL_DMA_Start_IT
                0x08001794       0x72 ./Drivers/STM32F4xx_HAL_Driver/Src/stm32f4xx_hal_dma.o
                0x08001794                HAL_DMA_Start_IT
 .text.HAL_DMA_Abort
                0x08001806       0x7c ./Drivers/STM32F4xx_HAL_Driver/Src/stm32f4xx_hal_dma.o
                0x08001806                HAL_DMA_Abort
 .text.HAL_DMA_Abort_IT
                0x08001882       0x24 ./Drivers/STM32F4xx_HAL_Driver/Src/stm32f4xx_hal_dma.o
                0x08001882                HAL_DMA_Abort_IT
 *fill*         0x080018a6        0x2 
 .text.HAL_DMA_IRQHandler
                0x080018a8      0x17c ./Drivers/STM32F4xx_HAL_Driver/Src/stm32f4xx_hal_dma.o
                0x080018a8                HAL_DMA_IRQHandler
 .text.HAL_DMA_GetError
                0x08001a24        0x4 ./Drivers/STM32F4xx_HAL_Driver/Src/stm32f4xx_hal_dma.o
                0x08001a24                HAL_DMA_GetError
 .text.HAL_GPIO_Init
                0x08001a28      0x18c ./Drivers/STM32F4xx_HAL_Driver/Src/stm32f4xx_hal_gpio.o
                0x08001a28                HAL_GPIO_Init
 .text.HAL_GPIO_ReadPin
                0x08001bb4        0xc ./Drivers/STM32F4xx_HAL_Driver/Src/stm32f4xx_hal_gpio.o
                0x08001bb4                HAL_GPIO_ReadPin
 .text.HAL_GPIO_WritePin
                0x08001bc0        0xa ./Drivers/STM32F4xx_HAL_Driver/Src/stm32f4xx_hal_gpio.o
                0x08001bc0                HAL_GPIO_WritePin
 *fill*         0x08001bca        0x2 
 .text.HAL_I2C_Init
                0x08001bcc      0x150 ./Drivers/STM32F4xx_HAL_Driver/Src/stm32f4xx_hal_i2c.o
                0x08001bcc                HAL_I2C_Init
 .text.HAL_PCD_Init
                0x08001d1c       0xde ./Drivers/STM32F4xx_HAL_Driver/Src/stm32f4xx_hal_pcd.o
                0x08001d1c                HAL_PCD_Init
 .text.HAL_PCD_Start
                0x08001dfa       0x3e ./Drivers/STM32F4xx_HAL_Driver/Src/stm32f4xx_hal_pcd.o
                0x08001dfa                HAL_PCD_Start
 .text.HAL_PCD_SetAddress
                0x08001e38       0x26 ./Drivers/STM32F4xx_HAL_Driver/Src/stm32f4xx_hal_pcd.o
                0x08001e38                HAL_PCD_SetAddress
 .text.HAL_PCD_EP_Open
                0x08001e5e       0x6e ./Drivers/STM32F4xx_HAL_Driver/Src/stm32f4xx_hal_pcd.o
                0x08001e5e                HAL_PCD_EP_Open
 .text.HAL_PCD_EP_Close
                0x08001ecc       0x5c ./Drivers/STM32F4xx_HAL_Driver/Src/stm32f4xx_hal_pcd.o
                0x08001ecc                HAL_PCD_EP_Close
 .text.HAL_PCD_EP_Receive
                0x08001f28       0x3c ./Drivers/STM32F4xx_HAL_Driver/Src/stm32f4xx_hal_pcd.o
                0x08001f28                HAL_PCD_EP_Receive
 .text.HAL_PCD_EP_GetRxCount
                0x08001f64       0x10 ./Drivers/STM32F4xx_HAL_Driver/Src/stm32f4xx_hal_pcd.o
                0x08001f64                HAL_PCD_EP_GetRxCount
 .text.HAL_PCD_EP_Transmit
                0x08001f74       0x36 ./Drivers/STM32F4xx_HAL_Driver/Src/stm32f4xx_hal_pcd.o
                0x08001f74                HAL_PCD_EP_Transmit
 .text.HAL_PCD_EP_SetStall
                0x08001faa       0x6e ./Drivers/STM32F4xx_HAL_Driver/Src/stm32f4xx_hal_pcd.o
                0x08001faa                HAL_PCD_EP_SetStall
 .text.HAL_PCD_EP_ClrStall
                0x08002018       0x6a ./Drivers/STM32F4xx_HAL_Driver/Src/stm32f4xx_hal_pcd.o
                0x08002018                HAL_PCD_EP_ClrStall
 .text.HAL_PCD_EP_Abort
                0x08002082       0x20 ./Drivers/STM32F4xx_HAL_Driver/Src/stm32f4xx_hal_pcd.o
                0x08002082                HAL_PCD_EP_Abort
 *fill*         0x080020a2        0x2 
 .text.HAL_PCD_IRQHandler
                0x080020a4      0x694 ./Drivers/STM32F4xx_HAL_Driver/Src/stm32f4xx_hal_pcd.o
                0x080020a4                HAL_PCD_IRQHandler
 .text.HAL_PCDEx_SetTxFiFo
                0x08002738       0x3e ./Drivers/STM32F4xx_HAL_Driver/Src/stm32f4xx_hal_pcd_ex.o
                0x08002738                HAL_PCDEx_SetTxFiFo
 .text.HAL_PCDEx_SetRxFiFo
                0x08002776        0x8 ./Drivers/STM32F4xx_HAL_Driver/Src/stm32f4xx_hal_pcd_ex.o
                0x08002776                HAL_PCDEx_SetRxFiFo
 .text.HAL_PCDEx_LPM_Callback
                0x0800277e        0x2 ./Drivers/STM32F4xx_HAL_Driver/Src/stm32f4xx_hal_pcd_ex.o
                0x0800277e                HAL_PCDEx_LPM_Callback
 .text.HAL_RCC_OscConfig
                0x08002780      0x35c ./Drivers/STM32F4xx_HAL_Driver/Src/stm32f4xx_hal_rcc.o
                0x08002780                HAL_RCC_OscConfig
 .text.HAL_RCC_MCOConfig
                0x08002adc       0x98 ./Drivers/STM32F4xx_HAL_Driver/Src/stm32f4xx_hal_rcc.o
                0x08002adc                HAL_RCC_MCOConfig
 .text.HAL_RCC_EnableCSS
                0x08002b74        0xc ./Drivers/STM32F4xx_HAL_Driver/Src/stm32f4xx_hal_rcc.o
                0x08002b74                HAL_RCC_EnableCSS
 .text.HAL_RCC_GetSysClockFreq
                0x08002b80       0x4c ./Drivers/STM32F4xx_HAL_Driver/Src/stm32f4xx_hal_rcc.o
                0x08002b80                HAL_RCC_GetSysClockFreq
 .text.HAL_RCC_ClockConfig
                0x08002bcc      0x134 ./Drivers/STM32F4xx_HAL_Driver/Src/stm32f4xx_hal_rcc.o
                0x08002bcc                HAL_RCC_ClockConfig
 .text.HAL_RCC_GetHCLKFreq
                0x08002d00        0xc ./Drivers/STM32F4xx_HAL_Driver/Src/stm32f4xx_hal_rcc.o
                0x08002d00                HAL_RCC_GetHCLKFreq
 .text.HAL_RCC_GetPCLK1Freq
                0x08002d0c       0x20 ./Drivers/STM32F4xx_HAL_Driver/Src/stm32f4xx_hal_rcc.o
                0x08002d0c                HAL_RCC_GetPCLK1Freq
 .text.HAL_RCC_GetPCLK2Freq
                0x08002d2c       0x20 ./Drivers/STM32F4xx_HAL_Driver/Src/stm32f4xx_hal_rcc.o
                0x08002d2c                HAL_RCC_GetPCLK2Freq
 .text.HAL_RCC_CSSCallback
                0x08002d4c        0x2 ./Drivers/STM32F4xx_HAL_Driver/Src/stm32f4xx_hal_rcc.o
                0x08002d4c                HAL_RCC_CSSCallback
 *fill*         0x08002d4e        0x2 
 .text.HAL_RCC_NMI_IRQHandler
                0x08002d50       0x18 ./Drivers/STM32F4xx_HAL_Driver/Src/stm32f4xx_hal_rcc.o
                0x08002d50                HAL_RCC_NMI_IRQHandler
 .text.HAL_RCCEx_PeriphCLKConfig
                0x08002d68      0x140 ./Drivers/STM32F4xx_HAL_Driver/Src/stm32f4xx_hal_rcc_ex.o
                0x08002d68                HAL_RCCEx_PeriphCLKConfig
 .text.HAL_RTC_WaitForSynchro
                0x08002ea8       0x30 ./Drivers/STM32F4xx_HAL_Driver/Src/stm32f4xx_hal_rtc.o
                0x08002ea8                HAL_RTC_WaitForSynchro
 .text.RTC_EnterInitMode
                0x08002ed8       0x42 ./Drivers/STM32F4xx_HAL_Driver/Src/stm32f4xx_hal_rtc.o
                0x08002ed8                RTC_EnterInitMode
 .text.RTC_ExitInitMode
                0x08002f1a       0x28 ./Drivers/STM32F4xx_HAL_Driver/Src/stm32f4xx_hal_rtc.o
                0x08002f1a                RTC_ExitInitMode
 .text.HAL_RTC_Init
                0x08002f42       0x90 ./Drivers/STM32F4xx_HAL_Driver/Src/stm32f4xx_hal_rtc.o
                0x08002f42                HAL_RTC_Init
 .text.RTC_ByteToBcd2
                0x08002fd2       0x16 ./Drivers/STM32F4xx_HAL_Driver/Src/stm32f4xx_hal_rtc.o
                0x08002fd2                RTC_ByteToBcd2
 .text.HAL_RTC_SetTime
                0x08002fe8       0xb4 ./Drivers/STM32F4xx_HAL_Driver/Src/stm32f4xx_hal_rtc.o
                0x08002fe8                HAL_RTC_SetTime
 .text.HAL_RTC_SetDate
                0x0800309c       0x8e ./Drivers/STM32F4xx_HAL_Driver/Src/stm32f4xx_hal_rtc.o
                0x0800309c                HAL_RTC_SetDate
 .text.HAL_RTCEx_SetTamper
                0x0800312a       0x58 ./Drivers/STM32F4xx_HAL_Driver/Src/stm32f4xx_hal_rtc_ex.o
                0x0800312a                HAL_RTCEx_SetTamper
 .text.SD_DMATransmitCplt
                0x08003182        0xe ./Drivers/STM32F4xx_HAL_Driver/Src/stm32f4xx_hal_sd.o
 .text.SD_FindSCR.constprop.0
                0x08003190       0xd2 ./Drivers/STM32F4xx_HAL_Driver/Src/stm32f4xx_hal_sd.o
 *fill*         0x08003262        0x2 
 .text.HAL_SD_ReadBlocks_DMA
                0x08003264      0x124 ./Drivers/STM32F4xx_HAL_Driver/Src/stm32f4xx_hal_sd.o
                0x08003264                HAL_SD_ReadBlocks_DMA
 .text.HAL_SD_WriteBlocks_DMA
                0x08003388      0x11c ./Drivers/STM32F4xx_HAL_Driver/Src/stm32f4xx_hal_sd.o
                0x08003388                HAL_SD_WriteBlocks_DMA
 .text.HAL_SD_ErrorCallback
                0x080034a4        0x2 ./Drivers/STM32F4xx_HAL_Driver/Src/stm32f4xx_hal_sd.o
                0x080034a4                HAL_SD_ErrorCallback
 .text.SD_DMAReceiveCplt
                0x080034a6       0x40 ./Drivers/STM32F4xx_HAL_Driver/Src/stm32f4xx_hal_sd.o
 *fill*         0x080034e6        0x2 
 .text.HAL_SD_GetCardCSD
                0x080034e8      0x16c ./Drivers/STM32F4xx_HAL_Driver/Src/stm32f4xx_hal_sd.o
                0x080034e8                HAL_SD_GetCardCSD
 .text.HAL_SD_InitCard
                0x08003654      0x208 ./Drivers/STM32F4xx_HAL_Driver/Src/stm32f4xx_hal_sd.o
                0x08003654                HAL_SD_InitCard
 .text.HAL_SD_Init
                0x0800385c       0x36 ./Drivers/STM32F4xx_HAL_Driver/Src/stm32f4xx_hal_sd.o
                0x0800385c                HAL_SD_Init
 .text.HAL_SD_GetCardInfo
                0x08003892       0x24 ./Drivers/STM32F4xx_HAL_Driver/Src/stm32f4xx_hal_sd.o
                0x08003892                HAL_SD_GetCardInfo
 *fill*         0x080038b6        0x2 
 .text.HAL_SD_ConfigWideBusOperation
                0x080038b8      0x114 ./Drivers/STM32F4xx_HAL_Driver/Src/stm32f4xx_hal_sd.o
                0x080038b8                HAL_SD_ConfigWideBusOperation
 .text.HAL_SD_GetCardState
                0x080039cc       0x28 ./Drivers/STM32F4xx_HAL_Driver/Src/stm32f4xx_hal_sd.o
                0x080039cc                HAL_SD_GetCardState
 .text.SD_DMAError
                0x080039f4       0x60 ./Drivers/STM32F4xx_HAL_Driver/Src/stm32f4xx_hal_sd.o
 .text.SD_DMATxAbort
                0x08003a54       0x42 ./Drivers/STM32F4xx_HAL_Driver/Src/stm32f4xx_hal_sd.o
 *fill*         0x08003a96        0x2 
 .text.HAL_SD_IRQHandler
                0x08003a98      0x218 ./Drivers/STM32F4xx_HAL_Driver/Src/stm32f4xx_hal_sd.o
                0x08003a98                HAL_SD_IRQHandler
 .text.SD_DMARxAbort
                0x08003cb0        0x4 ./Drivers/STM32F4xx_HAL_Driver/Src/stm32f4xx_hal_sd.o
 .text.HAL_SPI_Init
                0x08003cb4       0xb8 ./Drivers/STM32F4xx_HAL_Driver/Src/stm32f4xx_hal_spi.o
                0x08003cb4                HAL_SPI_Init
 .text.HAL_SPI_ErrorCallback
                0x08003d6c        0x2 ./Drivers/STM32F4xx_HAL_Driver/Src/stm32f4xx_hal_spi.o
                0x08003d6c                HAL_SPI_ErrorCallback
 *fill*         0x08003d6e        0x2 
 .text.HAL_SPI_IRQHandler
                0x08003d70       0xfc ./Drivers/STM32F4xx_HAL_Driver/Src/stm32f4xx_hal_spi.o
                0x08003d70                HAL_SPI_IRQHandler
 .text.SPI_DMAAbortOnError
                0x08003e6c       0x10 ./Drivers/STM32F4xx_HAL_Driver/Src/stm32f4xx_hal_spi.o
 .text.TIM_OC1_SetConfig
                0x08003e7c       0x50 ./Drivers/STM32F4xx_HAL_Driver/Src/stm32f4xx_hal_tim.o
 .text.TIM_OC3_SetConfig
                0x08003ecc       0x54 ./Drivers/STM32F4xx_HAL_Driver/Src/stm32f4xx_hal_tim.o
 .text.TIM_OC4_SetConfig
                0x08003f20       0x44 ./Drivers/STM32F4xx_HAL_Driver/Src/stm32f4xx_hal_tim.o
 .text.HAL_TIM_PeriodElapsedCallback
                0x08003f64        0x2 ./Drivers/STM32F4xx_HAL_Driver/Src/stm32f4xx_hal_tim.o
                0x08003f64                HAL_TIM_PeriodElapsedCallback
 .text.HAL_TIM_OC_DelayElapsedCallback
                0x08003f66        0x2 ./Drivers/STM32F4xx_HAL_Driver/Src/stm32f4xx_hal_tim.o
                0x08003f66                HAL_TIM_OC_DelayElapsedCallback
 .text.HAL_TIM_IC_CaptureCallback
                0x08003f68        0x2 ./Drivers/STM32F4xx_HAL_Driver/Src/stm32f4xx_hal_tim.o
                0x08003f68                HAL_TIM_IC_CaptureCallback
 .text.HAL_TIM_PWM_PulseFinishedCallback
                0x08003f6a        0x2 ./Drivers/STM32F4xx_HAL_Driver/Src/stm32f4xx_hal_tim.o
                0x08003f6a                HAL_TIM_PWM_PulseFinishedCallback
 .text.HAL_TIM_TriggerCallback
                0x08003f6c        0x2 ./Drivers/STM32F4xx_HAL_Driver/Src/stm32f4xx_hal_tim.o
                0x08003f6c                HAL_TIM_TriggerCallback
 .text.HAL_TIM_IRQHandler
                0x08003f6e      0x128 ./Drivers/STM32F4xx_HAL_Driver/Src/stm32f4xx_hal_tim.o
                0x08003f6e                HAL_TIM_IRQHandler
 *fill*         0x08004096        0x2 
 .text.TIM_Base_SetConfig
                0x08004098       0xa8 ./Drivers/STM32F4xx_HAL_Driver/Src/stm32f4xx_hal_tim.o
                0x08004098                TIM_Base_SetConfig
 .text.HAL_TIM_Base_Init
                0x08004140       0x58 ./Drivers/STM32F4xx_HAL_Driver/Src/stm32f4xx_hal_tim.o
                0x08004140                HAL_TIM_Base_Init
 .text.HAL_TIM_PWM_Init
                0x08004198       0x58 ./Drivers/STM32F4xx_HAL_Driver/Src/stm32f4xx_hal_tim.o
                0x08004198                HAL_TIM_PWM_Init
 .text.TIM_OC2_SetConfig
                0x080041f0       0x58 ./Drivers/STM32F4xx_HAL_Driver/Src/stm32f4xx_hal_tim.o
                0x080041f0                TIM_OC2_SetConfig
 .text.HAL_TIM_PWM_ConfigChannel
                0x08004248       0xb0 ./Drivers/STM32F4xx_HAL_Driver/Src/stm32f4xx_hal_tim.o
                0x08004248                HAL_TIM_PWM_ConfigChannel
 .text.TIM_ETR_SetConfig
                0x080042f8       0x14 ./Drivers/STM32F4xx_HAL_Driver/Src/stm32f4xx_hal_tim.o
                0x080042f8                TIM_ETR_SetConfig
 .text.HAL_TIM_ConfigClockSource
                0x0800430c      0x132 ./Drivers/STM32F4xx_HAL_Driver/Src/stm32f4xx_hal_tim.o
                0x0800430c                HAL_TIM_ConfigClockSource
 *fill*         0x0800443e        0x2 
 .text.HAL_TIMEx_MasterConfigSynchronization
                0x08004440       0x6c ./Drivers/STM32F4xx_HAL_Driver/Src/stm32f4xx_hal_tim_ex.o
                0x08004440                HAL_TIMEx_MasterConfigSynchronization
 .text.HAL_TIMEx_CommutCallback
                0x080044ac        0x2 ./Drivers/STM32F4xx_HAL_Driver/Src/stm32f4xx_hal_tim_ex.o
                0x080044ac                HAL_TIMEx_CommutCallback
 .text.HAL_TIMEx_BreakCallback
                0x080044ae        0x2 ./Drivers/STM32F4xx_HAL_Driver/Src/stm32f4xx_hal_tim_ex.o
                0x080044ae                HAL_TIMEx_BreakCallback
 .text.UART_EndRxTransfer
                0x080044b0       0x5c ./Drivers/STM32F4xx_HAL_Driver/Src/stm32f4xx_hal_uart.o
 .text.UART_SetConfig
                0x0800450c       0xbc ./Drivers/STM32F4xx_HAL_Driver/Src/stm32f4xx_hal_uart.o
 .text.HAL_UART_Init
                0x080045c8       0x5e ./Drivers/STM32F4xx_HAL_Driver/Src/stm32f4xx_hal_uart.o
                0x080045c8                HAL_UART_Init
 .text.HAL_UART_TxCpltCallback
                0x08004626        0x2 ./Drivers/STM32F4xx_HAL_Driver/Src/stm32f4xx_hal_uart.o
                0x08004626                HAL_UART_TxCpltCallback
 .text.HAL_UART_RxCpltCallback
                0x08004628        0x2 ./Drivers/STM32F4xx_HAL_Driver/Src/stm32f4xx_hal_uart.o
                0x08004628                HAL_UART_RxCpltCallback
 .text.HAL_UART_ErrorCallback
                0x0800462a        0x2 ./Drivers/STM32F4xx_HAL_Driver/Src/stm32f4xx_hal_uart.o
                0x0800462a                HAL_UART_ErrorCallback
 .text.UART_DMAAbortOnError
                0x0800462c       0x10 ./Drivers/STM32F4xx_HAL_Driver/Src/stm32f4xx_hal_uart.o
 .text.HAL_UARTEx_RxEventCallback
                0x0800463c        0x2 ./Drivers/STM32F4xx_HAL_Driver/Src/stm32f4xx_hal_uart.o
                0x0800463c                HAL_UARTEx_RxEventCallback
 .text.UART_Receive_IT.isra.0
                0x0800463e       0xb6 ./Drivers/STM32F4xx_HAL_Driver/Src/stm32f4xx_hal_uart.o
 .text.HAL_UART_IRQHandler
                0x080046f4      0x294 ./Drivers/STM32F4xx_HAL_Driver/Src/stm32f4xx_hal_uart.o
                0x080046f4                HAL_UART_IRQHandler
 .text.SDIO_Init
                0x08004988       0x38 ./Drivers/STM32F4xx_HAL_Driver/Src/stm32f4xx_ll_sdmmc.o
                0x08004988                SDIO_Init
 .text.SDIO_ReadFIFO
                0x080049c0        0x6 ./Drivers/STM32F4xx_HAL_Driver/Src/stm32f4xx_ll_sdmmc.o
                0x080049c0                SDIO_ReadFIFO
 .text.SDIO_WriteFIFO
                0x080049c6        0xa ./Drivers/STM32F4xx_HAL_Driver/Src/stm32f4xx_ll_sdmmc.o
                0x080049c6                SDIO_WriteFIFO
 .text.SDIO_PowerState_ON
                0x080049d0        0x8 ./Drivers/STM32F4xx_HAL_Driver/Src/stm32f4xx_ll_sdmmc.o
                0x080049d0                SDIO_PowerState_ON
 .text.SDIO_GetPowerState
                0x080049d8        0x8 ./Drivers/STM32F4xx_HAL_Driver/Src/stm32f4xx_ll_sdmmc.o
                0x080049d8                SDIO_GetPowerState
 .text.SDIO_SendCommand
                0x080049e0       0x26 ./Drivers/STM32F4xx_HAL_Driver/Src/stm32f4xx_ll_sdmmc.o
                0x080049e0                SDIO_SendCommand
 .text.SDIO_GetResponse
                0x08004a06        0x6 ./Drivers/STM32F4xx_HAL_Driver/Src/stm32f4xx_ll_sdmmc.o
                0x08004a06                SDIO_GetResponse
 .text.SDIO_ConfigData
                0x08004a0c       0x26 ./Drivers/STM32F4xx_HAL_Driver/Src/stm32f4xx_ll_sdmmc.o
                0x08004a0c                SDIO_ConfigData
 *fill*         0x08004a32        0x2 
 .text.SDMMC_CmdGoIdleState
                0x08004a34       0x4c ./Drivers/STM32F4xx_HAL_Driver/Src/stm32f4xx_ll_sdmmc.o
                0x08004a34                SDMMC_CmdGoIdleState
 .text.SDMMC_GetCmdResp1
                0x08004a80      0x11c ./Drivers/STM32F4xx_HAL_Driver/Src/stm32f4xx_ll_sdmmc.o
                0x08004a80                SDMMC_GetCmdResp1
 .text.SDMMC_CmdBlockLength
                0x08004b9c       0x32 ./Drivers/STM32F4xx_HAL_Driver/Src/stm32f4xx_ll_sdmmc.o
                0x08004b9c                SDMMC_CmdBlockLength
 .text.SDMMC_CmdReadSingleBlock
                0x08004bce       0x32 ./Drivers/STM32F4xx_HAL_Driver/Src/stm32f4xx_ll_sdmmc.o
                0x08004bce                SDMMC_CmdReadSingleBlock
 .text.SDMMC_CmdReadMultiBlock
                0x08004c00       0x32 ./Drivers/STM32F4xx_HAL_Driver/Src/stm32f4xx_ll_sdmmc.o
                0x08004c00                SDMMC_CmdReadMultiBlock
 .text.SDMMC_CmdWriteSingleBlock
                0x08004c32       0x32 ./Drivers/STM32F4xx_HAL_Driver/Src/stm32f4xx_ll_sdmmc.o
                0x08004c32                SDMMC_CmdWriteSingleBlock
 .text.SDMMC_CmdWriteMultiBlock
                0x08004c64       0x32 ./Drivers/STM32F4xx_HAL_Driver/Src/stm32f4xx_ll_sdmmc.o
                0x08004c64                SDMMC_CmdWriteMultiBlock
 *fill*         0x08004c96        0x2 
 .text.SDMMC_CmdStopTransfer
                0x08004c98       0x34 ./Drivers/STM32F4xx_HAL_Driver/Src/stm32f4xx_ll_sdmmc.o
                0x08004c98                SDMMC_CmdStopTransfer
 .text.SDMMC_CmdSelDesel
                0x08004ccc       0x32 ./Drivers/STM32F4xx_HAL_Driver/Src/stm32f4xx_ll_sdmmc.o
                0x08004ccc                SDMMC_CmdSelDesel
 .text.SDMMC_CmdAppCommand
                0x08004cfe       0x32 ./Drivers/STM32F4xx_HAL_Driver/Src/stm32f4xx_ll_sdmmc.o
                0x08004cfe                SDMMC_CmdAppCommand
 .text.SDMMC_CmdBusWidth
                0x08004d30       0x32 ./Drivers/STM32F4xx_HAL_Driver/Src/stm32f4xx_ll_sdmmc.o
                0x08004d30                SDMMC_CmdBusWidth
 .text.SDMMC_CmdSendSCR
                0x08004d62       0x32 ./Drivers/STM32F4xx_HAL_Driver/Src/stm32f4xx_ll_sdmmc.o
                0x08004d62                SDMMC_CmdSendSCR
 .text.SDMMC_CmdSendStatus
                0x08004d94       0x32 ./Drivers/STM32F4xx_HAL_Driver/Src/stm32f4xx_ll_sdmmc.o
                0x08004d94                SDMMC_CmdSendStatus
 *fill*         0x08004dc6        0x2 
 .text.SDMMC_GetCmdResp2
                0x08004dc8       0x4c ./Drivers/STM32F4xx_HAL_Driver/Src/stm32f4xx_ll_sdmmc.o
                0x08004dc8                SDMMC_GetCmdResp2
 .text.SDMMC_CmdSendCID
                0x08004e14       0x2c ./Drivers/STM32F4xx_HAL_Driver/Src/stm32f4xx_ll_sdmmc.o
                0x08004e14                SDMMC_CmdSendCID
 .text.SDMMC_CmdSendCSD
                0x08004e40       0x2c ./Drivers/STM32F4xx_HAL_Driver/Src/stm32f4xx_ll_sdmmc.o
                0x08004e40                SDMMC_CmdSendCSD
 .text.SDMMC_GetCmdResp3
                0x08004e6c       0x40 ./Drivers/STM32F4xx_HAL_Driver/Src/stm32f4xx_ll_sdmmc.o
                0x08004e6c                SDMMC_GetCmdResp3
 .text.SDMMC_CmdAppOperCommand
                0x08004eac       0x34 ./Drivers/STM32F4xx_HAL_Driver/Src/stm32f4xx_ll_sdmmc.o
                0x08004eac                SDMMC_CmdAppOperCommand
 .text.SDMMC_GetCmdResp6
                0x08004ee0       0x80 ./Drivers/STM32F4xx_HAL_Driver/Src/stm32f4xx_ll_sdmmc.o
                0x08004ee0                SDMMC_GetCmdResp6
 .text.SDMMC_CmdSetRelAdd
                0x08004f60       0x32 ./Drivers/STM32F4xx_HAL_Driver/Src/stm32f4xx_ll_sdmmc.o
                0x08004f60                SDMMC_CmdSetRelAdd
 *fill*         0x08004f92        0x2 
 .text.SDMMC_GetCmdResp7
                0x08004f94       0x54 ./Drivers/STM32F4xx_HAL_Driver/Src/stm32f4xx_ll_sdmmc.o
                0x08004f94                SDMMC_GetCmdResp7
 .text.SDMMC_CmdOperCond
                0x08004fe8       0x30 ./Drivers/STM32F4xx_HAL_Driver/Src/stm32f4xx_ll_sdmmc.o
                0x08004fe8                SDMMC_CmdOperCond
 .text.USB_CoreReset
                0x08005018       0x46 ./Drivers/STM32F4xx_HAL_Driver/Src/stm32f4xx_ll_usb.o
 .text.USB_CoreInit
                0x0800505e       0x88 ./Drivers/STM32F4xx_HAL_Driver/Src/stm32f4xx_ll_usb.o
                0x0800505e                USB_CoreInit
 *fill*         0x080050e6        0x2 
 .text.USB_SetTurnaroundTime
                0x080050e8       0xe0 ./Drivers/STM32F4xx_HAL_Driver/Src/stm32f4xx_ll_usb.o
                0x080050e8                USB_SetTurnaroundTime
 .text.USB_EnableGlobalInt
                0x080051c8        0xc ./Drivers/STM32F4xx_HAL_Driver/Src/stm32f4xx_ll_usb.o
                0x080051c8                USB_EnableGlobalInt
 .text.USB_DisableGlobalInt
                0x080051d4        0xc ./Drivers/STM32F4xx_HAL_Driver/Src/stm32f4xx_ll_usb.o
                0x080051d4                USB_DisableGlobalInt
 .text.USB_SetCurrentMode
                0x080051e0       0x60 ./Drivers/STM32F4xx_HAL_Driver/Src/stm32f4xx_ll_usb.o
                0x080051e0                USB_SetCurrentMode
 .text.USB_FlushTxFifo
                0x08005240       0x46 ./Drivers/STM32F4xx_HAL_Driver/Src/stm32f4xx_ll_usb.o
                0x08005240                USB_FlushTxFifo
 .text.USB_FlushRxFifo
                0x08005286       0x42 ./Drivers/STM32F4xx_HAL_Driver/Src/stm32f4xx_ll_usb.o
                0x08005286                USB_FlushRxFifo
 .text.USB_SetDevSpeed
                0x080052c8        0xe ./Drivers/STM32F4xx_HAL_Driver/Src/stm32f4xx_ll_usb.o
                0x080052c8                USB_SetDevSpeed
 *fill*         0x080052d6        0x2 
 .text.USB_DevInit
                0x080052d8      0x174 ./Drivers/STM32F4xx_HAL_Driver/Src/stm32f4xx_ll_usb.o
                0x080052d8                USB_DevInit
 .text.USB_GetDevSpeed
                0x0800544c       0x16 ./Drivers/STM32F4xx_HAL_Driver/Src/stm32f4xx_ll_usb.o
                0x0800544c                USB_GetDevSpeed
 .text.USB_ActivateEndpoint
                0x08005462       0x7e ./Drivers/STM32F4xx_HAL_Driver/Src/stm32f4xx_ll_usb.o
                0x08005462                USB_ActivateEndpoint
 .text.USB_DeactivateEndpoint
                0x080054e0       0xac ./Drivers/STM32F4xx_HAL_Driver/Src/stm32f4xx_ll_usb.o
                0x080054e0                USB_DeactivateEndpoint
 .text.USB_EPStopXfer
                0x0800558c       0x84 ./Drivers/STM32F4xx_HAL_Driver/Src/stm32f4xx_ll_usb.o
                0x0800558c                USB_EPStopXfer
 .text.USB_WritePacket
                0x08005610       0x26 ./Drivers/STM32F4xx_HAL_Driver/Src/stm32f4xx_ll_usb.o
                0x08005610                USB_WritePacket
 *fill*         0x08005636        0x2 
 .text.USB_EPStartXfer
                0x08005638      0x1c8 ./Drivers/STM32F4xx_HAL_Driver/Src/stm32f4xx_ll_usb.o
                0x08005638                USB_EPStartXfer
 .text.USB_ReadPacket
                0x08005800       0x40 ./Drivers/STM32F4xx_HAL_Driver/Src/stm32f4xx_ll_usb.o
                0x08005800                USB_ReadPacket
 .text.USB_EPSetStall
                0x08005840       0x56 ./Drivers/STM32F4xx_HAL_Driver/Src/stm32f4xx_ll_usb.o
                0x08005840                USB_EPSetStall
 .text.USB_EPClearStall
                0x08005896       0x52 ./Drivers/STM32F4xx_HAL_Driver/Src/stm32f4xx_ll_usb.o
                0x08005896                USB_EPClearStall
 .text.USB_SetDevAddress
                0x080058e8       0x20 ./Drivers/STM32F4xx_HAL_Driver/Src/stm32f4xx_ll_usb.o
                0x080058e8                USB_SetDevAddress
 .text.USB_DevConnect
                0x08005908       0x1c ./Drivers/STM32F4xx_HAL_Driver/Src/stm32f4xx_ll_usb.o
                0x08005908                USB_DevConnect
 .text.USB_DevDisconnect
                0x08005924       0x1c ./Drivers/STM32F4xx_HAL_Driver/Src/stm32f4xx_ll_usb.o
                0x08005924                USB_DevDisconnect
 .text.USB_ReadInterrupts
                0x08005940        0x8 ./Drivers/STM32F4xx_HAL_Driver/Src/stm32f4xx_ll_usb.o
                0x08005940                USB_ReadInterrupts
 .text.USB_ReadDevAllOutEpInterrupt
                0x08005948       0x10 ./Drivers/STM32F4xx_HAL_Driver/Src/stm32f4xx_ll_usb.o
                0x08005948                USB_ReadDevAllOutEpInterrupt
 .text.USB_ReadDevAllInEpInterrupt
                0x08005958       0x10 ./Drivers/STM32F4xx_HAL_Driver/Src/stm32f4xx_ll_usb.o
                0x08005958                USB_ReadDevAllInEpInterrupt
 .text.USB_ReadDevOutEPInterrupt
                0x08005968       0x12 ./Drivers/STM32F4xx_HAL_Driver/Src/stm32f4xx_ll_usb.o
                0x08005968                USB_ReadDevOutEPInterrupt
 .text.USB_ReadDevInEPInterrupt
                0x0800597a       0x22 ./Drivers/STM32F4xx_HAL_Driver/Src/stm32f4xx_ll_usb.o
                0x0800597a                USB_ReadDevInEPInterrupt
 .text.USB_GetMode
                0x0800599c        0x8 ./Drivers/STM32F4xx_HAL_Driver/Src/stm32f4xx_ll_usb.o
                0x0800599c                USB_GetMode
 .text.USB_ActivateSetup
                0x080059a4       0x20 ./Drivers/STM32F4xx_HAL_Driver/Src/stm32f4xx_ll_usb.o
                0x080059a4                USB_ActivateSetup
 .text.USB_EP0_OutStart
                0x080059c4       0x4c ./Drivers/STM32F4xx_HAL_Driver/Src/stm32f4xx_ll_usb.o
                0x080059c4                USB_EP0_OutStart
 .text.MX_FATFS_Init
                0x08005a10       0x1c ./FATFS/App/fatfs.o
                0x08005a10                MX_FATFS_Init
 .text.BSP_SD_ReadBlocks_DMA
                0x08005a2c       0x1c ./FATFS/Target/bsp_driver_sd.o
                0x08005a2c                BSP_SD_ReadBlocks_DMA
 .text.BSP_SD_WriteBlocks_DMA
                0x08005a48       0x1c ./FATFS/Target/bsp_driver_sd.o
                0x08005a48                BSP_SD_WriteBlocks_DMA
 .text.BSP_SD_GetCardState
                0x08005a64       0x14 ./FATFS/Target/bsp_driver_sd.o
                0x08005a64                BSP_SD_GetCardState
 .text.BSP_SD_GetCardInfo
                0x08005a78        0xc ./FATFS/Target/bsp_driver_sd.o
                0x08005a78                BSP_SD_GetCardInfo
 .text.BSP_SD_AbortCallback
                0x08005a84        0x2 ./FATFS/Target/bsp_driver_sd.o
                0x08005a84                BSP_SD_AbortCallback
 .text.HAL_SD_AbortCallback
                0x08005a86        0x8 ./FATFS/Target/bsp_driver_sd.o
                0x08005a86                HAL_SD_AbortCallback
 .text.HAL_SD_TxCpltCallback
                0x08005a8e        0x8 ./FATFS/Target/bsp_driver_sd.o
                0x08005a8e                HAL_SD_TxCpltCallback
 .text.HAL_SD_RxCpltCallback
                0x08005a96        0x8 ./FATFS/Target/bsp_driver_sd.o
                0x08005a96                HAL_SD_RxCpltCallback
 .text.BSP_SD_IsDetected
                0x08005a9e       0x1c ./FATFS/Target/bsp_driver_sd.o
                0x08005a9e                BSP_SD_IsDetected
 *fill*         0x08005aba        0x2 
 .text.BSP_SD_Init
                0x08005abc       0x2c ./FATFS/Target/bsp_driver_sd.o
                0x08005abc                BSP_SD_Init
 .text.BSP_PlatformIsDetected
                0x08005ae8       0x18 ./FATFS/Target/fatfs_platform.o
                0x08005ae8                BSP_PlatformIsDetected
 .text.SD_ioctl
                0x08005b00       0x50 ./FATFS/Target/sd_diskio.o
                0x08005b00                SD_ioctl
 .text.SD_status
                0x08005b50       0x20 ./FATFS/Target/sd_diskio.o
                0x08005b50                SD_status
 .text.SD_CheckStatusWithTimeout.constprop.0
                0x08005b70       0x26 ./FATFS/Target/sd_diskio.o
 *fill*         0x08005b96        0x2 
 .text.SD_write
                0x08005b98       0x6c ./FATFS/Target/sd_diskio.o
                0x08005b98                SD_write
 .text.SD_read  0x08005c04       0x6c ./FATFS/Target/sd_diskio.o
                0x08005c04                SD_read
 .text.SD_initialize
                0x08005c70       0x2c ./FATFS/Target/sd_diskio.o
                0x08005c70                SD_initialize
 .text.BSP_SD_WriteCpltCallback
                0x08005c9c        0xc ./FATFS/Target/sd_diskio.o
                0x08005c9c                BSP_SD_WriteCpltCallback
 .text.BSP_SD_ReadCpltCallback
                0x08005ca8        0xc ./FATFS/Target/sd_diskio.o
                0x08005ca8                BSP_SD_ReadCpltCallback
 .text.USBD_CDC_EP0_RxReady
                0x08005cb4       0x38 ./Middlewares/ST/STM32_USB_Device_Library/Class/CDC/Src/usbd_cdc.o
 .text.USBD_CDC_GetDeviceQualifierDescriptor
                0x08005cec        0xc ./Middlewares/ST/STM32_USB_Device_Library/Class/CDC/Src/usbd_cdc.o
                0x08005cec                USBD_CDC_GetDeviceQualifierDescriptor
 .text.USBD_CDC_GetFSCfgDesc
                0x08005cf8       0x48 ./Middlewares/ST/STM32_USB_Device_Library/Class/CDC/Src/usbd_cdc.o
 .text.USBD_CDC_GetOtherSpeedCfgDesc
                0x08005d40        0x4 ./Middlewares/ST/STM32_USB_Device_Library/Class/CDC/Src/usbd_cdc.o
 .text.USBD_CDC_GetHSCfgDesc
                0x08005d44       0x48 ./Middlewares/ST/STM32_USB_Device_Library/Class/CDC/Src/usbd_cdc.o
 .text.USBD_CDC_DataOut
                0x08005d8c       0x38 ./Middlewares/ST/STM32_USB_Device_Library/Class/CDC/Src/usbd_cdc.o
 .text.USBD_CDC_DataIn
                0x08005dc4       0x64 ./Middlewares/ST/STM32_USB_Device_Library/Class/CDC/Src/usbd_cdc.o
 .text.USBD_CDC_Setup
                0x08005e28       0xf0 ./Middlewares/ST/STM32_USB_Device_Library/Class/CDC/Src/usbd_cdc.o
 .text.USBD_CDC_DeInit
                0x08005f18       0x5a ./Middlewares/ST/STM32_USB_Device_Library/Class/CDC/Src/usbd_cdc.o
 .text.USBD_CDC_Init
                0x08005f72       0xc6 ./Middlewares/ST/STM32_USB_Device_Library/Class/CDC/Src/usbd_cdc.o
 .text.USBD_CDC_RegisterInterface
                0x08006038       0x16 ./Middlewares/ST/STM32_USB_Device_Library/Class/CDC/Src/usbd_cdc.o
                0x08006038                USBD_CDC_RegisterInterface
 .text.USBD_CDC_SetTxBuffer
                0x0800604e       0x1c ./Middlewares/ST/STM32_USB_Device_Library/Class/CDC/Src/usbd_cdc.o
                0x0800604e                USBD_CDC_SetTxBuffer
 .text.USBD_CDC_SetRxBuffer
                0x0800606a       0x18 ./Middlewares/ST/STM32_USB_Device_Library/Class/CDC/Src/usbd_cdc.o
                0x0800606a                USBD_CDC_SetRxBuffer
 .text.USBD_CDC_ReceivePacket
                0x08006082       0x2c ./Middlewares/ST/STM32_USB_Device_Library/Class/CDC/Src/usbd_cdc.o
                0x08006082                USBD_CDC_ReceivePacket
 .text.USBD_Init
                0x080060ae       0x26 ./Middlewares/ST/STM32_USB_Device_Library/Core/Src/usbd_core.o
                0x080060ae                USBD_Init
 .text.USBD_RegisterClass
                0x080060d4       0x32 ./Middlewares/ST/STM32_USB_Device_Library/Core/Src/usbd_core.o
                0x080060d4                USBD_RegisterClass
 .text.USBD_Start
                0x08006106        0x4 ./Middlewares/ST/STM32_USB_Device_Library/Core/Src/usbd_core.o
                0x08006106                USBD_Start
 .text.USBD_SetClassConfig
                0x0800610a        0xe ./Middlewares/ST/STM32_USB_Device_Library/Core/Src/usbd_core.o
                0x0800610a                USBD_SetClassConfig
 .text.USBD_ClrClassConfig
                0x08006118       0x12 ./Middlewares/ST/STM32_USB_Device_Library/Core/Src/usbd_core.o
                0x08006118                USBD_ClrClassConfig
 .text.USBD_LL_SetupStage
                0x0800612a       0x60 ./Middlewares/ST/STM32_USB_Device_Library/Core/Src/usbd_core.o
                0x0800612a                USBD_LL_SetupStage
 .text.USBD_LL_DataOutStage
                0x0800618a       0x6a ./Middlewares/ST/STM32_USB_Device_Library/Core/Src/usbd_core.o
                0x0800618a                USBD_LL_DataOutStage
 .text.USBD_LL_DataInStage
                0x080061f4       0xa6 ./Middlewares/ST/STM32_USB_Device_Library/Core/Src/usbd_core.o
                0x080061f4                USBD_LL_DataInStage
 .text.USBD_LL_Reset
                0x0800629a       0x5e ./Middlewares/ST/STM32_USB_Device_Library/Core/Src/usbd_core.o
                0x0800629a                USBD_LL_Reset
 .text.USBD_LL_SetSpeed
                0x080062f8        0x6 ./Middlewares/ST/STM32_USB_Device_Library/Core/Src/usbd_core.o
                0x080062f8                USBD_LL_SetSpeed
 .text.USBD_LL_Suspend
                0x080062fe       0x1c ./Middlewares/ST/STM32_USB_Device_Library/Core/Src/usbd_core.o
                0x080062fe                USBD_LL_Suspend
 .text.USBD_LL_Resume
                0x0800631a       0x16 ./Middlewares/ST/STM32_USB_Device_Library/Core/Src/usbd_core.o
                0x0800631a                USBD_LL_Resume
 .text.USBD_LL_SOF
                0x08006330       0x1a ./Middlewares/ST/STM32_USB_Device_Library/Core/Src/usbd_core.o
                0x08006330                USBD_LL_SOF
 .text.USBD_LL_IsoINIncomplete
                0x0800634a       0x26 ./Middlewares/ST/STM32_USB_Device_Library/Core/Src/usbd_core.o
                0x0800634a                USBD_LL_IsoINIncomplete
 .text.USBD_LL_IsoOUTIncomplete
                0x08006370       0x26 ./Middlewares/ST/STM32_USB_Device_Library/Core/Src/usbd_core.o
                0x08006370                USBD_LL_IsoOUTIncomplete
 .text.USBD_LL_DevConnected
                0x08006396        0x4 ./Middlewares/ST/STM32_USB_Device_Library/Core/Src/usbd_core.o
                0x08006396                USBD_LL_DevConnected
 .text.USBD_LL_DevDisconnected
                0x0800639a       0x20 ./Middlewares/ST/STM32_USB_Device_Library/Core/Src/usbd_core.o
                0x0800639a                USBD_LL_DevDisconnected
 .text.USBD_CoreFindIF
                0x080063ba        0x4 ./Middlewares/ST/STM32_USB_Device_Library/Core/Src/usbd_core.o
                0x080063ba                USBD_CoreFindIF
 .text.USBD_CoreFindEP
                0x080063be        0x4 ./Middlewares/ST/STM32_USB_Device_Library/Core/Src/usbd_core.o
                0x080063be                USBD_CoreFindEP
 .text.USBD_GetEpDesc
                0x080063c2       0x24 ./Middlewares/ST/STM32_USB_Device_Library/Core/Src/usbd_core.o
                0x080063c2                USBD_GetEpDesc
 .text.USBD_CtlError.constprop.0
                0x080063e6       0x16 ./Middlewares/ST/STM32_USB_Device_Library/Core/Src/usbd_ctlreq.o
 .text.USBD_StdDevReq
                0x080063fc      0x28c ./Middlewares/ST/STM32_USB_Device_Library/Core/Src/usbd_ctlreq.o
                0x080063fc                USBD_StdDevReq
 .text.USBD_StdItfReq
                0x08006688       0x5a ./Middlewares/ST/STM32_USB_Device_Library/Core/Src/usbd_ctlreq.o
                0x08006688                USBD_StdItfReq
 .text.USBD_StdEPReq
                0x080066e2      0x13a ./Middlewares/ST/STM32_USB_Device_Library/Core/Src/usbd_ctlreq.o
                0x080066e2                USBD_StdEPReq
 .text.USBD_ParseSetupRequest
                0x0800681c       0x16 ./Middlewares/ST/STM32_USB_Device_Library/Core/Src/usbd_ctlreq.o
                0x0800681c                USBD_ParseSetupRequest
 .text.USBD_CtlError
                0x08006832       0x16 ./Middlewares/ST/STM32_USB_Device_Library/Core/Src/usbd_ctlreq.o
                0x08006832                USBD_CtlError
 .text.USBD_GetString
                0x08006848       0x38 ./Middlewares/ST/STM32_USB_Device_Library/Core/Src/usbd_ctlreq.o
                0x08006848                USBD_GetString
 .text.USBD_CtlSendData
                0x08006880       0x1a ./Middlewares/ST/STM32_USB_Device_Library/Core/Src/usbd_ioreq.o
                0x08006880                USBD_CtlSendData
 .text.USBD_CtlContinueSendData
                0x0800689a       0x10 ./Middlewares/ST/STM32_USB_Device_Library/Core/Src/usbd_ioreq.o
                0x0800689a                USBD_CtlContinueSendData
 .text.USBD_CtlPrepareRx
                0x080068aa       0x1a ./Middlewares/ST/STM32_USB_Device_Library/Core/Src/usbd_ioreq.o
                0x080068aa                USBD_CtlPrepareRx
 .text.USBD_CtlContinueRx
                0x080068c4       0x10 ./Middlewares/ST/STM32_USB_Device_Library/Core/Src/usbd_ioreq.o
                0x080068c4                USBD_CtlContinueRx
 .text.USBD_CtlSendStatus
                0x080068d4       0x16 ./Middlewares/ST/STM32_USB_Device_Library/Core/Src/usbd_ioreq.o
                0x080068d4                USBD_CtlSendStatus
 .text.USBD_CtlReceiveStatus
                0x080068ea       0x16 ./Middlewares/ST/STM32_USB_Device_Library/Core/Src/usbd_ioreq.o
                0x080068ea                USBD_CtlReceiveStatus
 .text.FATFS_LinkDriverEx
                0x08006900       0x40 ./Middlewares/Third_Party/FatFs/src/ff_gen_drv.o
                0x08006900                FATFS_LinkDriverEx
 .text.FATFS_LinkDriver
                0x08006940        0x6 ./Middlewares/Third_Party/FatFs/src/ff_gen_drv.o
                0x08006940                FATFS_LinkDriver
 *fill*         0x08006946        0x2 
 .text.MX_USB_DEVICE_Init
                0x08006948       0x50 ./USB_DEVICE/App/usb_device.o
                0x08006948                MX_USB_DEVICE_Init
 .text.CDC_DeInit_FS
                0x08006998        0x4 ./USB_DEVICE/App/usbd_cdc_if.o
 .text.CDC_Control_FS
                0x0800699c        0x4 ./USB_DEVICE/App/usbd_cdc_if.o
 .text.CDC_TransmitCplt_FS
                0x080069a0        0x4 ./USB_DEVICE/App/usbd_cdc_if.o
 .text.CDC_Receive_FS
                0x080069a4       0x1c ./USB_DEVICE/App/usbd_cdc_if.o
 .text.CDC_Init_FS
                0x080069c0       0x28 ./USB_DEVICE/App/usbd_cdc_if.o
 .text.USBD_FS_DeviceDescriptor
                0x080069e8        0xc ./USB_DEVICE/App/usbd_desc.o
                0x080069e8                USBD_FS_DeviceDescriptor
 .text.USBD_FS_LangIDStrDescriptor
                0x080069f4        0xc ./USB_DEVICE/App/usbd_desc.o
                0x080069f4                USBD_FS_LangIDStrDescriptor
 .text.IntToUnicode
                0x08006a00       0x2a ./USB_DEVICE/App/usbd_desc.o
 *fill*         0x08006a2a        0x2 
 .text.USBD_FS_SerialStrDescriptor
                0x08006a2c       0x3c ./USB_DEVICE/App/usbd_desc.o
                0x08006a2c                USBD_FS_SerialStrDescriptor
 .text.USBD_FS_ManufacturerStrDescriptor
                0x08006a68       0x1c ./USB_DEVICE/App/usbd_desc.o
                0x08006a68                USBD_FS_ManufacturerStrDescriptor
 .text.USBD_FS_ProductStrDescriptor
                0x08006a84       0x1c ./USB_DEVICE/App/usbd_desc.o
                0x08006a84                USBD_FS_ProductStrDescriptor
 .text.USBD_FS_ConfigStrDescriptor
                0x08006aa0       0x1c ./USB_DEVICE/App/usbd_desc.o
                0x08006aa0                USBD_FS_ConfigStrDescriptor
 .text.USBD_FS_InterfaceStrDescriptor
                0x08006abc       0x1c ./USB_DEVICE/App/usbd_desc.o
                0x08006abc                USBD_FS_InterfaceStrDescriptor
 .text.HAL_PCD_MspInit
                0x08006ad8       0x84 ./USB_DEVICE/Target/usbd_conf.o
                0x08006ad8                HAL_PCD_MspInit
 .text.HAL_PCD_SetupStageCallback
                0x08006b5c        0xc ./USB_DEVICE/Target/usbd_conf.o
                0x08006b5c                HAL_PCD_SetupStageCallback
 .text.HAL_PCD_DataOutStageCallback
                0x08006b68       0x12 ./USB_DEVICE/Target/usbd_conf.o
                0x08006b68                HAL_PCD_DataOutStageCallback
 .text.HAL_PCD_DataInStageCallback
                0x08006b7a       0x10 ./USB_DEVICE/Target/usbd_conf.o
                0x08006b7a                HAL_PCD_DataInStageCallback
 .text.HAL_PCD_SOFCallback
                0x08006b8a        0x8 ./USB_DEVICE/Target/usbd_conf.o
                0x08006b8a                HAL_PCD_SOFCallback
 .text.HAL_PCD_ResetCallback
                0x08006b92       0x24 ./USB_DEVICE/Target/usbd_conf.o
                0x08006b92                HAL_PCD_ResetCallback
 *fill*         0x08006bb6        0x2 
 .text.HAL_PCD_SuspendCallback
                0x08006bb8       0x30 ./USB_DEVICE/Target/usbd_conf.o
                0x08006bb8                HAL_PCD_SuspendCallback
 .text.HAL_PCD_ResumeCallback
                0x08006be8        0x8 ./USB_DEVICE/Target/usbd_conf.o
                0x08006be8                HAL_PCD_ResumeCallback
 .text.HAL_PCD_ISOOUTIncompleteCallback
                0x08006bf0        0x8 ./USB_DEVICE/Target/usbd_conf.o
                0x08006bf0                HAL_PCD_ISOOUTIncompleteCallback
 .text.HAL_PCD_ISOINIncompleteCallback
                0x08006bf8        0x8 ./USB_DEVICE/Target/usbd_conf.o
                0x08006bf8                HAL_PCD_ISOINIncompleteCallback
 .text.HAL_PCD_ConnectCallback
                0x08006c00        0x8 ./USB_DEVICE/Target/usbd_conf.o
                0x08006c00                HAL_PCD_ConnectCallback
 .text.HAL_PCD_DisconnectCallback
                0x08006c08        0x8 ./USB_DEVICE/Target/usbd_conf.o
                0x08006c08                HAL_PCD_DisconnectCallback
 .text.USBD_LL_Init
                0x08006c10       0x5c ./USB_DEVICE/Target/usbd_conf.o
                0x08006c10                USBD_LL_Init
 .text.USBD_LL_IsStallEP
                0x08006c6c       0x24 ./USB_DEVICE/Target/usbd_conf.o
                0x08006c6c                USBD_LL_IsStallEP
 .text.USBD_LL_GetRxDataSize
                0x08006c90        0x8 ./USB_DEVICE/Target/usbd_conf.o
                0x08006c90                USBD_LL_GetRxDataSize
 .text.USBD_static_malloc
                0x08006c98        0x8 ./USB_DEVICE/Target/usbd_conf.o
                0x08006c98                USBD_static_malloc
 .text.USBD_static_free
                0x08006ca0        0x2 ./USB_DEVICE/Target/usbd_conf.o
                0x08006ca0                USBD_static_free
 .text.USBD_Get_USB_Status
                0x08006ca2        0xc ./USB_DEVICE/Target/usbd_conf.o
                0x08006ca2                USBD_Get_USB_Status
 .text.USBD_LL_Start
                0x08006cae       0x12 ./USB_DEVICE/Target/usbd_conf.o
                0x08006cae                USBD_LL_Start
 .text.USBD_LL_OpenEP
                0x08006cc0       0x18 ./USB_DEVICE/Target/usbd_conf.o
                0x08006cc0                USBD_LL_OpenEP
 .text.USBD_LL_CloseEP
                0x08006cd8       0x12 ./USB_DEVICE/Target/usbd_conf.o
                0x08006cd8                USBD_LL_CloseEP
 .text.USBD_LL_StallEP
                0x08006cea       0x12 ./USB_DEVICE/Target/usbd_conf.o
                0x08006cea                USBD_LL_StallEP
 .text.USBD_LL_ClearStallEP
                0x08006cfc       0x12 ./USB_DEVICE/Target/usbd_conf.o
                0x08006cfc                USBD_LL_ClearStallEP
 .text.USBD_LL_SetUSBAddress
                0x08006d0e       0x12 ./USB_DEVICE/Target/usbd_conf.o
                0x08006d0e                USBD_LL_SetUSBAddress
 .text.USBD_LL_Transmit
                0x08006d20       0x12 ./USB_DEVICE/Target/usbd_conf.o
                0x08006d20                USBD_LL_Transmit
 .text.USBD_LL_PrepareReceive
                0x08006d32       0x12 ./USB_DEVICE/Target/usbd_conf.o
                0x08006d32                USBD_LL_PrepareReceive
 .text.memset   0x08006d44       0x10 /Applications/STM32CubeIDE.app/Contents/Eclipse/plugins/com.st.stm32cube.ide.mcu.externaltools.gnu-tools-for-stm32.12.3.rel1.macos64_1.0.200.202406191456/tools/bin/../lib/gcc/arm-none-eabi/12.3.1/../../../../arm-none-eabi/lib/thumb/v7e-m+fp/hard/libc_nano.a(libc_a-memset.o)
                0x08006d44                memset
 .text.__libc_init_array
                0x08006d54       0x48 /Applications/STM32CubeIDE.app/Contents/Eclipse/plugins/com.st.stm32cube.ide.mcu.externaltools.gnu-tools-for-stm32.12.3.rel1.macos64_1.0.200.202406191456/tools/bin/../lib/gcc/arm-none-eabi/12.3.1/../../../../arm-none-eabi/lib/thumb/v7e-m+fp/hard/libc_nano.a(libc_a-init.o)
                0x08006d54                __libc_init_array
 *(.glue_7)
 .glue_7        0x08006d9c        0x0 linker stubs
 *(.glue_7t)
 .glue_7t       0x08006d9c        0x0 linker stubs
 *(.eh_frame)
 .eh_frame      0x08006d9c        0x0 /Applications/STM32CubeIDE.app/Contents/Eclipse/plugins/com.st.stm32cube.ide.mcu.externaltools.gnu-tools-for-stm32.12.3.rel1.macos64_1.0.200.202406191456/tools/bin/../lib/gcc/arm-none-eabi/12.3.1/thumb/v7e-m+fp/hard/crtbegin.o
 *(.init)
 .init          0x08006d9c        0x4 /Applications/STM32CubeIDE.app/Contents/Eclipse/plugins/com.st.stm32cube.ide.mcu.externaltools.gnu-tools-for-stm32.12.3.rel1.macos64_1.0.200.202406191456/tools/bin/../lib/gcc/arm-none-eabi/12.3.1/thumb/v7e-m+fp/hard/crti.o
                0x08006d9c                _init
 .init          0x08006da0        0x8 /Applications/STM32CubeIDE.app/Contents/Eclipse/plugins/com.st.stm32cube.ide.mcu.externaltools.gnu-tools-for-stm32.12.3.rel1.macos64_1.0.200.202406191456/tools/bin/../lib/gcc/arm-none-eabi/12.3.1/thumb/v7e-m+fp/hard/crtn.o
 *(.fini)
 .fini          0x08006da8        0x4 /Applications/STM32CubeIDE.app/Contents/Eclipse/plugins/com.st.stm32cube.ide.mcu.externaltools.gnu-tools-for-stm32.12.3.rel1.macos64_1.0.200.202406191456/tools/bin/../lib/gcc/arm-none-eabi/12.3.1/thumb/v7e-m+fp/hard/crti.o
                0x08006da8                _fini
 .fini          0x08006dac        0x8 /Applications/STM32CubeIDE.app/Contents/Eclipse/plugins/com.st.stm32cube.ide.mcu.externaltools.gnu-tools-for-stm32.12.3.rel1.macos64_1.0.200.202406191456/tools/bin/../lib/gcc/arm-none-eabi/12.3.1/thumb/v7e-m+fp/hard/crtn.o
                0x08006db4                        . = ALIGN (0x4)
                0x08006db4                        _etext = .

.vfp11_veneer   0x08006db4        0x0
 .vfp11_veneer  0x08006db4        0x0 linker stubs

.v4_bx          0x08006db4        0x0
 .v4_bx         0x08006db4        0x0 linker stubs

.iplt           0x08006db4        0x0
 .iplt          0x08006db4        0x0 /Applications/STM32CubeIDE.app/Contents/Eclipse/plugins/com.st.stm32cube.ide.mcu.externaltools.gnu-tools-for-stm32.12.3.rel1.macos64_1.0.200.202406191456/tools/bin/../lib/gcc/arm-none-eabi/12.3.1/thumb/v7e-m+fp/hard/crtbegin.o

.rodata         0x08006db4       0x78
                0x08006db4                        . = ALIGN (0x4)
 *(.rodata)
 *(.rodata*)
 .rodata.APBPrescTable
                0x08006db4        0x8 ./Core/Src/system_stm32f4xx.o
                0x08006db4                APBPrescTable
 .rodata.AHBPrescTable
                0x08006dbc       0x10 ./Core/Src/system_stm32f4xx.o
                0x08006dbc                AHBPrescTable
 .rodata.flagBitshiftOffset.0
                0x08006dcc        0x8 ./Drivers/STM32F4xx_HAL_Driver/Src/stm32f4xx_hal_dma.o
 .rodata.SD_Driver
                0x08006dd4       0x14 ./FATFS/Target/sd_diskio.o
                0x08006dd4                SD_Driver
 .rodata.USBD_FS_ManufacturerStrDescriptor.str1.1
                0x08006de8       0x13 ./USB_DEVICE/App/usbd_desc.o
 .rodata.USBD_FS_ProductStrDescriptor.str1.1
                0x08006dfb       0x16 ./USB_DEVICE/App/usbd_desc.o
 .rodata.USBD_FS_ConfigStrDescriptor.str1.1
                0x08006e11        0xb ./USB_DEVICE/App/usbd_desc.o
 .rodata.USBD_FS_InterfaceStrDescriptor.str1.1
                0x08006e1c        0xe ./USB_DEVICE/App/usbd_desc.o
                0x08006e2c                        . = ALIGN (0x4)
 *fill*         0x08006e2a        0x2 

.ARM.extab      0x08006e2c        0x0
                0x08006e2c                        . = ALIGN (0x4)
 *(.ARM.extab* .gnu.linkonce.armextab.*)
                0x08006e2c                        . = ALIGN (0x4)

.ARM            0x08006e2c        0x8
                0x08006e2c                        . = ALIGN (0x4)
                0x08006e2c                        __exidx_start = .
 *(.ARM.exidx*)
 .ARM.exidx     0x08006e2c        0x8 /Applications/STM32CubeIDE.app/Contents/Eclipse/plugins/com.st.stm32cube.ide.mcu.externaltools.gnu-tools-for-stm32.12.3.rel1.macos64_1.0.200.202406191456/tools/bin/../lib/gcc/arm-none-eabi/12.3.1/../../../../arm-none-eabi/lib/thumb/v7e-m+fp/hard/libc_nano.a(libc_a-strlen.o)
 .ARM.exidx     0x08006e34        0x0 /Applications/STM32CubeIDE.app/Contents/Eclipse/plugins/com.st.stm32cube.ide.mcu.externaltools.gnu-tools-for-stm32.12.3.rel1.macos64_1.0.200.202406191456/tools/bin/../lib/gcc/arm-none-eabi/12.3.1/thumb/v7e-m+fp/hard/libgcc.a(_udivmoddi4.o)
                                  0x8 (size before relaxing)
                0x08006e34                        __exidx_end = .
                0x08006e34                        . = ALIGN (0x4)

.preinit_array  0x08006e34        0x0
                0x08006e34                        . = ALIGN (0x4)
                0x08006e34                        PROVIDE (__preinit_array_start = .)
 *(.preinit_array*)
                0x08006e34                        PROVIDE (__preinit_array_end = .)
                0x08006e34                        . = ALIGN (0x4)

.init_array     0x08006e34        0x4
                0x08006e34                        . = ALIGN (0x4)
                0x08006e34                        PROVIDE (__init_array_start = .)
 *(SORT_BY_NAME(.init_array.*))
 *(.init_array*)
 .init_array    0x08006e34        0x4 /Applications/STM32CubeIDE.app/Contents/Eclipse/plugins/com.st.stm32cube.ide.mcu.externaltools.gnu-tools-for-stm32.12.3.rel1.macos64_1.0.200.202406191456/tools/bin/../lib/gcc/arm-none-eabi/12.3.1/thumb/v7e-m+fp/hard/crtbegin.o
                0x08006e38                        PROVIDE (__init_array_end = .)
                0x08006e38                        . = ALIGN (0x4)

.fini_array     0x08006e38        0x4
                0x08006e38                        . = ALIGN (0x4)
                [!provide]                        PROVIDE (__fini_array_start = .)
 *(SORT_BY_NAME(.fini_array.*))
 *(.fini_array*)
 .fini_array    0x08006e38        0x4 /Applications/STM32CubeIDE.app/Contents/Eclipse/plugins/com.st.stm32cube.ide.mcu.externaltools.gnu-tools-for-stm32.12.3.rel1.macos64_1.0.200.202406191456/tools/bin/../lib/gcc/arm-none-eabi/12.3.1/thumb/v7e-m+fp/hard/crtbegin.o
                [!provide]                        PROVIDE (__fini_array_end = .)
                0x08006e3c                        . = ALIGN (0x4)
                0x08006e3c                        _sidata = LOADADDR (.data)

.rel.dyn        0x08006e3c        0x0
 .rel.iplt      0x08006e3c        0x0 /Applications/STM32CubeIDE.app/Contents/Eclipse/plugins/com.st.stm32cube.ide.mcu.externaltools.gnu-tools-for-stm32.12.3.rel1.macos64_1.0.200.202406191456/tools/bin/../lib/gcc/arm-none-eabi/12.3.1/thumb/v7e-m+fp/hard/crtbegin.o

.data           0x20000000       0xfc load address 0x08006e3c
                0x20000000                        . = ALIGN (0x4)
                0x20000000                        _sdata = .
 *(.data)
 *(.data*)
 .data.SystemCoreClock
                0x20000000        0x4 ./Core/Src/system_stm32f4xx.o
                0x20000000                SystemCoreClock
 .data.uwTickFreq
                0x20000004        0x1 ./Drivers/STM32F4xx_HAL_Driver/Src/stm32f4xx_hal.o
                0x20000004                uwTickFreq
 *fill*         0x20000005        0x3 
 .data.uwTickPrio
                0x20000008        0x4 ./Drivers/STM32F4xx_HAL_Driver/Src/stm32f4xx_hal.o
                0x20000008                uwTickPrio
 .data.Stat     0x2000000c        0x1 ./FATFS/Target/sd_diskio.o
 *fill*         0x2000000d        0x3 
 .data.USBD_CDC_CfgDesc
                0x20000010       0x43 ./Middlewares/ST/STM32_USB_Device_Library/Class/CDC/Src/usbd_cdc.o
 *fill*         0x20000053        0x1 
 .data.USBD_CDC
                0x20000054       0x38 ./Middlewares/ST/STM32_USB_Device_Library/Class/CDC/Src/usbd_cdc.o
                0x20000054                USBD_CDC
 .data.USBD_CDC_DeviceQualifierDesc
                0x2000008c        0xa ./Middlewares/ST/STM32_USB_Device_Library/Class/CDC/Src/usbd_cdc.o
 *fill*         0x20000096        0x2 
 .data.USBD_Interface_fops_FS
                0x20000098       0x14 ./USB_DEVICE/App/usbd_cdc_if.o
                0x20000098                USBD_Interface_fops_FS
 .data.USBD_StringSerial
                0x200000ac       0x1a ./USB_DEVICE/App/usbd_desc.o
                0x200000ac                USBD_StringSerial
 *fill*         0x200000c6        0x2 
 .data.USBD_LangIDDesc
                0x200000c8        0x4 ./USB_DEVICE/App/usbd_desc.o
                0x200000c8                USBD_LangIDDesc
 .data.USBD_FS_DeviceDesc
                0x200000cc       0x12 ./USB_DEVICE/App/usbd_desc.o
                0x200000cc                USBD_FS_DeviceDesc
 *fill*         0x200000de        0x2 
 .data.FS_Desc  0x200000e0       0x1c ./USB_DEVICE/App/usbd_desc.o
                0x200000e0                FS_Desc
 *(.RamFunc)
 *(.RamFunc*)
                0x200000fc                        . = ALIGN (0x4)
                0x200000fc                        _edata = .

.igot.plt       0x200000fc        0x0 load address 0x08006f38
 .igot.plt      0x200000fc        0x0 /Applications/STM32CubeIDE.app/Contents/Eclipse/plugins/com.st.stm32cube.ide.mcu.externaltools.gnu-tools-for-stm32.12.3.rel1.macos64_1.0.200.202406191456/tools/bin/../lib/gcc/arm-none-eabi/12.3.1/thumb/v7e-m+fp/hard/crtbegin.o
                0x200000fc                        . = ALIGN (0x4)

.bss            0x200000fc     0x1828 load address 0x08006f38
                0x200000fc                        _sbss = .
                0x200000fc                        __bss_start__ = _sbss
 *(.bss)
 .bss           0x200000fc       0x1c /Applications/STM32CubeIDE.app/Contents/Eclipse/plugins/com.st.stm32cube.ide.mcu.externaltools.gnu-tools-for-stm32.12.3.rel1.macos64_1.0.200.202406191456/tools/bin/../lib/gcc/arm-none-eabi/12.3.1/thumb/v7e-m+fp/hard/crtbegin.o
 *(.bss*)
 .bss.hadc1     0x20000118       0x48 ./Core/Src/adc.o
                0x20000118                hadc1
 .bss.hi2c1     0x20000160       0x54 ./Core/Src/i2c.o
                0x20000160                hi2c1
 .bss.hrtc      0x200001b4       0x20 ./Core/Src/rtc.o
                0x200001b4                hrtc
 .bss.hdma_sdio_tx
                0x200001d4       0x60 ./Core/Src/sdio.o
                0x200001d4                hdma_sdio_tx
 .bss.hdma_sdio_rx
                0x20000234       0x60 ./Core/Src/sdio.o
                0x20000234                hdma_sdio_rx
 .bss.hsd       0x20000294       0x84 ./Core/Src/sdio.o
                0x20000294                hsd
 .bss.hspi1     0x20000318       0x58 ./Core/Src/spi.o
                0x20000318                hspi1
 .bss.htim11    0x20000370       0x48 ./Core/Src/tim.o
                0x20000370                htim11
 .bss.htim10    0x200003b8       0x48 ./Core/Src/tim.o
                0x200003b8                htim10
 .bss.htim3     0x20000400       0x48 ./Core/Src/tim.o
                0x20000400                htim3
 .bss.htim2     0x20000448       0x48 ./Core/Src/tim.o
                0x20000448                htim2
 .bss.huart6    0x20000490       0x48 ./Core/Src/usart.o
                0x20000490                huart6
 .bss.huart1    0x200004d8       0x48 ./Core/Src/usart.o
                0x200004d8                huart1
 .bss.uwTick    0x20000520        0x4 ./Drivers/STM32F4xx_HAL_Driver/Src/stm32f4xx_hal.o
                0x20000520                uwTick
 .bss.SDPath    0x20000524        0x4 ./FATFS/App/fatfs.o
                0x20000524                SDPath
 .bss.retSD     0x20000528        0x1 ./FATFS/App/fatfs.o
                0x20000528                retSD
 *fill*         0x20000529        0x3 
 .bss.ReadStatus
                0x2000052c        0x4 ./FATFS/Target/sd_diskio.o
 .bss.WriteStatus
                0x20000530        0x4 ./FATFS/Target/sd_diskio.o
 .bss.cfgidx.0  0x20000534        0x1 ./Middlewares/ST/STM32_USB_Device_Library/Core/Src/usbd_ctlreq.o
 *fill*         0x20000535        0x3 
 .bss.disk      0x20000538        0xc ./Middlewares/Third_Party/FatFs/src/ff_gen_drv.o
                0x20000538                disk
 .bss.hUsbDeviceFS
                0x20000544      0x2dc ./USB_DEVICE/App/usb_device.o
                0x20000544                hUsbDeviceFS
 .bss.UserTxBufferFS
                0x20000820      0x400 ./USB_DEVICE/App/usbd_cdc_if.o
                0x20000820                UserTxBufferFS
 .bss.UserRxBufferFS
                0x20000c20      0x400 ./USB_DEVICE/App/usbd_cdc_if.o
                0x20000c20                UserRxBufferFS
 .bss.USBD_StrDesc
                0x20001020      0x200 ./USB_DEVICE/App/usbd_desc.o
                0x20001020                USBD_StrDesc
 .bss.mem.0     0x20001220      0x220 ./USB_DEVICE/Target/usbd_conf.o
 .bss.hpcd_USB_OTG_FS
                0x20001440      0x4e4 ./USB_DEVICE/Target/usbd_conf.o
                0x20001440                hpcd_USB_OTG_FS
 *(COMMON)
                0x20001924                        . = ALIGN (0x4)
                0x20001924                        _ebss = .
                0x20001924                        __bss_end__ = _ebss

._user_heap_stack
                0x20001924      0xc04 load address 0x08006f38
                0x20001928                        . = ALIGN (0x8)
 *fill*         0x20001924        0x4 
                [!provide]                        PROVIDE (end = .)
                0x20001928                        PROVIDE (_end = .)
                0x20001d28                        . = (. + _Min_Heap_Size)
 *fill*         0x20001928      0x400 
                0x20002528                        . = (. + _Min_Stack_Size)
 *fill*         0x20001d28      0x800 
                0x20002528                        . = ALIGN (0x8)

/DISCARD/
 libc.a(*)
 libm.a(*)
 libgcc.a(*)

.ARM.attributes
                0x00000000       0x30
 *(.ARM.attributes)
 .ARM.attributes
                0x00000000       0x22 /Applications/STM32CubeIDE.app/Contents/Eclipse/plugins/com.st.stm32cube.ide.mcu.externaltools.gnu-tools-for-stm32.12.3.rel1.macos64_1.0.200.202406191456/tools/bin/../lib/gcc/arm-none-eabi/12.3.1/thumb/v7e-m+fp/hard/crti.o
 .ARM.attributes
                0x00000022       0x34 /Applications/STM32CubeIDE.app/Contents/Eclipse/plugins/com.st.stm32cube.ide.mcu.externaltools.gnu-tools-for-stm32.12.3.rel1.macos64_1.0.200.202406191456/tools/bin/../lib/gcc/arm-none-eabi/12.3.1/thumb/v7e-m+fp/hard/crtbegin.o
 .ARM.attributes
                0x00000056       0x34 ./Core/Src/adc.o
 .ARM.attributes
                0x0000008a       0x34 ./Core/Src/dma.o
 .ARM.attributes
                0x000000be       0x34 ./Core/Src/gpio.o
 .ARM.attributes
                0x000000f2       0x34 ./Core/Src/i2c.o
 .ARM.attributes
                0x00000126       0x34 ./Core/Src/main.o
 .ARM.attributes
                0x0000015a       0x34 ./Core/Src/rtc.o
 .ARM.attributes
                0x0000018e       0x34 ./Core/Src/sdio.o
 .ARM.attributes
                0x000001c2       0x34 ./Core/Src/spi.o
 .ARM.attributes
                0x000001f6       0x34 ./Core/Src/stm32f4xx_hal_msp.o
 .ARM.attributes
                0x0000022a       0x34 ./Core/Src/stm32f4xx_it.o
 .ARM.attributes
                0x0000025e       0x34 ./Core/Src/system_stm32f4xx.o
 .ARM.attributes
                0x00000292       0x34 ./Core/Src/tim.o
 .ARM.attributes
                0x000002c6       0x34 ./Core/Src/usart.o
 .ARM.attributes
                0x000002fa       0x21 ./Core/Startup/startup_stm32f401rctx.o
 .ARM.attributes
                0x0000031b       0x34 ./Drivers/STM32F4xx_HAL_Driver/Src/stm32f4xx_hal.o
 .ARM.attributes
                0x0000034f       0x34 ./Drivers/STM32F4xx_HAL_Driver/Src/stm32f4xx_hal_adc.o
 .ARM.attributes
                0x00000383       0x34 ./Drivers/STM32F4xx_HAL_Driver/Src/stm32f4xx_hal_cortex.o
 .ARM.attributes
                0x000003b7       0x34 ./Drivers/STM32F4xx_HAL_Driver/Src/stm32f4xx_hal_dma.o
 .ARM.attributes
                0x000003eb       0x34 ./Drivers/STM32F4xx_HAL_Driver/Src/stm32f4xx_hal_gpio.o
 .ARM.attributes
                0x0000041f       0x34 ./Drivers/STM32F4xx_HAL_Driver/Src/stm32f4xx_hal_i2c.o
 .ARM.attributes
                0x00000453       0x34 ./Drivers/STM32F4xx_HAL_Driver/Src/stm32f4xx_hal_pcd.o
 .ARM.attributes
                0x00000487       0x34 ./Drivers/STM32F4xx_HAL_Driver/Src/stm32f4xx_hal_pcd_ex.o
 .ARM.attributes
                0x000004bb       0x34 ./Drivers/STM32F4xx_HAL_Driver/Src/stm32f4xx_hal_rcc.o
 .ARM.attributes
                0x000004ef       0x34 ./Drivers/STM32F4xx_HAL_Driver/Src/stm32f4xx_hal_rcc_ex.o
 .ARM.attributes
                0x00000523       0x34 ./Drivers/STM32F4xx_HAL_Driver/Src/stm32f4xx_hal_rtc.o
 .ARM.attributes
                0x00000557       0x34 ./Drivers/STM32F4xx_HAL_Driver/Src/stm32f4xx_hal_rtc_ex.o
 .ARM.attributes
                0x0000058b       0x34 ./Drivers/STM32F4xx_HAL_Driver/Src/stm32f4xx_hal_sd.o
 .ARM.attributes
                0x000005bf       0x34 ./Drivers/STM32F4xx_HAL_Driver/Src/stm32f4xx_hal_spi.o
 .ARM.attributes
                0x000005f3       0x34 ./Drivers/STM32F4xx_HAL_Driver/Src/stm32f4xx_hal_tim.o
 .ARM.attributes
                0x00000627       0x34 ./Drivers/STM32F4xx_HAL_Driver/Src/stm32f4xx_hal_tim_ex.o
 .ARM.attributes
                0x0000065b       0x34 ./Drivers/STM32F4xx_HAL_Driver/Src/stm32f4xx_hal_uart.o
 .ARM.attributes
                0x0000068f       0x34 ./Drivers/STM32F4xx_HAL_Driver/Src/stm32f4xx_ll_sdmmc.o
 .ARM.attributes
                0x000006c3       0x34 ./Drivers/STM32F4xx_HAL_Driver/Src/stm32f4xx_ll_usb.o
 .ARM.attributes
                0x000006f7       0x34 ./FATFS/App/fatfs.o
 .ARM.attributes
                0x0000072b       0x34 ./FATFS/Target/bsp_driver_sd.o
 .ARM.attributes
                0x0000075f       0x34 ./FATFS/Target/fatfs_platform.o
 .ARM.attributes
                0x00000793       0x34 ./FATFS/Target/sd_diskio.o
 .ARM.attributes
                0x000007c7       0x34 ./Middlewares/ST/STM32_USB_Device_Library/Class/CDC/Src/usbd_cdc.o
 .ARM.attributes
                0x000007fb       0x34 ./Middlewares/ST/STM32_USB_Device_Library/Core/Src/usbd_core.o
 .ARM.attributes
                0x0000082f       0x34 ./Middlewares/ST/STM32_USB_Device_Library/Core/Src/usbd_ctlreq.o
 .ARM.attributes
                0x00000863       0x34 ./Middlewares/ST/STM32_USB_Device_Library/Core/Src/usbd_ioreq.o
 .ARM.attributes
                0x00000897       0x34 ./Middlewares/Third_Party/FatFs/src/ff_gen_drv.o
 .ARM.attributes
                0x000008cb       0x34 ./USB_DEVICE/App/usb_device.o
 .ARM.attributes
                0x000008ff       0x34 ./USB_DEVICE/App/usbd_cdc_if.o
 .ARM.attributes
                0x00000933       0x34 ./USB_DEVICE/App/usbd_desc.o
 .ARM.attributes
                0x00000967       0x34 ./USB_DEVICE/Target/usbd_conf.o
 .ARM.attributes
                0x0000099b       0x34 /Applications/STM32CubeIDE.app/Contents/Eclipse/plugins/com.st.stm32cube.ide.mcu.externaltools.gnu-tools-for-stm32.12.3.rel1.macos64_1.0.200.202406191456/tools/bin/../lib/gcc/arm-none-eabi/12.3.1/../../../../arm-none-eabi/lib/thumb/v7e-m+fp/hard/libc_nano.a(libc_a-memset.o)
 .ARM.attributes
                0x000009cf       0x34 /Applications/STM32CubeIDE.app/Contents/Eclipse/plugins/com.st.stm32cube.ide.mcu.externaltools.gnu-tools-for-stm32.12.3.rel1.macos64_1.0.200.202406191456/tools/bin/../lib/gcc/arm-none-eabi/12.3.1/../../../../arm-none-eabi/lib/thumb/v7e-m+fp/hard/libc_nano.a(libc_a-init.o)
 .ARM.attributes
                0x00000a03       0x17 /Applications/STM32CubeIDE.app/Contents/Eclipse/plugins/com.st.stm32cube.ide.mcu.externaltools.gnu-tools-for-stm32.12.3.rel1.macos64_1.0.200.202406191456/tools/bin/../lib/gcc/arm-none-eabi/12.3.1/../../../../arm-none-eabi/lib/thumb/v7e-m+fp/hard/libc_nano.a(libc_a-strlen.o)
 .ARM.attributes
                0x00000a1a       0x22 /Applications/STM32CubeIDE.app/Contents/Eclipse/plugins/com.st.stm32cube.ide.mcu.externaltools.gnu-tools-for-stm32.12.3.rel1.macos64_1.0.200.202406191456/tools/bin/../lib/gcc/arm-none-eabi/12.3.1/thumb/v7e-m+fp/hard/libgcc.a(_aeabi_uldivmod.o)
 .ARM.attributes
                0x00000a3c       0x34 /Applications/STM32CubeIDE.app/Contents/Eclipse/plugins/com.st.stm32cube.ide.mcu.externaltools.gnu-tools-for-stm32.12.3.rel1.macos64_1.0.200.202406191456/tools/bin/../lib/gcc/arm-none-eabi/12.3.1/thumb/v7e-m+fp/hard/libgcc.a(_udivmoddi4.o)
 .ARM.attributes
                0x00000a70       0x22 /Applications/STM32CubeIDE.app/Contents/Eclipse/plugins/com.st.stm32cube.ide.mcu.externaltools.gnu-tools-for-stm32.12.3.rel1.macos64_1.0.200.202406191456/tools/bin/../lib/gcc/arm-none-eabi/12.3.1/thumb/v7e-m+fp/hard/libgcc.a(_dvmd_tls.o)
 .ARM.attributes
                0x00000a92       0x22 /Applications/STM32CubeIDE.app/Contents/Eclipse/plugins/com.st.stm32cube.ide.mcu.externaltools.gnu-tools-for-stm32.12.3.rel1.macos64_1.0.200.202406191456/tools/bin/../lib/gcc/arm-none-eabi/12.3.1/thumb/v7e-m+fp/hard/crtn.o
OUTPUT(Firmware-Horus.elf elf32-littlearm)
LOAD linker stubs
LOAD /Applications/STM32CubeIDE.app/Contents/Eclipse/plugins/com.st.stm32cube.ide.mcu.externaltools.gnu-tools-for-stm32.12.3.rel1.macos64_1.0.200.202406191456/tools/bin/../lib/gcc/arm-none-eabi/12.3.1/../../../../arm-none-eabi/lib/thumb/v7e-m+fp/hard/libc.a
LOAD /Applications/STM32CubeIDE.app/Contents/Eclipse/plugins/com.st.stm32cube.ide.mcu.externaltools.gnu-tools-for-stm32.12.3.rel1.macos64_1.0.200.202406191456/tools/bin/../lib/gcc/arm-none-eabi/12.3.1/../../../../arm-none-eabi/lib/thumb/v7e-m+fp/hard/libm.a
LOAD /Applications/STM32CubeIDE.app/Contents/Eclipse/plugins/com.st.stm32cube.ide.mcu.externaltools.gnu-tools-for-stm32.12.3.rel1.macos64_1.0.200.202406191456/tools/bin/../lib/gcc/arm-none-eabi/12.3.1/thumb/v7e-m+fp/hard/libgcc.a

.comment        0x00000000       0x43
 .comment       0x00000000       0x43 ./Core/Src/adc.o
                                 0x44 (size before relaxing)
 .comment       0x00000043       0x44 ./Core/Src/dma.o
 .comment       0x00000043       0x44 ./Core/Src/gpio.o
 .comment       0x00000043       0x44 ./Core/Src/i2c.o
 .comment       0x00000043       0x44 ./Core/Src/main.o
 .comment       0x00000043       0x44 ./Core/Src/rtc.o
 .comment       0x00000043       0x44 ./Core/Src/sdio.o
 .comment       0x00000043       0x44 ./Core/Src/spi.o
 .comment       0x00000043       0x44 ./Core/Src/stm32f4xx_hal_msp.o
 .comment       0x00000043       0x44 ./Core/Src/stm32f4xx_it.o
 .comment       0x00000043       0x44 ./Core/Src/system_stm32f4xx.o
 .comment       0x00000043       0x44 ./Core/Src/tim.o
 .comment       0x00000043       0x44 ./Core/Src/usart.o
 .comment       0x00000043       0x44 ./Drivers/STM32F4xx_HAL_Driver/Src/stm32f4xx_hal.o
 .comment       0x00000043       0x44 ./Drivers/STM32F4xx_HAL_Driver/Src/stm32f4xx_hal_adc.o
 .comment       0x00000043       0x44 ./Drivers/STM32F4xx_HAL_Driver/Src/stm32f4xx_hal_cortex.o
 .comment       0x00000043       0x44 ./Drivers/STM32F4xx_HAL_Driver/Src/stm32f4xx_hal_dma.o
 .comment       0x00000043       0x44 ./Drivers/STM32F4xx_HAL_Driver/Src/stm32f4xx_hal_gpio.o
 .comment       0x00000043       0x44 ./Drivers/STM32F4xx_HAL_Driver/Src/stm32f4xx_hal_i2c.o
 .comment       0x00000043       0x44 ./Drivers/STM32F4xx_HAL_Driver/Src/stm32f4xx_hal_pcd.o
 .comment       0x00000043       0x44 ./Drivers/STM32F4xx_HAL_Driver/Src/stm32f4xx_hal_pcd_ex.o
 .comment       0x00000043       0x44 ./Drivers/STM32F4xx_HAL_Driver/Src/stm32f4xx_hal_rcc.o
 .comment       0x00000043       0x44 ./Drivers/STM32F4xx_HAL_Driver/Src/stm32f4xx_hal_rcc_ex.o
 .comment       0x00000043       0x44 ./Drivers/STM32F4xx_HAL_Driver/Src/stm32f4xx_hal_rtc.o
 .comment       0x00000043       0x44 ./Drivers/STM32F4xx_HAL_Driver/Src/stm32f4xx_hal_rtc_ex.o
 .comment       0x00000043       0x44 ./Drivers/STM32F4xx_HAL_Driver/Src/stm32f4xx_hal_sd.o
 .comment       0x00000043       0x44 ./Drivers/STM32F4xx_HAL_Driver/Src/stm32f4xx_hal_spi.o
 .comment       0x00000043       0x44 ./Drivers/STM32F4xx_HAL_Driver/Src/stm32f4xx_hal_tim.o
 .comment       0x00000043       0x44 ./Drivers/STM32F4xx_HAL_Driver/Src/stm32f4xx_hal_tim_ex.o
 .comment       0x00000043       0x44 ./Drivers/STM32F4xx_HAL_Driver/Src/stm32f4xx_hal_uart.o
 .comment       0x00000043       0x44 ./Drivers/STM32F4xx_HAL_Driver/Src/stm32f4xx_ll_sdmmc.o
 .comment       0x00000043       0x44 ./Drivers/STM32F4xx_HAL_Driver/Src/stm32f4xx_ll_usb.o
 .comment       0x00000043       0x44 ./FATFS/App/fatfs.o
 .comment       0x00000043       0x44 ./FATFS/Target/bsp_driver_sd.o
 .comment       0x00000043       0x44 ./FATFS/Target/fatfs_platform.o
 .comment       0x00000043       0x44 ./FATFS/Target/sd_diskio.o
 .comment       0x00000043       0x44 ./Middlewares/ST/STM32_USB_Device_Library/Class/CDC/Src/usbd_cdc.o
 .comment       0x00000043       0x44 ./Middlewares/ST/STM32_USB_Device_Library/Core/Src/usbd_core.o
 .comment       0x00000043       0x44 ./Middlewares/ST/STM32_USB_Device_Library/Core/Src/usbd_ctlreq.o
 .comment       0x00000043       0x44 ./Middlewares/ST/STM32_USB_Device_Library/Core/Src/usbd_ioreq.o
 .comment       0x00000043       0x44 ./Middlewares/Third_Party/FatFs/src/ff_gen_drv.o
 .comment       0x00000043       0x44 ./USB_DEVICE/App/usb_device.o
 .comment       0x00000043       0x44 ./USB_DEVICE/App/usbd_cdc_if.o
 .comment       0x00000043       0x44 ./USB_DEVICE/App/usbd_desc.o
 .comment       0x00000043       0x44 ./USB_DEVICE/Target/usbd_conf.o

.debug_frame    0x00000000       0xac
 .debug_frame   0x00000000       0x20 /Applications/STM32CubeIDE.app/Contents/Eclipse/plugins/com.st.stm32cube.ide.mcu.externaltools.gnu-tools-for-stm32.12.3.rel1.macos64_1.0.200.202406191456/tools/bin/../lib/gcc/arm-none-eabi/12.3.1/../../../../arm-none-eabi/lib/thumb/v7e-m+fp/hard/libc_nano.a(libc_a-memset.o)
 .debug_frame   0x00000020       0x2c /Applications/STM32CubeIDE.app/Contents/Eclipse/plugins/com.st.stm32cube.ide.mcu.externaltools.gnu-tools-for-stm32.12.3.rel1.macos64_1.0.200.202406191456/tools/bin/../lib/gcc/arm-none-eabi/12.3.1/../../../../arm-none-eabi/lib/thumb/v7e-m+fp/hard/libc_nano.a(libc_a-init.o)
 .debug_frame   0x0000004c       0x2c /Applications/STM32CubeIDE.app/Contents/Eclipse/plugins/com.st.stm32cube.ide.mcu.externaltools.gnu-tools-for-stm32.12.3.rel1.macos64_1.0.200.202406191456/tools/bin/../lib/gcc/arm-none-eabi/12.3.1/thumb/v7e-m+fp/hard/libgcc.a(_aeabi_uldivmod.o)
 .debug_frame   0x00000078       0x34 /Applications/STM32CubeIDE.app/Contents/Eclipse/plugins/com.st.stm32cube.ide.mcu.externaltools.gnu-tools-for-stm32.12.3.rel1.macos64_1.0.200.202406191456/tools/bin/../lib/gcc/arm-none-eabi/12.3.1/thumb/v7e-m+fp/hard/libgcc.a(_udivmoddi4.o)