../Core/Src/stm32f4xx_it.c:79:6:NMI_Handler	8	static
../Core/Src/stm32f4xx_it.c:95:6:HardFault_Handler	0	static
../Core/Src/stm32f4xx_it.c:110:6:MemManage_Handler	0	static
../Core/Src/stm32f4xx_it.c:125:6:BusFault_Handler	0	static
../Core/Src/stm32f4xx_it.c:140:6:UsageFault_Handler	0	static
../Core/Src/stm32f4xx_it.c:155:6:SVC_Handler	0	static
../Core/Src/stm32f4xx_it.c:168:6:DebugMon_Handler	0	static
../Core/Src/stm32f4xx_it.c:181:6:PendSV_Handler	0	static
../Core/Src/stm32f4xx_it.c:194:6:SysTick_Handler	0	static
../Core/Src/stm32f4xx_it.c:215:6:TIM1_UP_TIM10_IRQHandler	0	static
../Core/Src/stm32f4xx_it.c:229:6:TIM1_TRG_COM_TIM11_IRQHandler	0	static
../Core/Src/stm32f4xx_it.c:243:6:TIM2_IRQHandler	0	static
../Core/Src/stm32f4xx_it.c:257:6:TIM3_IRQHandler	0	static
../Core/Src/stm32f4xx_it.c:271:6:SPI1_IRQHandler	0	static
../Core/Src/stm32f4xx_it.c:285:6:USART1_IRQHandler	0	static
../Core/Src/stm32f4xx_it.c:299:6:SDIO_IRQHandler	0	static
../Core/Src/stm32f4xx_it.c:313:6:DMA2_Stream3_IRQHandler	0	static
../Core/Src/stm32f4xx_it.c:327:6:OTG_FS_IRQHandler	0	static
../Core/Src/stm32f4xx_it.c:341:6:DMA2_Stream6_IRQHandler	0	static
../Core/Src/stm32f4xx_it.c:355:6:USART6_IRQHandler	0	static
